<?xml version="1.0" encoding="UTF-8"?>
<testsuites name="jest tests" tests="198" failures="110" errors="0" time="55.072">
  <testsuite name="EditorContent" errors="0" failures="5" skipped="0" timestamp="2025-07-23T23:39:13" time="13.295" tests="12">
    <testcase classname="EditorContent Rendering renders document content correctly" name="EditorContent Rendering renders document content correctly" time="0.319">
    </testcase>
    <testcase classname="EditorContent Rendering renders multi-paragraph document correctly" name="EditorContent Rendering renders multi-paragraph document correctly" time="0.117">
    </testcase>
    <testcase classname="EditorContent Key Events handles Enter key press" name="EditorContent Key Events handles Enter key press" time="1.08">
      <failure>Error: expect(jest.fn()).toHaveBeenCalled()

Expected number of calls: &gt;= 1
Received number of calls:    0
    at toHaveBeenCalled (D:\BlogPro\client\src\plugins\texteditor\__tests__\EditorContent.test.tsx:186:34)
    at Generator.call (D:\BlogPro\client\src\plugins\texteditor\__tests__\EditorContent.test.tsx:2:1)
    at Generator._invoke [as next] (D:\BlogPro\client\src\plugins\texteditor\__tests__\EditorContent.test.tsx:2:1)
    at asyncGeneratorStep (D:\BlogPro\client\src\plugins\texteditor\__tests__\EditorContent.test.tsx:2:1)
    at asyncGeneratorStep (D:\BlogPro\client\src\plugins\texteditor\__tests__\EditorContent.test.tsx:2:1)</failure>
    </testcase>
    <testcase classname="EditorContent Key Events handles Backspace key press" name="EditorContent Key Events handles Backspace key press" time="0.484">
      <failure>Error: expect(jest.fn()).toHaveBeenCalled()

Expected number of calls: &gt;= 1
Received number of calls:    0
    at toHaveBeenCalled (D:\BlogPro\client\src\plugins\texteditor\__tests__\EditorContent.test.tsx:220:30)
    at Generator.call (D:\BlogPro\client\src\plugins\texteditor\__tests__\EditorContent.test.tsx:2:1)
    at Generator._invoke [as next] (D:\BlogPro\client\src\plugins\texteditor\__tests__\EditorContent.test.tsx:2:1)
    at asyncGeneratorStep (D:\BlogPro\client\src\plugins\texteditor\__tests__\EditorContent.test.tsx:2:1)
    at asyncGeneratorStep (D:\BlogPro\client\src\plugins\texteditor\__tests__\EditorContent.test.tsx:2:1)</failure>
    </testcase>
    <testcase classname="EditorContent Key Events handles beforeInput event for paragraph insertion" name="EditorContent Key Events handles beforeInput event for paragraph insertion" time="0.205">
    </testcase>
    <testcase classname="EditorContent Input Handling handles paste events" name="EditorContent Input Handling handles paste events" time="0.02">
    </testcase>
    <testcase classname="EditorContent Input Handling handles paste events with HTML content" name="EditorContent Input Handling handles paste events with HTML content" time="0.009">
    </testcase>
    <testcase classname="EditorContent Input Handling handles text input events" name="EditorContent Input Handling handles text input events" time="0.112">
      <failure>Error: expect(jest.fn()).toHaveBeenCalledWith(...expected)

Expected: &quot;Hello World&quot;

Number of calls: 0
    at Object.toHaveBeenCalledWith (D:\BlogPro\client\src\plugins\texteditor\__tests__\EditorContent.test.tsx:355:30)
    at Promise.finally.completed (C:\Users\New\AppData\Local\npm-cache\_npx\b8d86e6551a4f492\node_modules\jest-circus\build\jestAdapterInit.js:1559:28)
    at new Promise (&lt;anonymous&gt;)
    at callAsyncCircusFn (C:\Users\New\AppData\Local\npm-cache\_npx\b8d86e6551a4f492\node_modules\jest-circus\build\jestAdapterInit.js:1499:10)
    at _callCircusTest (C:\Users\New\AppData\Local\npm-cache\_npx\b8d86e6551a4f492\node_modules\jest-circus\build\jestAdapterInit.js:1009:40)
    at _runTest (C:\Users\New\AppData\Local\npm-cache\_npx\b8d86e6551a4f492\node_modules\jest-circus\build\jestAdapterInit.js:949:3)
    at _runTestsForDescribeBlock (C:\Users\New\AppData\Local\npm-cache\_npx\b8d86e6551a4f492\node_modules\jest-circus\build\jestAdapterInit.js:839:13)
    at _runTestsForDescribeBlock (C:\Users\New\AppData\Local\npm-cache\_npx\b8d86e6551a4f492\node_modules\jest-circus\build\jestAdapterInit.js:829:11)
    at _runTestsForDescribeBlock (C:\Users\New\AppData\Local\npm-cache\_npx\b8d86e6551a4f492\node_modules\jest-circus\build\jestAdapterInit.js:829:11)
    at run (C:\Users\New\AppData\Local\npm-cache\_npx\b8d86e6551a4f492\node_modules\jest-circus\build\jestAdapterInit.js:757:3)
    at runAndTransformResultsToJestFormat (C:\Users\New\AppData\Local\npm-cache\_npx\b8d86e6551a4f492\node_modules\jest-circus\build\jestAdapterInit.js:1920:21)
    at jestAdapter (C:\Users\New\AppData\Local\npm-cache\_npx\b8d86e6551a4f492\node_modules\jest-circus\build\runner.js:101:19)
    at runTestInternal (C:\Users\New\AppData\Local\npm-cache\_npx\b8d86e6551a4f492\node_modules\jest-runner\build\testWorker.js:275:16)
    at runTest (C:\Users\New\AppData\Local\npm-cache\_npx\b8d86e6551a4f492\node_modules\jest-runner\build\testWorker.js:343:7)
    at Object.worker (C:\Users\New\AppData\Local\npm-cache\_npx\b8d86e6551a4f492\node_modules\jest-runner\build\testWorker.js:497:12)</failure>
    </testcase>
    <testcase classname="EditorContent Input Handling handles IME input for Asian languages" name="EditorContent Input Handling handles IME input for Asian languages" time="0.031">
    </testcase>
    <testcase classname="EditorContent Input Handling handles IME input for Japanese characters" name="EditorContent Input Handling handles IME input for Japanese characters" time="0.097">
    </testcase>
    <testcase classname="EditorContent Selection Handling handles selection changes" name="EditorContent Selection Handling handles selection changes" time="0.025">
      <failure>Error: expect(jest.fn()).toHaveBeenCalled()

Expected number of calls: &gt;= 1
Received number of calls:    0
    at Object.toHaveBeenCalled (D:\BlogPro\client\src\plugins\texteditor\__tests__\EditorContent.test.tsx:456:41)
    at Promise.finally.completed (C:\Users\New\AppData\Local\npm-cache\_npx\b8d86e6551a4f492\node_modules\jest-circus\build\jestAdapterInit.js:1559:28)
    at new Promise (&lt;anonymous&gt;)
    at callAsyncCircusFn (C:\Users\New\AppData\Local\npm-cache\_npx\b8d86e6551a4f492\node_modules\jest-circus\build\jestAdapterInit.js:1499:10)
    at _callCircusTest (C:\Users\New\AppData\Local\npm-cache\_npx\b8d86e6551a4f492\node_modules\jest-circus\build\jestAdapterInit.js:1009:40)
    at _runTest (C:\Users\New\AppData\Local\npm-cache\_npx\b8d86e6551a4f492\node_modules\jest-circus\build\jestAdapterInit.js:949:3)
    at _runTestsForDescribeBlock (C:\Users\New\AppData\Local\npm-cache\_npx\b8d86e6551a4f492\node_modules\jest-circus\build\jestAdapterInit.js:839:13)
    at _runTestsForDescribeBlock (C:\Users\New\AppData\Local\npm-cache\_npx\b8d86e6551a4f492\node_modules\jest-circus\build\jestAdapterInit.js:829:11)
    at _runTestsForDescribeBlock (C:\Users\New\AppData\Local\npm-cache\_npx\b8d86e6551a4f492\node_modules\jest-circus\build\jestAdapterInit.js:829:11)
    at run (C:\Users\New\AppData\Local\npm-cache\_npx\b8d86e6551a4f492\node_modules\jest-circus\build\jestAdapterInit.js:757:3)
    at runAndTransformResultsToJestFormat (C:\Users\New\AppData\Local\npm-cache\_npx\b8d86e6551a4f492\node_modules\jest-circus\build\jestAdapterInit.js:1920:21)
    at jestAdapter (C:\Users\New\AppData\Local\npm-cache\_npx\b8d86e6551a4f492\node_modules\jest-circus\build\runner.js:101:19)
    at runTestInternal (C:\Users\New\AppData\Local\npm-cache\_npx\b8d86e6551a4f492\node_modules\jest-runner\build\testWorker.js:275:16)
    at runTest (C:\Users\New\AppData\Local\npm-cache\_npx\b8d86e6551a4f492\node_modules\jest-runner\build\testWorker.js:343:7)
    at Object.worker (C:\Users\New\AppData\Local\npm-cache\_npx\b8d86e6551a4f492\node_modules\jest-runner\build\testWorker.js:497:12)</failure>
    </testcase>
    <testcase classname="EditorContent Selection Handling handles selection across paragraphs" name="EditorContent Selection Handling handles selection across paragraphs" time="0.006">
      <failure>Error: expect(jest.fn()).toHaveBeenCalled()

Expected number of calls: &gt;= 1
Received number of calls:    0
    at Object.toHaveBeenCalled (D:\BlogPro\client\src\plugins\texteditor\__tests__\EditorContent.test.tsx:487:41)
    at Promise.finally.completed (C:\Users\New\AppData\Local\npm-cache\_npx\b8d86e6551a4f492\node_modules\jest-circus\build\jestAdapterInit.js:1559:28)
    at new Promise (&lt;anonymous&gt;)
    at callAsyncCircusFn (C:\Users\New\AppData\Local\npm-cache\_npx\b8d86e6551a4f492\node_modules\jest-circus\build\jestAdapterInit.js:1499:10)
    at _callCircusTest (C:\Users\New\AppData\Local\npm-cache\_npx\b8d86e6551a4f492\node_modules\jest-circus\build\jestAdapterInit.js:1009:40)
    at _runTest (C:\Users\New\AppData\Local\npm-cache\_npx\b8d86e6551a4f492\node_modules\jest-circus\build\jestAdapterInit.js:949:3)
    at _runTestsForDescribeBlock (C:\Users\New\AppData\Local\npm-cache\_npx\b8d86e6551a4f492\node_modules\jest-circus\build\jestAdapterInit.js:839:13)
    at _runTestsForDescribeBlock (C:\Users\New\AppData\Local\npm-cache\_npx\b8d86e6551a4f492\node_modules\jest-circus\build\jestAdapterInit.js:829:11)
    at _runTestsForDescribeBlock (C:\Users\New\AppData\Local\npm-cache\_npx\b8d86e6551a4f492\node_modules\jest-circus\build\jestAdapterInit.js:829:11)
    at run (C:\Users\New\AppData\Local\npm-cache\_npx\b8d86e6551a4f492\node_modules\jest-circus\build\jestAdapterInit.js:757:3)
    at runAndTransformResultsToJestFormat (C:\Users\New\AppData\Local\npm-cache\_npx\b8d86e6551a4f492\node_modules\jest-circus\build\jestAdapterInit.js:1920:21)
    at jestAdapter (C:\Users\New\AppData\Local\npm-cache\_npx\b8d86e6551a4f492\node_modules\jest-circus\build\runner.js:101:19)
    at runTestInternal (C:\Users\New\AppData\Local\npm-cache\_npx\b8d86e6551a4f492\node_modules\jest-runner\build\testWorker.js:275:16)
    at runTest (C:\Users\New\AppData\Local\npm-cache\_npx\b8d86e6551a4f492\node_modules\jest-runner\build\testWorker.js:343:7)
    at Object.worker (C:\Users\New\AppData\Local\npm-cache\_npx\b8d86e6551a4f492\node_modules\jest-runner\build\testWorker.js:497:12)</failure>
    </testcase>
  </testsuite>
  <testsuite name="UI Component Snapshots" errors="0" failures="2" skipped="0" timestamp="2025-07-23T23:39:13" time="18.099" tests="17">
    <testcase classname="UI Component Snapshots TextEditor snapshot" name="UI Component Snapshots TextEditor snapshot" time="1.169">
    </testcase>
    <testcase classname="UI Component Snapshots EditorToolbar snapshot" name="UI Component Snapshots EditorToolbar snapshot" time="0.144">
    </testcase>
    <testcase classname="UI Component Snapshots FormattingToolbar snapshot" name="UI Component Snapshots FormattingToolbar snapshot" time="0.018">
    </testcase>
    <testcase classname="UI Component Snapshots EditorHeader snapshot" name="UI Component Snapshots EditorHeader snapshot" time="0.162">
    </testcase>
    <testcase classname="UI Component Snapshots EditorStatusBar snapshot" name="UI Component Snapshots EditorStatusBar snapshot" time="0.018">
    </testcase>
    <testcase classname="UI Component Snapshots EditorSidebar snapshot" name="UI Component Snapshots EditorSidebar snapshot" time="0.012">
    </testcase>
    <testcase classname="UI Component Snapshots CommentPanel snapshot" name="UI Component Snapshots CommentPanel snapshot" time="0.281">
    </testcase>
    <testcase classname="UI Component Snapshots RevisionHistoryPanel snapshot" name="UI Component Snapshots RevisionHistoryPanel snapshot" time="0.05">
    </testcase>
    <testcase classname="UI Component Snapshots OptimizedTextEditor snapshot" name="UI Component Snapshots OptimizedTextEditor snapshot" time="0.387">
    </testcase>
    <testcase classname="UI Component Snapshots CommentableTextEditor snapshot" name="UI Component Snapshots CommentableTextEditor snapshot" time="0.501">
      <failure>Error: expect(received).toMatchSnapshot()

Snapshot name: `UI Component Snapshots CommentableTextEditor snapshot 1`

- Snapshot  - 1
+ Received  + 5

@@ -655,11 +655,15 @@
          &lt;div&gt;
            &lt;div
              class=&quot;undefined  &quot;
              style=&quot;background-color: rgb(255, 0, 0);&quot;
              title=&quot;Comment by User 1&quot;
-           /&gt;
+           &gt;
+             &lt;div&gt;
+               1
+             &lt;/div&gt;
+           &lt;/div&gt;
            &lt;div
              class=&quot;undefined  &quot;
              style=&quot;top: 0px; height: 24px; left: 0px; right: 0px; background-color: rgba(255, 0, 0, 0.125);&quot;
            /&gt;
          &lt;/div&gt;
    at Object.toMatchSnapshot (D:\BlogPro\client\src\plugins\texteditor\__tests__\SnapshotTests.test.tsx:367:23)
    at Promise.finally.completed (C:\Users\New\AppData\Local\npm-cache\_npx\b8d86e6551a4f492\node_modules\jest-circus\build\jestAdapterInit.js:1559:28)
    at new Promise (&lt;anonymous&gt;)
    at callAsyncCircusFn (C:\Users\New\AppData\Local\npm-cache\_npx\b8d86e6551a4f492\node_modules\jest-circus\build\jestAdapterInit.js:1499:10)
    at _callCircusTest (C:\Users\New\AppData\Local\npm-cache\_npx\b8d86e6551a4f492\node_modules\jest-circus\build\jestAdapterInit.js:1009:40)
    at processTicksAndRejections (node:internal/process/task_queues:95:5)
    at _runTest (C:\Users\New\AppData\Local\npm-cache\_npx\b8d86e6551a4f492\node_modules\jest-circus\build\jestAdapterInit.js:949:3)
    at _runTestsForDescribeBlock (C:\Users\New\AppData\Local\npm-cache\_npx\b8d86e6551a4f492\node_modules\jest-circus\build\jestAdapterInit.js:839:13)
    at _runTestsForDescribeBlock (C:\Users\New\AppData\Local\npm-cache\_npx\b8d86e6551a4f492\node_modules\jest-circus\build\jestAdapterInit.js:829:11)
    at run (C:\Users\New\AppData\Local\npm-cache\_npx\b8d86e6551a4f492\node_modules\jest-circus\build\jestAdapterInit.js:757:3)
    at runAndTransformResultsToJestFormat (C:\Users\New\AppData\Local\npm-cache\_npx\b8d86e6551a4f492\node_modules\jest-circus\build\jestAdapterInit.js:1920:21)
    at jestAdapter (C:\Users\New\AppData\Local\npm-cache\_npx\b8d86e6551a4f492\node_modules\jest-circus\build\runner.js:101:19)
    at runTestInternal (C:\Users\New\AppData\Local\npm-cache\_npx\b8d86e6551a4f492\node_modules\jest-runner\build\testWorker.js:275:16)
    at runTest (C:\Users\New\AppData\Local\npm-cache\_npx\b8d86e6551a4f492\node_modules\jest-runner\build\testWorker.js:343:7)
    at Object.worker (C:\Users\New\AppData\Local\npm-cache\_npx\b8d86e6551a4f492\node_modules\jest-runner\build\testWorker.js:497:12)</failure>
    </testcase>
    <testcase classname="UI Component Snapshots VersionedTextEditor snapshot" name="UI Component Snapshots VersionedTextEditor snapshot" time="0.156">
    </testcase>
    <testcase classname="UI Component Snapshots ComprehensiveTextEditor snapshot" name="UI Component Snapshots ComprehensiveTextEditor snapshot" time="0.431">
      <failure>Error: expect(received).toMatchSnapshot()

Snapshot name: `UI Component Snapshots ComprehensiveTextEditor snapshot 1`

- Snapshot  - 1
+ Received  + 5

@@ -670,11 +670,15 @@
          &lt;div&gt;
            &lt;div
              class=&quot;undefined  &quot;
              style=&quot;background-color: rgb(255, 0, 0);&quot;
              title=&quot;Comment by User 1&quot;
-           /&gt;
+           &gt;
+             &lt;div&gt;
+               1
+             &lt;/div&gt;
+           &lt;/div&gt;
            &lt;div
              class=&quot;undefined  &quot;
              style=&quot;top: 0px; height: 24px; left: 0px; right: 0px; background-color: rgba(255, 0, 0, 0.125);&quot;
            /&gt;
          &lt;/div&gt;
    at Object.toMatchSnapshot (D:\BlogPro\client\src\plugins\texteditor\__tests__\SnapshotTests.test.tsx:392:23)
    at Promise.finally.completed (C:\Users\New\AppData\Local\npm-cache\_npx\b8d86e6551a4f492\node_modules\jest-circus\build\jestAdapterInit.js:1559:28)
    at new Promise (&lt;anonymous&gt;)
    at callAsyncCircusFn (C:\Users\New\AppData\Local\npm-cache\_npx\b8d86e6551a4f492\node_modules\jest-circus\build\jestAdapterInit.js:1499:10)
    at _callCircusTest (C:\Users\New\AppData\Local\npm-cache\_npx\b8d86e6551a4f492\node_modules\jest-circus\build\jestAdapterInit.js:1009:40)
    at processTicksAndRejections (node:internal/process/task_queues:95:5)
    at _runTest (C:\Users\New\AppData\Local\npm-cache\_npx\b8d86e6551a4f492\node_modules\jest-circus\build\jestAdapterInit.js:949:3)
    at _runTestsForDescribeBlock (C:\Users\New\AppData\Local\npm-cache\_npx\b8d86e6551a4f492\node_modules\jest-circus\build\jestAdapterInit.js:839:13)
    at _runTestsForDescribeBlock (C:\Users\New\AppData\Local\npm-cache\_npx\b8d86e6551a4f492\node_modules\jest-circus\build\jestAdapterInit.js:829:11)
    at run (C:\Users\New\AppData\Local\npm-cache\_npx\b8d86e6551a4f492\node_modules\jest-circus\build\jestAdapterInit.js:757:3)
    at runAndTransformResultsToJestFormat (C:\Users\New\AppData\Local\npm-cache\_npx\b8d86e6551a4f492\node_modules\jest-circus\build\jestAdapterInit.js:1920:21)
    at jestAdapter (C:\Users\New\AppData\Local\npm-cache\_npx\b8d86e6551a4f492\node_modules\jest-circus\build\runner.js:101:19)
    at runTestInternal (C:\Users\New\AppData\Local\npm-cache\_npx\b8d86e6551a4f492\node_modules\jest-runner\build\testWorker.js:275:16)
    at runTest (C:\Users\New\AppData\Local\npm-cache\_npx\b8d86e6551a4f492\node_modules\jest-runner\build\testWorker.js:343:7)
    at Object.worker (C:\Users\New\AppData\Local\npm-cache\_npx\b8d86e6551a4f492\node_modules\jest-runner\build\testWorker.js:497:12)</failure>
    </testcase>
    <testcase classname="UI Component Snapshots EditorToolbar with active formats snapshot" name="UI Component Snapshots EditorToolbar with active formats snapshot" time="0.095">
    </testcase>
    <testcase classname="UI Component Snapshots EditorHeader with modified state snapshot" name="UI Component Snapshots EditorHeader with modified state snapshot" time="0.013">
    </testcase>
    <testcase classname="UI Component Snapshots EditorStatusBar with selection snapshot" name="UI Component Snapshots EditorStatusBar with selection snapshot" time="0.041">
    </testcase>
    <testcase classname="UI Component Snapshots CommentPanel with active comment snapshot" name="UI Component Snapshots CommentPanel with active comment snapshot" time="0.016">
    </testcase>
    <testcase classname="UI Component Snapshots RevisionHistoryPanel with viewing revision snapshot" name="UI Component Snapshots RevisionHistoryPanel with viewing revision snapshot" time="0.008">
    </testcase>
  </testsuite>
  <testsuite name="OptimizedTextEditor" errors="0" failures="6" skipped="0" timestamp="2025-07-23T23:39:13" time="18.988" tests="6">
    <testcase classname="OptimizedTextEditor renders with initial content" name="OptimizedTextEditor renders with initial content" time="1.774">
      <failure>TestingLibraryElementError: Unable to find an element with the text: Hello world. This could be because the text is broken up by multiple elements. In this case, you can provide a function for your text matcher to make your matcher more flexible.

Ignored nodes: comments, script, style
&lt;body&gt;
  &lt;div&gt;
    &lt;div
      class=&quot;undefined &quot;
    &gt;
      &lt;div
        class=&quot;undefined &quot;
      &gt;
        &lt;div&gt;
          &lt;button
            aria-pressed=&quot;false&quot;
            class=&quot;undefined  &quot;
            title=&quot;Bold&quot;
            type=&quot;button&quot;
          &gt;
            &lt;strong&gt;
              B
            &lt;/strong&gt;
          &lt;/button&gt;
          &lt;button
            aria-pressed=&quot;false&quot;
            class=&quot;undefined  &quot;
            title=&quot;Italic&quot;
            type=&quot;button&quot;
          &gt;
            &lt;em&gt;
              I
            &lt;/em&gt;
          &lt;/button&gt;
          &lt;button
            aria-pressed=&quot;false&quot;
            class=&quot;undefined  &quot;
            title=&quot;Underline&quot;
            type=&quot;button&quot;
          &gt;
            &lt;u&gt;
              U
            &lt;/u&gt;
          &lt;/button&gt;
          &lt;button
            aria-pressed=&quot;false&quot;
            class=&quot;undefined  &quot;
            title=&quot;Strikethrough&quot;
            type=&quot;button&quot;
          &gt;
            &lt;s&gt;
              S
            &lt;/s&gt;
          &lt;/button&gt;
        &lt;/div&gt;
        &lt;div&gt;
          &lt;select
            title=&quot;Font size&quot;
          &gt;
            &lt;option
              value=&quot;8px&quot;
            &gt;
              8px
            &lt;/option&gt;
            &lt;option
              value=&quot;9px&quot;
            &gt;
              9px
            &lt;/option&gt;
            &lt;option
              value=&quot;10px&quot;
            &gt;
              10px
            &lt;/option&gt;
            &lt;option
              value=&quot;11px&quot;
            &gt;
              11px
            &lt;/option&gt;
            &lt;option
              value=&quot;12px&quot;
            &gt;
              12px
            &lt;/option&gt;
            &lt;option
              value=&quot;14px&quot;
            &gt;
              14px
            &lt;/option&gt;
            &lt;option
              value=&quot;16px&quot;
            &gt;
              16px
            &lt;/option&gt;
            &lt;option
              value=&quot;18px&quot;
            &gt;
              18px
            &lt;/option&gt;
            &lt;option
              value=&quot;20px&quot;
            &gt;
              20px
            &lt;/option&gt;
            &lt;option
              value=&quot;24px&quot;
            &gt;
              24px
            &lt;/option&gt;
            &lt;option
              value=&quot;30px&quot;
            &gt;
              30px
            &lt;/option&gt;
            &lt;option
              value=&quot;36px&quot;
            &gt;
              36px
            &lt;/option&gt;
            &lt;option
              value=&quot;48px&quot;
            &gt;
              48px
            &lt;/option&gt;
            &lt;option
              value=&quot;60px&quot;
            &gt;
              60px
            &lt;/option&gt;
            &lt;option
              value=&quot;72px&quot;
            &gt;
              72px
            &lt;/option&gt;
          &lt;/select&gt;
          &lt;select
            title=&quot;Font family&quot;
          &gt;
            &lt;option
              value=&quot;Arial&quot;
            &gt;
              Arial
            &lt;/option&gt;
            &lt;option
              value=&quot;Calibri&quot;
            &gt;
              Calibri
            &lt;/option&gt;
            &lt;option
              value=&quot;Comic Sans MS&quot;
            &gt;
              Comic Sans MS
            &lt;/option&gt;
            &lt;option
              value=&quot;Courier New&quot;
            &gt;
              Courier New
            &lt;/option&gt;
            &lt;option
              value=&quot;Georgia&quot;
            &gt;
              Georgia
            &lt;/option&gt;
            &lt;option
              value=&quot;Helvetica&quot;
            &gt;
              Helvetica
            &lt;/option&gt;
            &lt;option
              value=&quot;Times New Roman&quot;
            &gt;
              Times New Roman
            &lt;/option&gt;
            &lt;option
              value=&quot;Trebuchet MS&quot;
            &gt;
              Trebuchet MS
            &lt;/option&gt;
            &lt;option
              value=&quot;Verdana&quot;
            &gt;
              Verdana
            &lt;/option&gt;
          &lt;/select&gt;
        &lt;/div&gt;
        &lt;div&gt;
          &lt;div&gt;
            &lt;button
              class=&quot;undefined  &quot;
              title=&quot;Text color&quot;
              type=&quot;button&quot;
            &gt;
              A
              &lt;div
                style=&quot;background-color: rgb(0, 0, 0);&quot;
              /&gt;
            &lt;/button&gt;
          &lt;/div&gt;
          &lt;div&gt;
            &lt;button
              class=&quot;undefined  &quot;
              title=&quot;Highlight color&quot;
              type=&quot;button&quot;
            &gt;
              &lt;span
                style=&quot;background-color: transparent; padding: 0px 4px;&quot;
              &gt;
                A
              &lt;/span&gt;
            &lt;/button&gt;
          &lt;/div&gt;
        &lt;/div&gt;
        &lt;div&gt;
          &lt;button
            aria-pressed=&quot;true&quot;
            class=&quot;undefined undefined &quot;
            title=&quot;Align left&quot;
            type=&quot;button&quot;
          &gt;
            ⟮
          &lt;/button&gt;
          &lt;button
            aria-pressed=&quot;false&quot;
            class=&quot;undefined  &quot;
            title=&quot;Align center&quot;
            type=&quot;button&quot;
          &gt;
            ≡
          &lt;/button&gt;
          &lt;button
            aria-pressed=&quot;false&quot;
            class=&quot;undefined  &quot;
            title=&quot;Align right&quot;
            type=&quot;button&quot;
          &gt;
            ⟯
          &lt;/button&gt;
          &lt;button
            aria-pressed=&quot;false&quot;
            class=&quot;undefined  &quot;
            title=&quot;Justify&quot;
            type=&quot;button&quot;
          &gt;
            ≡
          &lt;/button&gt;
        &lt;/div&gt;
        &lt;div&gt;
          &lt;button
            aria-pressed=&quot;false&quot;
            class=&quot;undefined  &quot;
            title=&quot;Bullet list&quot;
            type=&quot;button&quot;
          &gt;
            •
          &lt;/button&gt;
          &lt;button
            aria-pressed=&quot;false&quot;
            class=&quot;undefined  &quot;
            title=&quot;Numbered list&quot;
            type=&quot;button&quot;
          &gt;
            1.
          &lt;/button&gt;
          &lt;button
            class=&quot;undefined  &quot;
            title=&quot;Indent&quot;
            type=&quot;button&quot;
          &gt;
            →
          &lt;/button&gt;
          &lt;button
            class=&quot;undefined  &quot;
            title=&quot;Outdent&quot;
            type=&quot;button&quot;
          &gt;
            ←
          &lt;/button&gt;
        &lt;/div&gt;
        &lt;div&gt;
          &lt;button
            class=&quot;undefined  &quot;
            title=&quot;Insert link&quot;
            type=&quot;button&quot;
          &gt;
            🔗
          &lt;/button&gt;
          &lt;button
            class=&quot;undefined  &quot;
            title=&quot;Insert image&quot;
            type=&quot;button&quot;
          &gt;
            🖼️
          &lt;/button&gt;
          &lt;button
            class=&quot;undefined  &quot;
            title=&quot;Insert table&quot;
            type=&quot;button&quot;
          &gt;
            📊
          &lt;/button&gt;
        &lt;/div&gt;
        &lt;div&gt;
          &lt;button
            class=&quot;undefined  &quot;
            title=&quot;Undo&quot;
            type=&quot;button&quot;
          &gt;
            ↩️
          &lt;/button&gt;
          &lt;button
            class=&quot;undefined  &quot;
            title=&quot;Redo&quot;
            type=&quot;button&quot;
          &gt;
            ↪️
          &lt;/button&gt;
        &lt;/div&gt;
        &lt;div&gt;
          &lt;button
            class=&quot;undefined  &quot;
            title=&quot;Clear formatting&quot;
            type=&quot;button&quot;
          &gt;
            Tx
          &lt;/button&gt;
        &lt;/div&gt;
      &lt;/div&gt;
      &lt;div
        tabindex=&quot;0&quot;
      &gt;
        &lt;div
          class=&quot;undefined &quot;
        &gt;
          &lt;div
            style=&quot;position: relative; height: 500px; width: 100%; overflow: auto; -webkit-overflow-scrolling: touch; will-change: transform; direction: ltr;&quot;
          &gt;
            &lt;div
              style=&quot;height: 24px; width: 100%;&quot;
            &gt;
              &lt;div
                style=&quot;position: absolute; left: 0px; top: 0px; height: 24px; width: 100%;&quot;
              &gt;
                &lt;p
                  class=&quot;undefined &quot;
                  data-paragraph-index=&quot;0&quot;
                  style=&quot;text-align: left;&quot;
                &gt;
                  &lt;span
                    data-char-index=&quot;0&quot;
                  &gt;
                    H
                     
                  &lt;/span&gt;
                  &lt;span
                    data-char-index=&quot;1&quot;
                  &gt;
                    e
                     
                  &lt;/span&gt;
                  &lt;span
                    data-char-index=&quot;2&quot;
                  &gt;
                    l
                     
                  &lt;/span&gt;
                  &lt;span
                    data-char-index=&quot;3&quot;
                  &gt;
                    l
                     
                  &lt;/span&gt;
                  &lt;span
                    data-char-index=&quot;4&quot;
                  &gt;
                    o
                     
                  &lt;/span&gt;
                  &lt;span
                    data-char-index=&quot;5&quot;
                  &gt;
                     
                     
                  &lt;/span&gt;
                  &lt;span
                    data-char-index=&quot;6&quot;
                  &gt;
                    w
                     
                  &lt;/span&gt;
                  &lt;span
                    data-char-index=&quot;7&quot;
                  &gt;
                    o
                     
                  &lt;/span&gt;
                  &lt;span
                    data-char-index=&quot;8&quot;
                  &gt;
                    r
                     
                  &lt;/span&gt;
                  &lt;span
                    data-char-index=&quot;9&quot;
                  &gt;
                    l
                     
                  &lt;/span&gt;
                  &lt;span
                    data-char-index=&quot;10&quot;
                  &gt;
                    d
                     
                  &lt;/span&gt;
                &lt;/p&gt;
              &lt;/div&gt;
            &lt;/div&gt;
          &lt;/div&gt;
        &lt;/div&gt;
      &lt;/div&gt;
      &lt;div&gt;
        &lt;div&gt;
          &lt;div&gt;
            &lt;div&gt;
              &lt;svg
                aria-hidden=&quot;true&quot;
                class=&quot;lucide lucide-mouse-pointer&quot;
                fill=&quot;none&quot;
                height=&quot;14&quot;
                stroke=&quot;currentColor&quot;
                stroke-linecap=&quot;round&quot;
                stroke-linejoin=&quot;round&quot;
                stroke-width=&quot;2&quot;
                viewBox=&quot;0 0 24 24&quot;
                width=&quot;14&quot;
                xmlns=&quot;http://www.w3.org/2000/svg&quot;
              &gt;
                &lt;path
                  d=&quot;M12.586 12.586 19 19&quot;
                /&gt;
                &lt;path
                  d=&quot;M3.688 3.037a.497.497 0 0 0-.651.651l6.5 15.999a.501.501 0 0 0 .947-.062l1.569-6.083a2 2 0 0 1 1.448-1.479l6.124-1.579a.5.5 0 0 0 .063-.947z&quot;
                /&gt;
              &lt;/svg&gt;
              &lt;span&gt;
                Line 
                1
                , Column 
                1
              &lt;/span&gt;
            &lt;/div&gt;
          &lt;/div&gt;
          &lt;div&gt;
            &lt;div&gt;
              &lt;svg
                aria-hidden=&quot;true&quot;
                class=&quot;lucide lucide-file-text&quot;
                fill=&quot;none&quot;
                height=&quot;14&quot;
                stroke=&quot;currentColor&quot;
                stroke-linecap=&quot;round&quot;
                stroke-linejoin=&quot;round&quot;
                stroke-width=&quot;2&quot;
                viewBox=&quot;0 0 24 24&quot;
                width=&quot;14&quot;
                xmlns=&quot;http://www.w3.org/2000/svg&quot;
              &gt;
                &lt;path
                  d=&quot;M15 2H6a2 2 0 0 0-2 2v16a2 2 0 0 0 2 2h12a2 2 0 0 0 2-2V7Z&quot;
                /&gt;
                &lt;path
                  d=&quot;M14 2v4a2 2 0 0 0 2 2h4&quot;
                /&gt;
                &lt;path
                  d=&quot;M10 9H8&quot;
                /&gt;
                &lt;path
                  d=&quot;M16 13H8&quot;
                /&gt;
                &lt;path
                  d=&quot;M16 17H8&quot;
                /&gt;
              &lt;/svg&gt;
              &lt;span&gt;
                Characters: 
                11
                 | Words: 
                2
                 | Paragraphs: 
                1
                 | Reading time: 
                1 min
              &lt;/span&gt;
            &lt;/div&gt;
            &lt;div&gt;
              &lt;svg
                aria-hidden=&quot;true&quot;
                class=&quot;lucide lucide-code&quot;
                fill=&quot;none&quot;
                height=&quot;14&quot;
                stroke=&quot;currentColor&quot;
                stroke-linecap=&quot;round&quot;
                stroke-linejoin=&quot;round&quot;
                stroke-width=&quot;2&quot;
                viewBox=&quot;0 0 24 24&quot;
                width=&quot;14&quot;
                xmlns=&quot;http://www.w3.org/2000/svg&quot;
              &gt;
                &lt;path
                  d=&quot;m16 18 6-6-6-6&quot;
                /&gt;
                &lt;path
                  d=&quot;m8 6-6 6 6 6&quot;
                /&gt;
              &lt;/svg&gt;
              &lt;span&gt;
                UTF-8
              &lt;/span&gt;
            &lt;/div&gt;
          &lt;/div&gt;
        &lt;/div&gt;
      &lt;/div&gt;
    &lt;/div&gt;
  &lt;/div&gt;
&lt;/body&gt;
    at Object.getElementError (D:\BlogPro\node_modules\@testing-library\dom\dist\config.js:37:19)
    at D:\BlogPro\node_modules\@testing-library\dom\dist\query-helpers.js:76:38
    at D:\BlogPro\node_modules\@testing-library\dom\dist\query-helpers.js:52:17
    at D:\BlogPro\node_modules\@testing-library\dom\dist\query-helpers.js:95:19
    at Object.getByText (D:\BlogPro\client\src\plugins\texteditor\__tests__\OptimizedTextEditor.test.tsx:20:19)
    at Promise.finally.completed (C:\Users\New\AppData\Local\npm-cache\_npx\b8d86e6551a4f492\node_modules\jest-circus\build\jestAdapterInit.js:1559:28)
    at new Promise (&lt;anonymous&gt;)
    at callAsyncCircusFn (C:\Users\New\AppData\Local\npm-cache\_npx\b8d86e6551a4f492\node_modules\jest-circus\build\jestAdapterInit.js:1499:10)
    at _callCircusTest (C:\Users\New\AppData\Local\npm-cache\_npx\b8d86e6551a4f492\node_modules\jest-circus\build\jestAdapterInit.js:1009:40)
    at processTicksAndRejections (node:internal/process/task_queues:95:5)
    at _runTest (C:\Users\New\AppData\Local\npm-cache\_npx\b8d86e6551a4f492\node_modules\jest-circus\build\jestAdapterInit.js:949:3)
    at _runTestsForDescribeBlock (C:\Users\New\AppData\Local\npm-cache\_npx\b8d86e6551a4f492\node_modules\jest-circus\build\jestAdapterInit.js:839:13)
    at _runTestsForDescribeBlock (C:\Users\New\AppData\Local\npm-cache\_npx\b8d86e6551a4f492\node_modules\jest-circus\build\jestAdapterInit.js:829:11)
    at run (C:\Users\New\AppData\Local\npm-cache\_npx\b8d86e6551a4f492\node_modules\jest-circus\build\jestAdapterInit.js:757:3)
    at runAndTransformResultsToJestFormat (C:\Users\New\AppData\Local\npm-cache\_npx\b8d86e6551a4f492\node_modules\jest-circus\build\jestAdapterInit.js:1920:21)
    at jestAdapter (C:\Users\New\AppData\Local\npm-cache\_npx\b8d86e6551a4f492\node_modules\jest-circus\build\runner.js:101:19)
    at runTestInternal (C:\Users\New\AppData\Local\npm-cache\_npx\b8d86e6551a4f492\node_modules\jest-runner\build\testWorker.js:275:16)
    at runTest (C:\Users\New\AppData\Local\npm-cache\_npx\b8d86e6551a4f492\node_modules\jest-runner\build\testWorker.js:343:7)
    at Object.worker (C:\Users\New\AppData\Local\npm-cache\_npx\b8d86e6551a4f492\node_modules\jest-runner\build\testWorker.js:497:12)</failure>
    </testcase>
    <testcase classname="OptimizedTextEditor calls onContentChange when content changes" name="OptimizedTextEditor calls onContentChange when content changes" time="3">
      <failure>TestingLibraryElementError: Unable to find an accessible element with the role &quot;textbox&quot;

Here are the accessible roles:

  button:

  Name &quot;B&quot;:
  &lt;button
    aria-pressed=&quot;false&quot;
    class=&quot;undefined  &quot;
    title=&quot;Bold&quot;
    type=&quot;button&quot;
  /&gt;

  Name &quot;I&quot;:
  &lt;button
    aria-pressed=&quot;false&quot;
    class=&quot;undefined  &quot;
    title=&quot;Italic&quot;
    type=&quot;button&quot;
  /&gt;

  Name &quot;U&quot;:
  &lt;button
    aria-pressed=&quot;false&quot;
    class=&quot;undefined  &quot;
    title=&quot;Underline&quot;
    type=&quot;button&quot;
  /&gt;

  Name &quot;S&quot;:
  &lt;button
    aria-pressed=&quot;false&quot;
    class=&quot;undefined  &quot;
    title=&quot;Strikethrough&quot;
    type=&quot;button&quot;
  /&gt;

  Name &quot;A&quot;:
  &lt;button
    class=&quot;undefined  &quot;
    title=&quot;Text color&quot;
    type=&quot;button&quot;
  /&gt;

  Name &quot;A&quot;:
  &lt;button
    class=&quot;undefined  &quot;
    title=&quot;Highlight color&quot;
    type=&quot;button&quot;
  /&gt;

  Name &quot;⟮&quot;:
  &lt;button
    aria-pressed=&quot;true&quot;
    class=&quot;undefined undefined &quot;
    title=&quot;Align left&quot;
    type=&quot;button&quot;
  /&gt;

  Name &quot;≡&quot;:
  &lt;button
    aria-pressed=&quot;false&quot;
    class=&quot;undefined  &quot;
    title=&quot;Align center&quot;
    type=&quot;button&quot;
  /&gt;

  Name &quot;⟯&quot;:
  &lt;button
    aria-pressed=&quot;false&quot;
    class=&quot;undefined  &quot;
    title=&quot;Align right&quot;
    type=&quot;button&quot;
  /&gt;

  Name &quot;≡&quot;:
  &lt;button
    aria-pressed=&quot;false&quot;
    class=&quot;undefined  &quot;
    title=&quot;Justify&quot;
    type=&quot;button&quot;
  /&gt;

  Name &quot;•&quot;:
  &lt;button
    aria-pressed=&quot;false&quot;
    class=&quot;undefined  &quot;
    title=&quot;Bullet list&quot;
    type=&quot;button&quot;
  /&gt;

  Name &quot;1.&quot;:
  &lt;button
    aria-pressed=&quot;false&quot;
    class=&quot;undefined  &quot;
    title=&quot;Numbered list&quot;
    type=&quot;button&quot;
  /&gt;

  Name &quot;→&quot;:
  &lt;button
    class=&quot;undefined  &quot;
    title=&quot;Indent&quot;
    type=&quot;button&quot;
  /&gt;

  Name &quot;←&quot;:
  &lt;button
    class=&quot;undefined  &quot;
    title=&quot;Outdent&quot;
    type=&quot;button&quot;
  /&gt;

  Name &quot;🔗&quot;:
  &lt;button
    class=&quot;undefined  &quot;
    title=&quot;Insert link&quot;
    type=&quot;button&quot;
  /&gt;

  Name &quot;🖼️&quot;:
  &lt;button
    class=&quot;undefined  &quot;
    title=&quot;Insert image&quot;
    type=&quot;button&quot;
  /&gt;

  Name &quot;📊&quot;:
  &lt;button
    class=&quot;undefined  &quot;
    title=&quot;Insert table&quot;
    type=&quot;button&quot;
  /&gt;

  Name &quot;↩️&quot;:
  &lt;button
    class=&quot;undefined  &quot;
    title=&quot;Undo&quot;
    type=&quot;button&quot;
  /&gt;

  Name &quot;↪️&quot;:
  &lt;button
    class=&quot;undefined  &quot;
    title=&quot;Redo&quot;
    type=&quot;button&quot;
  /&gt;

  Name &quot;Tx&quot;:
  &lt;button
    class=&quot;undefined  &quot;
    title=&quot;Clear formatting&quot;
    type=&quot;button&quot;
  /&gt;

  --------------------------------------------------
  strong:

  Name &quot;&quot;:
  &lt;strong /&gt;

  --------------------------------------------------
  emphasis:

  Name &quot;&quot;:
  &lt;em /&gt;

  --------------------------------------------------
  combobox:

  Name &quot;Font size&quot;:
  &lt;select
    title=&quot;Font size&quot;
  /&gt;

  Name &quot;Font family&quot;:
  &lt;select
    title=&quot;Font family&quot;
  /&gt;

  --------------------------------------------------
  option:

  Name &quot;8px&quot;:
  &lt;option
    value=&quot;8px&quot;
  /&gt;

  Name &quot;9px&quot;:
  &lt;option
    value=&quot;9px&quot;
  /&gt;

  Name &quot;10px&quot;:
  &lt;option
    value=&quot;10px&quot;
  /&gt;

  Name &quot;11px&quot;:
  &lt;option
    value=&quot;11px&quot;
  /&gt;

  Name &quot;12px&quot;:
  &lt;option
    value=&quot;12px&quot;
  /&gt;

  Name &quot;14px&quot;:
  &lt;option
    value=&quot;14px&quot;
  /&gt;

  Name &quot;16px&quot;:
  &lt;option
    value=&quot;16px&quot;
  /&gt;

  Name &quot;18px&quot;:
  &lt;option
    value=&quot;18px&quot;
  /&gt;

  Name &quot;20px&quot;:
  &lt;option
    value=&quot;20px&quot;
  /&gt;

  Name &quot;24px&quot;:
  &lt;option
    value=&quot;24px&quot;
  /&gt;

  Name &quot;30px&quot;:
  &lt;option
    value=&quot;30px&quot;
  /&gt;

  Name &quot;36px&quot;:
  &lt;option
    value=&quot;36px&quot;
  /&gt;

  Name &quot;48px&quot;:
  &lt;option
    value=&quot;48px&quot;
  /&gt;

  Name &quot;60px&quot;:
  &lt;option
    value=&quot;60px&quot;
  /&gt;

  Name &quot;72px&quot;:
  &lt;option
    value=&quot;72px&quot;
  /&gt;

  Name &quot;Arial&quot;:
  &lt;option
    value=&quot;Arial&quot;
  /&gt;

  Name &quot;Calibri&quot;:
  &lt;option
    value=&quot;Calibri&quot;
  /&gt;

  Name &quot;Comic Sans MS&quot;:
  &lt;option
    value=&quot;Comic Sans MS&quot;
  /&gt;

  Name &quot;Courier New&quot;:
  &lt;option
    value=&quot;Courier New&quot;
  /&gt;

  Name &quot;Georgia&quot;:
  &lt;option
    value=&quot;Georgia&quot;
  /&gt;

  Name &quot;Helvetica&quot;:
  &lt;option
    value=&quot;Helvetica&quot;
  /&gt;

  Name &quot;Times New Roman&quot;:
  &lt;option
    value=&quot;Times New Roman&quot;
  /&gt;

  Name &quot;Trebuchet MS&quot;:
  &lt;option
    value=&quot;Trebuchet MS&quot;
  /&gt;

  Name &quot;Verdana&quot;:
  &lt;option
    value=&quot;Verdana&quot;
  /&gt;

  --------------------------------------------------
  paragraph:

  Name &quot;&quot;:
  &lt;p
    class=&quot;undefined &quot;
    data-paragraph-index=&quot;0&quot;
    style=&quot;text-align: left;&quot;
  /&gt;

  --------------------------------------------------

Ignored nodes: comments, script, style
&lt;body&gt;
  &lt;div&gt;
    &lt;div
      class=&quot;undefined &quot;
    &gt;
      &lt;div
        class=&quot;undefined &quot;
      &gt;
        &lt;div&gt;
          &lt;button
            aria-pressed=&quot;false&quot;
            class=&quot;undefined  &quot;
            title=&quot;Bold&quot;
            type=&quot;button&quot;
          &gt;
            &lt;strong&gt;
              B
            &lt;/strong&gt;
          &lt;/button&gt;
          &lt;button
            aria-pressed=&quot;false&quot;
            class=&quot;undefined  &quot;
            title=&quot;Italic&quot;
            type=&quot;button&quot;
          &gt;
            &lt;em&gt;
              I
            &lt;/em&gt;
          &lt;/button&gt;
          &lt;button
            aria-pressed=&quot;false&quot;
            class=&quot;undefined  &quot;
            title=&quot;Underline&quot;
            type=&quot;button&quot;
          &gt;
            &lt;u&gt;
              U
            &lt;/u&gt;
          &lt;/button&gt;
          &lt;button
            aria-pressed=&quot;false&quot;
            class=&quot;undefined  &quot;
            title=&quot;Strikethrough&quot;
            type=&quot;button&quot;
          &gt;
            &lt;s&gt;
              S
            &lt;/s&gt;
          &lt;/button&gt;
        &lt;/div&gt;
        &lt;div&gt;
          &lt;select
            title=&quot;Font size&quot;
          &gt;
            &lt;option
              value=&quot;8px&quot;
            &gt;
              8px
            &lt;/option&gt;
            &lt;option
              value=&quot;9px&quot;
            &gt;
              9px
            &lt;/option&gt;
            &lt;option
              value=&quot;10px&quot;
            &gt;
              10px
            &lt;/option&gt;
            &lt;option
              value=&quot;11px&quot;
            &gt;
              11px
            &lt;/option&gt;
            &lt;option
              value=&quot;12px&quot;
            &gt;
              12px
            &lt;/option&gt;
            &lt;option
              value=&quot;14px&quot;
            &gt;
              14px
            &lt;/option&gt;
            &lt;option
              value=&quot;16px&quot;
            &gt;
              16px
            &lt;/option&gt;
            &lt;option
              value=&quot;18px&quot;
            &gt;
              18px
            &lt;/option&gt;
            &lt;option
              value=&quot;20px&quot;
            &gt;
              20px
            &lt;/option&gt;
            &lt;option
              value=&quot;24px&quot;
            &gt;
              24px
            &lt;/option&gt;
            &lt;option
              value=&quot;30px&quot;
            &gt;
              30px
            &lt;/option&gt;
            &lt;option
              value=&quot;36px&quot;
            &gt;
              36px
            &lt;/option&gt;
            &lt;option
              value=&quot;48px&quot;
            &gt;
              48px
            &lt;/option&gt;
            &lt;option
              value=&quot;60px&quot;
            &gt;
              60px
            &lt;/option&gt;
            &lt;option
              value=&quot;72px&quot;
            &gt;
              72px
            &lt;/option&gt;
          &lt;/select&gt;
          &lt;select
            title=&quot;Font family&quot;
          &gt;
            &lt;option
              value=&quot;Arial&quot;
            &gt;
              Arial
            &lt;/option&gt;
            &lt;option
              value=&quot;Calibri&quot;
            &gt;
              Calibri
            &lt;/option&gt;
            &lt;option
              value=&quot;Comic Sans MS&quot;
            &gt;
              Comic Sans MS
            &lt;/option&gt;
            &lt;option
              value=&quot;Courier New&quot;
            &gt;
              Courier New
            &lt;/option&gt;
            &lt;option
              value=&quot;Georgia&quot;
            &gt;
              Georgia
            &lt;/option&gt;
            &lt;option
              value=&quot;Helvetica&quot;
            &gt;
              Helvetica
            &lt;/option&gt;
            &lt;option
              value=&quot;Times New Roman&quot;
            &gt;
              Times New Roman
            &lt;/option&gt;
            &lt;option
              value=&quot;Trebuchet MS&quot;
            &gt;
              Trebuchet MS
            &lt;/option&gt;
            &lt;option
              value=&quot;Verdana&quot;
            &gt;
              Verdana
            &lt;/option&gt;
          &lt;/select&gt;
        &lt;/div&gt;
        &lt;div&gt;
          &lt;div&gt;
            &lt;button
              class=&quot;undefined  &quot;
              title=&quot;Text color&quot;
              type=&quot;button&quot;
            &gt;
              A
              &lt;div
                style=&quot;background-color: rgb(0, 0, 0);&quot;
              /&gt;
            &lt;/button&gt;
          &lt;/div&gt;
          &lt;div&gt;
            &lt;button
              class=&quot;undefined  &quot;
              title=&quot;Highlight color&quot;
              type=&quot;button&quot;
            &gt;
              &lt;span
                style=&quot;background-color: transparent; padding: 0px 4px;&quot;
              &gt;
                A
              &lt;/span&gt;
            &lt;/button&gt;
          &lt;/div&gt;
        &lt;/div&gt;
        &lt;div&gt;
          &lt;button
            aria-pressed=&quot;true&quot;
            class=&quot;undefined undefined &quot;
            title=&quot;Align left&quot;
            type=&quot;button&quot;
          &gt;
            ⟮
          &lt;/button&gt;
          &lt;button
            aria-pressed=&quot;false&quot;
            class=&quot;undefined  &quot;
            title=&quot;Align center&quot;
            type=&quot;button&quot;
          &gt;
            ≡
          &lt;/button&gt;
          &lt;button
            aria-pressed=&quot;false&quot;
            class=&quot;undefined  &quot;
            title=&quot;Align right&quot;
            type=&quot;button&quot;
          &gt;
            ⟯
          &lt;/button&gt;
          &lt;button
            aria-pressed=&quot;false&quot;
            class=&quot;undefined  &quot;
            title=&quot;Justify&quot;
            type=&quot;button&quot;
          &gt;
            ≡
          &lt;/button&gt;
        &lt;/div&gt;
        &lt;div&gt;
          &lt;button
            aria-pressed=&quot;false&quot;
            class=&quot;undefined  &quot;
            title=&quot;Bullet list&quot;
            type=&quot;button&quot;
          &gt;
            •
          &lt;/button&gt;
          &lt;button
            aria-pressed=&quot;false&quot;
            class=&quot;undefined  &quot;
            title=&quot;Numbered list&quot;
            type=&quot;button&quot;
          &gt;
            1.
          &lt;/button&gt;
          &lt;button
            class=&quot;undefined  &quot;
            title=&quot;Indent&quot;
            type=&quot;button&quot;
          &gt;
            →
          &lt;/button&gt;
          &lt;button
            class=&quot;undefined  &quot;
            title=&quot;Outdent&quot;
            type=&quot;button&quot;
          &gt;
            ←
          &lt;/button&gt;
        &lt;/div&gt;
        &lt;div&gt;
          &lt;button
            class=&quot;undefined  &quot;
            title=&quot;Insert link&quot;
            type=&quot;button&quot;
          &gt;
            🔗
          &lt;/button&gt;
          &lt;button
            class=&quot;undefined  &quot;
            title=&quot;Insert image&quot;
            type=&quot;button&quot;
          &gt;
            🖼️
          &lt;/button&gt;
          &lt;button
            class=&quot;undefined  &quot;
            title=&quot;Insert table&quot;
            type=&quot;button&quot;
          &gt;
            📊
          &lt;/button&gt;
        &lt;/div&gt;
        &lt;div&gt;
          &lt;button
            class=&quot;undefined  &quot;
            title=&quot;Undo&quot;
            type=&quot;button&quot;
          &gt;
            ↩️
          &lt;/button&gt;
          &lt;button
            class=&quot;undefined  &quot;
            title=&quot;Redo&quot;
            type=&quot;button&quot;
          &gt;
            ↪️
          &lt;/button&gt;
        &lt;/div&gt;
        &lt;div&gt;
          &lt;button
            class=&quot;undefined  &quot;
            title=&quot;Clear formatting&quot;
            type=&quot;button&quot;
          &gt;
            Tx
          &lt;/button&gt;
        &lt;/div&gt;
      &lt;/div&gt;
      &lt;div
        tabindex=&quot;0&quot;
      &gt;
        &lt;div
          class=&quot;undefined &quot;
        &gt;
          &lt;div
            style=&quot;position: relative; height: 500px; width: 100%; overflow: auto; -webkit-overflow-scrolling: touch; will-change: transform; direction: ltr;&quot;
          &gt;
            &lt;div
              style=&quot;height: 24px; width: 100%;&quot;
            &gt;
              &lt;div
                style=&quot;position: absolute; left: 0px; top: 0px; height: 24px; width: 100%;&quot;
              &gt;
                &lt;p
                  class=&quot;undefined &quot;
                  data-paragraph-index=&quot;0&quot;
                  style=&quot;text-align: left;&quot;
                /&gt;
              &lt;/div&gt;
            &lt;/div&gt;
          &lt;/div&gt;
        &lt;/div&gt;
      &lt;/div&gt;
      &lt;div&gt;
        &lt;div&gt;
          &lt;div&gt;
            &lt;div&gt;
              &lt;svg
                aria-hidden=&quot;true&quot;
                class=&quot;lucide lucide-mouse-pointer&quot;
                fill=&quot;none&quot;
                height=&quot;14&quot;
                stroke=&quot;currentColor&quot;
                stroke-linecap=&quot;round&quot;
                stroke-linejoin=&quot;round&quot;
                stroke-width=&quot;2&quot;
                viewBox=&quot;0 0 24 24&quot;
                width=&quot;14&quot;
                xmlns=&quot;http://www.w3.org/2000/svg&quot;
              &gt;
                &lt;path
                  d=&quot;M12.586 12.586 19 19&quot;
                /&gt;
                &lt;path
                  d=&quot;M3.688 3.037a.497.497 0 0 0-.651.651l6.5 15.999a.501.501 0 0 0 .947-.062l1.569-6.083a2 2 0 0 1 1.448-1.479l6.124-1.579a.5.5 0 0 0 .063-.947z&quot;
                /&gt;
              &lt;/svg&gt;
              &lt;span&gt;
                Line 
                1
                , Column 
                1
              &lt;/span&gt;
            &lt;/div&gt;
          &lt;/div&gt;
          &lt;div&gt;
            &lt;div&gt;
              &lt;svg
                aria-hidden=&quot;true&quot;
                class=&quot;lucide lucide-file-text&quot;
                fill=&quot;none&quot;
                height=&quot;14&quot;
                stroke=&quot;currentColor&quot;
                stroke-linecap=&quot;round&quot;
                stroke-linejoin=&quot;round&quot;
                stroke-width=&quot;2&quot;
                viewBox=&quot;0 0 24 24&quot;
                width=&quot;14&quot;
                xmlns=&quot;http://www.w3.org/2000/svg&quot;
              &gt;
                &lt;path
                  d=&quot;M15 2H6a2 2 0 0 0-2 2v16a2 2 0 0 0 2 2h12a2 2 0 0 0 2-2V7Z&quot;
                /&gt;
                &lt;path
                  d=&quot;M14 2v4a2 2 0 0 0 2 2h4&quot;
                /&gt;
                &lt;path
                  d=&quot;M10 9H8&quot;
                /&gt;
                &lt;path
                  d=&quot;M16 13H8&quot;
                /&gt;
                &lt;path
                  d=&quot;M16 17H8&quot;
                /&gt;
              &lt;/svg&gt;
              &lt;span&gt;
                Characters: 
                0
                 | Words: 
                0
                 | Paragraphs: 
                1
                 | Reading time: 
                1 min
              &lt;/span&gt;
            &lt;/div&gt;
            &lt;div&gt;
              &lt;svg
                aria-hidden=&quot;true&quot;
                class=&quot;lucide lucide-code&quot;
                fill=&quot;none&quot;
                height=&quot;14&quot;
                stroke=&quot;currentColor&quot;
                stroke-linecap=&quot;round&quot;
                stroke-linejoin=&quot;round&quot;
                stroke-width=&quot;2&quot;
                viewBox=&quot;0 0 24 24&quot;
                width=&quot;14&quot;
                xmlns=&quot;http://www.w3.org/2000/svg&quot;
              &gt;
                &lt;path
                  d=&quot;m16 18 6-6-6-6&quot;
                /&gt;
                &lt;path
                  d=&quot;m8 6-6 6 6 6&quot;
                /&gt;
              &lt;/svg&gt;
              &lt;span&gt;
                UTF-8
              &lt;/span&gt;
            &lt;/div&gt;
          &lt;/div&gt;
        &lt;/div&gt;
      &lt;/div&gt;
    &lt;/div&gt;
  &lt;/div&gt;
&lt;/body&gt;
    at Object.getElementError (D:\BlogPro\node_modules\@testing-library\dom\dist\config.js:37:19)
    at D:\BlogPro\node_modules\@testing-library\dom\dist\query-helpers.js:76:38
    at D:\BlogPro\node_modules\@testing-library\dom\dist\query-helpers.js:52:17
    at D:\BlogPro\node_modules\@testing-library\dom\dist\query-helpers.js:95:19
    at Object.getByRole (D:\BlogPro\client\src\plugins\texteditor\__tests__\OptimizedTextEditor.test.tsx:28:27)
    at Promise.finally.completed (C:\Users\New\AppData\Local\npm-cache\_npx\b8d86e6551a4f492\node_modules\jest-circus\build\jestAdapterInit.js:1559:28)
    at new Promise (&lt;anonymous&gt;)
    at callAsyncCircusFn (C:\Users\New\AppData\Local\npm-cache\_npx\b8d86e6551a4f492\node_modules\jest-circus\build\jestAdapterInit.js:1499:10)
    at _callCircusTest (C:\Users\New\AppData\Local\npm-cache\_npx\b8d86e6551a4f492\node_modules\jest-circus\build\jestAdapterInit.js:1009:40)
    at processTicksAndRejections (node:internal/process/task_queues:95:5)
    at _runTest (C:\Users\New\AppData\Local\npm-cache\_npx\b8d86e6551a4f492\node_modules\jest-circus\build\jestAdapterInit.js:949:3)
    at _runTestsForDescribeBlock (C:\Users\New\AppData\Local\npm-cache\_npx\b8d86e6551a4f492\node_modules\jest-circus\build\jestAdapterInit.js:839:13)
    at _runTestsForDescribeBlock (C:\Users\New\AppData\Local\npm-cache\_npx\b8d86e6551a4f492\node_modules\jest-circus\build\jestAdapterInit.js:829:11)
    at run (C:\Users\New\AppData\Local\npm-cache\_npx\b8d86e6551a4f492\node_modules\jest-circus\build\jestAdapterInit.js:757:3)
    at runAndTransformResultsToJestFormat (C:\Users\New\AppData\Local\npm-cache\_npx\b8d86e6551a4f492\node_modules\jest-circus\build\jestAdapterInit.js:1920:21)
    at jestAdapter (C:\Users\New\AppData\Local\npm-cache\_npx\b8d86e6551a4f492\node_modules\jest-circus\build\runner.js:101:19)
    at runTestInternal (C:\Users\New\AppData\Local\npm-cache\_npx\b8d86e6551a4f492\node_modules\jest-runner\build\testWorker.js:275:16)
    at runTest (C:\Users\New\AppData\Local\npm-cache\_npx\b8d86e6551a4f492\node_modules\jest-runner\build\testWorker.js:343:7)
    at Object.worker (C:\Users\New\AppData\Local\npm-cache\_npx\b8d86e6551a4f492\node_modules\jest-runner\build\testWorker.js:497:12)</failure>
    </testcase>
    <testcase classname="OptimizedTextEditor handles keyboard shortcuts" name="OptimizedTextEditor handles keyboard shortcuts" time="1.444">
      <failure>TestingLibraryElementError: Unable to find an accessible element with the role &quot;textbox&quot;

Here are the accessible roles:

  button:

  Name &quot;B&quot;:
  &lt;button
    aria-pressed=&quot;false&quot;
    class=&quot;undefined  &quot;
    title=&quot;Bold&quot;
    type=&quot;button&quot;
  /&gt;

  Name &quot;I&quot;:
  &lt;button
    aria-pressed=&quot;false&quot;
    class=&quot;undefined  &quot;
    title=&quot;Italic&quot;
    type=&quot;button&quot;
  /&gt;

  Name &quot;U&quot;:
  &lt;button
    aria-pressed=&quot;false&quot;
    class=&quot;undefined  &quot;
    title=&quot;Underline&quot;
    type=&quot;button&quot;
  /&gt;

  Name &quot;S&quot;:
  &lt;button
    aria-pressed=&quot;false&quot;
    class=&quot;undefined  &quot;
    title=&quot;Strikethrough&quot;
    type=&quot;button&quot;
  /&gt;

  Name &quot;A&quot;:
  &lt;button
    class=&quot;undefined  &quot;
    title=&quot;Text color&quot;
    type=&quot;button&quot;
  /&gt;

  Name &quot;A&quot;:
  &lt;button
    class=&quot;undefined  &quot;
    title=&quot;Highlight color&quot;
    type=&quot;button&quot;
  /&gt;

  Name &quot;⟮&quot;:
  &lt;button
    aria-pressed=&quot;true&quot;
    class=&quot;undefined undefined &quot;
    title=&quot;Align left&quot;
    type=&quot;button&quot;
  /&gt;

  Name &quot;≡&quot;:
  &lt;button
    aria-pressed=&quot;false&quot;
    class=&quot;undefined  &quot;
    title=&quot;Align center&quot;
    type=&quot;button&quot;
  /&gt;

  Name &quot;⟯&quot;:
  &lt;button
    aria-pressed=&quot;false&quot;
    class=&quot;undefined  &quot;
    title=&quot;Align right&quot;
    type=&quot;button&quot;
  /&gt;

  Name &quot;≡&quot;:
  &lt;button
    aria-pressed=&quot;false&quot;
    class=&quot;undefined  &quot;
    title=&quot;Justify&quot;
    type=&quot;button&quot;
  /&gt;

  Name &quot;•&quot;:
  &lt;button
    aria-pressed=&quot;false&quot;
    class=&quot;undefined  &quot;
    title=&quot;Bullet list&quot;
    type=&quot;button&quot;
  /&gt;

  Name &quot;1.&quot;:
  &lt;button
    aria-pressed=&quot;false&quot;
    class=&quot;undefined  &quot;
    title=&quot;Numbered list&quot;
    type=&quot;button&quot;
  /&gt;

  Name &quot;→&quot;:
  &lt;button
    class=&quot;undefined  &quot;
    title=&quot;Indent&quot;
    type=&quot;button&quot;
  /&gt;

  Name &quot;←&quot;:
  &lt;button
    class=&quot;undefined  &quot;
    title=&quot;Outdent&quot;
    type=&quot;button&quot;
  /&gt;

  Name &quot;🔗&quot;:
  &lt;button
    class=&quot;undefined  &quot;
    title=&quot;Insert link&quot;
    type=&quot;button&quot;
  /&gt;

  Name &quot;🖼️&quot;:
  &lt;button
    class=&quot;undefined  &quot;
    title=&quot;Insert image&quot;
    type=&quot;button&quot;
  /&gt;

  Name &quot;📊&quot;:
  &lt;button
    class=&quot;undefined  &quot;
    title=&quot;Insert table&quot;
    type=&quot;button&quot;
  /&gt;

  Name &quot;↩️&quot;:
  &lt;button
    class=&quot;undefined  &quot;
    title=&quot;Undo&quot;
    type=&quot;button&quot;
  /&gt;

  Name &quot;↪️&quot;:
  &lt;button
    class=&quot;undefined  &quot;
    title=&quot;Redo&quot;
    type=&quot;button&quot;
  /&gt;

  Name &quot;Tx&quot;:
  &lt;button
    class=&quot;undefined  &quot;
    title=&quot;Clear formatting&quot;
    type=&quot;button&quot;
  /&gt;

  --------------------------------------------------
  strong:

  Name &quot;&quot;:
  &lt;strong /&gt;

  --------------------------------------------------
  emphasis:

  Name &quot;&quot;:
  &lt;em /&gt;

  --------------------------------------------------
  combobox:

  Name &quot;Font size&quot;:
  &lt;select
    title=&quot;Font size&quot;
  /&gt;

  Name &quot;Font family&quot;:
  &lt;select
    title=&quot;Font family&quot;
  /&gt;

  --------------------------------------------------
  option:

  Name &quot;8px&quot;:
  &lt;option
    value=&quot;8px&quot;
  /&gt;

  Name &quot;9px&quot;:
  &lt;option
    value=&quot;9px&quot;
  /&gt;

  Name &quot;10px&quot;:
  &lt;option
    value=&quot;10px&quot;
  /&gt;

  Name &quot;11px&quot;:
  &lt;option
    value=&quot;11px&quot;
  /&gt;

  Name &quot;12px&quot;:
  &lt;option
    value=&quot;12px&quot;
  /&gt;

  Name &quot;14px&quot;:
  &lt;option
    value=&quot;14px&quot;
  /&gt;

  Name &quot;16px&quot;:
  &lt;option
    value=&quot;16px&quot;
  /&gt;

  Name &quot;18px&quot;:
  &lt;option
    value=&quot;18px&quot;
  /&gt;

  Name &quot;20px&quot;:
  &lt;option
    value=&quot;20px&quot;
  /&gt;

  Name &quot;24px&quot;:
  &lt;option
    value=&quot;24px&quot;
  /&gt;

  Name &quot;30px&quot;:
  &lt;option
    value=&quot;30px&quot;
  /&gt;

  Name &quot;36px&quot;:
  &lt;option
    value=&quot;36px&quot;
  /&gt;

  Name &quot;48px&quot;:
  &lt;option
    value=&quot;48px&quot;
  /&gt;

  Name &quot;60px&quot;:
  &lt;option
    value=&quot;60px&quot;
  /&gt;

  Name &quot;72px&quot;:
  &lt;option
    value=&quot;72px&quot;
  /&gt;

  Name &quot;Arial&quot;:
  &lt;option
    value=&quot;Arial&quot;
  /&gt;

  Name &quot;Calibri&quot;:
  &lt;option
    value=&quot;Calibri&quot;
  /&gt;

  Name &quot;Comic Sans MS&quot;:
  &lt;option
    value=&quot;Comic Sans MS&quot;
  /&gt;

  Name &quot;Courier New&quot;:
  &lt;option
    value=&quot;Courier New&quot;
  /&gt;

  Name &quot;Georgia&quot;:
  &lt;option
    value=&quot;Georgia&quot;
  /&gt;

  Name &quot;Helvetica&quot;:
  &lt;option
    value=&quot;Helvetica&quot;
  /&gt;

  Name &quot;Times New Roman&quot;:
  &lt;option
    value=&quot;Times New Roman&quot;
  /&gt;

  Name &quot;Trebuchet MS&quot;:
  &lt;option
    value=&quot;Trebuchet MS&quot;
  /&gt;

  Name &quot;Verdana&quot;:
  &lt;option
    value=&quot;Verdana&quot;
  /&gt;

  --------------------------------------------------
  paragraph:

  Name &quot;&quot;:
  &lt;p
    class=&quot;undefined &quot;
    data-paragraph-index=&quot;0&quot;
    style=&quot;text-align: left;&quot;
  /&gt;

  --------------------------------------------------

Ignored nodes: comments, script, style
&lt;body&gt;
  &lt;div&gt;
    &lt;div
      class=&quot;undefined &quot;
    &gt;
      &lt;div
        class=&quot;undefined &quot;
      &gt;
        &lt;div&gt;
          &lt;button
            aria-pressed=&quot;false&quot;
            class=&quot;undefined  &quot;
            title=&quot;Bold&quot;
            type=&quot;button&quot;
          &gt;
            &lt;strong&gt;
              B
            &lt;/strong&gt;
          &lt;/button&gt;
          &lt;button
            aria-pressed=&quot;false&quot;
            class=&quot;undefined  &quot;
            title=&quot;Italic&quot;
            type=&quot;button&quot;
          &gt;
            &lt;em&gt;
              I
            &lt;/em&gt;
          &lt;/button&gt;
          &lt;button
            aria-pressed=&quot;false&quot;
            class=&quot;undefined  &quot;
            title=&quot;Underline&quot;
            type=&quot;button&quot;
          &gt;
            &lt;u&gt;
              U
            &lt;/u&gt;
          &lt;/button&gt;
          &lt;button
            aria-pressed=&quot;false&quot;
            class=&quot;undefined  &quot;
            title=&quot;Strikethrough&quot;
            type=&quot;button&quot;
          &gt;
            &lt;s&gt;
              S
            &lt;/s&gt;
          &lt;/button&gt;
        &lt;/div&gt;
        &lt;div&gt;
          &lt;select
            title=&quot;Font size&quot;
          &gt;
            &lt;option
              value=&quot;8px&quot;
            &gt;
              8px
            &lt;/option&gt;
            &lt;option
              value=&quot;9px&quot;
            &gt;
              9px
            &lt;/option&gt;
            &lt;option
              value=&quot;10px&quot;
            &gt;
              10px
            &lt;/option&gt;
            &lt;option
              value=&quot;11px&quot;
            &gt;
              11px
            &lt;/option&gt;
            &lt;option
              value=&quot;12px&quot;
            &gt;
              12px
            &lt;/option&gt;
            &lt;option
              value=&quot;14px&quot;
            &gt;
              14px
            &lt;/option&gt;
            &lt;option
              value=&quot;16px&quot;
            &gt;
              16px
            &lt;/option&gt;
            &lt;option
              value=&quot;18px&quot;
            &gt;
              18px
            &lt;/option&gt;
            &lt;option
              value=&quot;20px&quot;
            &gt;
              20px
            &lt;/option&gt;
            &lt;option
              value=&quot;24px&quot;
            &gt;
              24px
            &lt;/option&gt;
            &lt;option
              value=&quot;30px&quot;
            &gt;
              30px
            &lt;/option&gt;
            &lt;option
              value=&quot;36px&quot;
            &gt;
              36px
            &lt;/option&gt;
            &lt;option
              value=&quot;48px&quot;
            &gt;
              48px
            &lt;/option&gt;
            &lt;option
              value=&quot;60px&quot;
            &gt;
              60px
            &lt;/option&gt;
            &lt;option
              value=&quot;72px&quot;
            &gt;
              72px
            &lt;/option&gt;
          &lt;/select&gt;
          &lt;select
            title=&quot;Font family&quot;
          &gt;
            &lt;option
              value=&quot;Arial&quot;
            &gt;
              Arial
            &lt;/option&gt;
            &lt;option
              value=&quot;Calibri&quot;
            &gt;
              Calibri
            &lt;/option&gt;
            &lt;option
              value=&quot;Comic Sans MS&quot;
            &gt;
              Comic Sans MS
            &lt;/option&gt;
            &lt;option
              value=&quot;Courier New&quot;
            &gt;
              Courier New
            &lt;/option&gt;
            &lt;option
              value=&quot;Georgia&quot;
            &gt;
              Georgia
            &lt;/option&gt;
            &lt;option
              value=&quot;Helvetica&quot;
            &gt;
              Helvetica
            &lt;/option&gt;
            &lt;option
              value=&quot;Times New Roman&quot;
            &gt;
              Times New Roman
            &lt;/option&gt;
            &lt;option
              value=&quot;Trebuchet MS&quot;
            &gt;
              Trebuchet MS
            &lt;/option&gt;
            &lt;option
              value=&quot;Verdana&quot;
            &gt;
              Verdana
            &lt;/option&gt;
          &lt;/select&gt;
        &lt;/div&gt;
        &lt;div&gt;
          &lt;div&gt;
            &lt;button
              class=&quot;undefined  &quot;
              title=&quot;Text color&quot;
              type=&quot;button&quot;
            &gt;
              A
              &lt;div
                style=&quot;background-color: rgb(0, 0, 0);&quot;
              /&gt;
            &lt;/button&gt;
          &lt;/div&gt;
          &lt;div&gt;
            &lt;button
              class=&quot;undefined  &quot;
              title=&quot;Highlight color&quot;
              type=&quot;button&quot;
            &gt;
              &lt;span
                style=&quot;background-color: transparent; padding: 0px 4px;&quot;
              &gt;
                A
              &lt;/span&gt;
            &lt;/button&gt;
          &lt;/div&gt;
        &lt;/div&gt;
        &lt;div&gt;
          &lt;button
            aria-pressed=&quot;true&quot;
            class=&quot;undefined undefined &quot;
            title=&quot;Align left&quot;
            type=&quot;button&quot;
          &gt;
            ⟮
          &lt;/button&gt;
          &lt;button
            aria-pressed=&quot;false&quot;
            class=&quot;undefined  &quot;
            title=&quot;Align center&quot;
            type=&quot;button&quot;
          &gt;
            ≡
          &lt;/button&gt;
          &lt;button
            aria-pressed=&quot;false&quot;
            class=&quot;undefined  &quot;
            title=&quot;Align right&quot;
            type=&quot;button&quot;
          &gt;
            ⟯
          &lt;/button&gt;
          &lt;button
            aria-pressed=&quot;false&quot;
            class=&quot;undefined  &quot;
            title=&quot;Justify&quot;
            type=&quot;button&quot;
          &gt;
            ≡
          &lt;/button&gt;
        &lt;/div&gt;
        &lt;div&gt;
          &lt;button
            aria-pressed=&quot;false&quot;
            class=&quot;undefined  &quot;
            title=&quot;Bullet list&quot;
            type=&quot;button&quot;
          &gt;
            •
          &lt;/button&gt;
          &lt;button
            aria-pressed=&quot;false&quot;
            class=&quot;undefined  &quot;
            title=&quot;Numbered list&quot;
            type=&quot;button&quot;
          &gt;
            1.
          &lt;/button&gt;
          &lt;button
            class=&quot;undefined  &quot;
            title=&quot;Indent&quot;
            type=&quot;button&quot;
          &gt;
            →
          &lt;/button&gt;
          &lt;button
            class=&quot;undefined  &quot;
            title=&quot;Outdent&quot;
            type=&quot;button&quot;
          &gt;
            ←
          &lt;/button&gt;
        &lt;/div&gt;
        &lt;div&gt;
          &lt;button
            class=&quot;undefined  &quot;
            title=&quot;Insert link&quot;
            type=&quot;button&quot;
          &gt;
            🔗
          &lt;/button&gt;
          &lt;button
            class=&quot;undefined  &quot;
            title=&quot;Insert image&quot;
            type=&quot;button&quot;
          &gt;
            🖼️
          &lt;/button&gt;
          &lt;button
            class=&quot;undefined  &quot;
            title=&quot;Insert table&quot;
            type=&quot;button&quot;
          &gt;
            📊
          &lt;/button&gt;
        &lt;/div&gt;
        &lt;div&gt;
          &lt;button
            class=&quot;undefined  &quot;
            title=&quot;Undo&quot;
            type=&quot;button&quot;
          &gt;
            ↩️
          &lt;/button&gt;
          &lt;button
            class=&quot;undefined  &quot;
            title=&quot;Redo&quot;
            type=&quot;button&quot;
          &gt;
            ↪️
          &lt;/button&gt;
        &lt;/div&gt;
        &lt;div&gt;
          &lt;button
            class=&quot;undefined  &quot;
            title=&quot;Clear formatting&quot;
            type=&quot;button&quot;
          &gt;
            Tx
          &lt;/button&gt;
        &lt;/div&gt;
      &lt;/div&gt;
      &lt;div
        tabindex=&quot;0&quot;
      &gt;
        &lt;div
          class=&quot;undefined &quot;
        &gt;
          &lt;div
            style=&quot;position: relative; height: 500px; width: 100%; overflow: auto; -webkit-overflow-scrolling: touch; will-change: transform; direction: ltr;&quot;
          &gt;
            &lt;div
              style=&quot;height: 24px; width: 100%;&quot;
            &gt;
              &lt;div
                style=&quot;position: absolute; left: 0px; top: 0px; height: 24px; width: 100%;&quot;
              &gt;
                &lt;p
                  class=&quot;undefined &quot;
                  data-paragraph-index=&quot;0&quot;
                  style=&quot;text-align: left;&quot;
                &gt;
                  &lt;span
                    data-char-index=&quot;0&quot;
                  &gt;
                    H
                     
                  &lt;/span&gt;
                  &lt;span
                    data-char-index=&quot;1&quot;
                  &gt;
                    e
                     
                  &lt;/span&gt;
                  &lt;span
                    data-char-index=&quot;2&quot;
                  &gt;
                    l
                     
                  &lt;/span&gt;
                  &lt;span
                    data-char-index=&quot;3&quot;
                  &gt;
                    l
                     
                  &lt;/span&gt;
                  &lt;span
                    data-char-index=&quot;4&quot;
                  &gt;
                    o
                     
                  &lt;/span&gt;
                  &lt;span
                    data-char-index=&quot;5&quot;
                  &gt;
                     
                     
                  &lt;/span&gt;
                  &lt;span
                    data-char-index=&quot;6&quot;
                  &gt;
                    w
                     
                  &lt;/span&gt;
                  &lt;span
                    data-char-index=&quot;7&quot;
                  &gt;
                    o
                     
                  &lt;/span&gt;
                  &lt;span
                    data-char-index=&quot;8&quot;
                  &gt;
                    r
                     
                  &lt;/span&gt;
                  &lt;span
                    data-char-index=&quot;9&quot;
                  &gt;
                    l
                     
                  &lt;/span&gt;
                  &lt;span
                    data-char-index=&quot;10&quot;
                  &gt;
                    d
                     
                  &lt;/span&gt;
                &lt;/p&gt;
              &lt;/div&gt;
            &lt;/div&gt;
          &lt;/div&gt;
        &lt;/div&gt;
      &lt;/div&gt;
      &lt;div&gt;
        &lt;div&gt;
          &lt;div&gt;
            &lt;div&gt;
              &lt;svg
                aria-hidden=&quot;true&quot;
                class=&quot;lucide lucide-mouse-pointer&quot;
                fill=&quot;none&quot;
                height=&quot;14&quot;
                stroke=&quot;currentColor&quot;
                stroke-linecap=&quot;round&quot;
                stroke-linejoin=&quot;round&quot;
                stroke-width=&quot;2&quot;
                viewBox=&quot;0 0 24 24&quot;
                width=&quot;14&quot;
                xmlns=&quot;http://www.w3.org/2000/svg&quot;
              &gt;
                &lt;path
                  d=&quot;M12.586 12.586 19 19&quot;
                /&gt;
                &lt;path
                  d=&quot;M3.688 3.037a.497.497 0 0 0-.651.651l6.5 15.999a.501.501 0 0 0 .947-.062l1.569-6.083a2 2 0 0 1 1.448-1.479l6.124-1.579a.5.5 0 0 0 .063-.947z&quot;
                /&gt;
              &lt;/svg&gt;
              &lt;span&gt;
                Line 
                1
                , Column 
                1
              &lt;/span&gt;
            &lt;/div&gt;
          &lt;/div&gt;
          &lt;div&gt;
            &lt;div&gt;
              &lt;svg
                aria-hidden=&quot;true&quot;
                class=&quot;lucide lucide-file-text&quot;
                fill=&quot;none&quot;
                height=&quot;14&quot;
                stroke=&quot;currentColor&quot;
                stroke-linecap=&quot;round&quot;
                stroke-linejoin=&quot;round&quot;
                stroke-width=&quot;2&quot;
                viewBox=&quot;0 0 24 24&quot;
                width=&quot;14&quot;
                xmlns=&quot;http://www.w3.org/2000/svg&quot;
              &gt;
                &lt;path
                  d=&quot;M15 2H6a2 2 0 0 0-2 2v16a2 2 0 0 0 2 2h12a2 2 0 0 0 2-2V7Z&quot;
                /&gt;
                &lt;path
                  d=&quot;M14 2v4a2 2 0 0 0 2 2h4&quot;
                /&gt;
                &lt;path
                  d=&quot;M10 9H8&quot;
                /&gt;
                &lt;path
                  d=&quot;M16 13H8&quot;
                /&gt;
                &lt;path
                  d=&quot;M16 17H8&quot;
                /&gt;
              &lt;/svg&gt;
              &lt;span&gt;
                Characters: 
                11
                 | Words: 
                2
                 | Paragraphs: 
                1
                 | Reading time: 
                1 min
              &lt;/span&gt;
            &lt;/div&gt;
            &lt;div&gt;
              &lt;svg
                aria-hidden=&quot;true&quot;
                class=&quot;lucide lucide-code&quot;
                fill=&quot;none&quot;
                height=&quot;14&quot;
                stroke=&quot;currentColor&quot;
                stroke-linecap=&quot;round&quot;
                stroke-linejoin=&quot;round&quot;
                stroke-width=&quot;2&quot;
                viewBox=&quot;0 0 24 24&quot;
                width=&quot;14&quot;
                xmlns=&quot;http://www.w3.org/2000/svg&quot;
              &gt;
                &lt;path
                  d=&quot;m16 18 6-6-6-6&quot;
                /&gt;
                &lt;path
                  d=&quot;m8 6-6 6 6 6&quot;
                /&gt;
              &lt;/svg&gt;
              &lt;span&gt;
                UTF-8
              &lt;/span&gt;
            &lt;/div&gt;
          &lt;/div&gt;
        &lt;/div&gt;
      &lt;/div&gt;
    &lt;/div&gt;
  &lt;/div&gt;
&lt;/body&gt;
    at Object.getElementError (D:\BlogPro\node_modules\@testing-library\dom\dist\config.js:37:19)
    at D:\BlogPro\node_modules\@testing-library\dom\dist\query-helpers.js:76:38
    at D:\BlogPro\node_modules\@testing-library\dom\dist\query-helpers.js:52:17
    at D:\BlogPro\node_modules\@testing-library\dom\dist\query-helpers.js:95:19
    at Object.getByRole (D:\BlogPro\client\src\plugins\texteditor\__tests__\OptimizedTextEditor.test.tsx:41:27)
    at Promise.finally.completed (C:\Users\New\AppData\Local\npm-cache\_npx\b8d86e6551a4f492\node_modules\jest-circus\build\jestAdapterInit.js:1559:28)
    at new Promise (&lt;anonymous&gt;)
    at callAsyncCircusFn (C:\Users\New\AppData\Local\npm-cache\_npx\b8d86e6551a4f492\node_modules\jest-circus\build\jestAdapterInit.js:1499:10)
    at _callCircusTest (C:\Users\New\AppData\Local\npm-cache\_npx\b8d86e6551a4f492\node_modules\jest-circus\build\jestAdapterInit.js:1009:40)
    at processTicksAndRejections (node:internal/process/task_queues:95:5)
    at _runTest (C:\Users\New\AppData\Local\npm-cache\_npx\b8d86e6551a4f492\node_modules\jest-circus\build\jestAdapterInit.js:949:3)
    at _runTestsForDescribeBlock (C:\Users\New\AppData\Local\npm-cache\_npx\b8d86e6551a4f492\node_modules\jest-circus\build\jestAdapterInit.js:839:13)
    at _runTestsForDescribeBlock (C:\Users\New\AppData\Local\npm-cache\_npx\b8d86e6551a4f492\node_modules\jest-circus\build\jestAdapterInit.js:829:11)
    at run (C:\Users\New\AppData\Local\npm-cache\_npx\b8d86e6551a4f492\node_modules\jest-circus\build\jestAdapterInit.js:757:3)
    at runAndTransformResultsToJestFormat (C:\Users\New\AppData\Local\npm-cache\_npx\b8d86e6551a4f492\node_modules\jest-circus\build\jestAdapterInit.js:1920:21)
    at jestAdapter (C:\Users\New\AppData\Local\npm-cache\_npx\b8d86e6551a4f492\node_modules\jest-circus\build\runner.js:101:19)
    at runTestInternal (C:\Users\New\AppData\Local\npm-cache\_npx\b8d86e6551a4f492\node_modules\jest-runner\build\testWorker.js:275:16)
    at runTest (C:\Users\New\AppData\Local\npm-cache\_npx\b8d86e6551a4f492\node_modules\jest-runner\build\testWorker.js:343:7)
    at Object.worker (C:\Users\New\AppData\Local\npm-cache\_npx\b8d86e6551a4f492\node_modules\jest-runner\build\testWorker.js:497:12)</failure>
    </testcase>
    <testcase classname="OptimizedTextEditor handles undo/redo" name="OptimizedTextEditor handles undo/redo" time="1.045">
      <failure>TestingLibraryElementError: Unable to find an accessible element with the role &quot;textbox&quot;

Here are the accessible roles:

  button:

  Name &quot;B&quot;:
  &lt;button
    aria-pressed=&quot;false&quot;
    class=&quot;undefined  &quot;
    title=&quot;Bold&quot;
    type=&quot;button&quot;
  /&gt;

  Name &quot;I&quot;:
  &lt;button
    aria-pressed=&quot;false&quot;
    class=&quot;undefined  &quot;
    title=&quot;Italic&quot;
    type=&quot;button&quot;
  /&gt;

  Name &quot;U&quot;:
  &lt;button
    aria-pressed=&quot;false&quot;
    class=&quot;undefined  &quot;
    title=&quot;Underline&quot;
    type=&quot;button&quot;
  /&gt;

  Name &quot;S&quot;:
  &lt;button
    aria-pressed=&quot;false&quot;
    class=&quot;undefined  &quot;
    title=&quot;Strikethrough&quot;
    type=&quot;button&quot;
  /&gt;

  Name &quot;A&quot;:
  &lt;button
    class=&quot;undefined  &quot;
    title=&quot;Text color&quot;
    type=&quot;button&quot;
  /&gt;

  Name &quot;A&quot;:
  &lt;button
    class=&quot;undefined  &quot;
    title=&quot;Highlight color&quot;
    type=&quot;button&quot;
  /&gt;

  Name &quot;⟮&quot;:
  &lt;button
    aria-pressed=&quot;true&quot;
    class=&quot;undefined undefined &quot;
    title=&quot;Align left&quot;
    type=&quot;button&quot;
  /&gt;

  Name &quot;≡&quot;:
  &lt;button
    aria-pressed=&quot;false&quot;
    class=&quot;undefined  &quot;
    title=&quot;Align center&quot;
    type=&quot;button&quot;
  /&gt;

  Name &quot;⟯&quot;:
  &lt;button
    aria-pressed=&quot;false&quot;
    class=&quot;undefined  &quot;
    title=&quot;Align right&quot;
    type=&quot;button&quot;
  /&gt;

  Name &quot;≡&quot;:
  &lt;button
    aria-pressed=&quot;false&quot;
    class=&quot;undefined  &quot;
    title=&quot;Justify&quot;
    type=&quot;button&quot;
  /&gt;

  Name &quot;•&quot;:
  &lt;button
    aria-pressed=&quot;false&quot;
    class=&quot;undefined  &quot;
    title=&quot;Bullet list&quot;
    type=&quot;button&quot;
  /&gt;

  Name &quot;1.&quot;:
  &lt;button
    aria-pressed=&quot;false&quot;
    class=&quot;undefined  &quot;
    title=&quot;Numbered list&quot;
    type=&quot;button&quot;
  /&gt;

  Name &quot;→&quot;:
  &lt;button
    class=&quot;undefined  &quot;
    title=&quot;Indent&quot;
    type=&quot;button&quot;
  /&gt;

  Name &quot;←&quot;:
  &lt;button
    class=&quot;undefined  &quot;
    title=&quot;Outdent&quot;
    type=&quot;button&quot;
  /&gt;

  Name &quot;🔗&quot;:
  &lt;button
    class=&quot;undefined  &quot;
    title=&quot;Insert link&quot;
    type=&quot;button&quot;
  /&gt;

  Name &quot;🖼️&quot;:
  &lt;button
    class=&quot;undefined  &quot;
    title=&quot;Insert image&quot;
    type=&quot;button&quot;
  /&gt;

  Name &quot;📊&quot;:
  &lt;button
    class=&quot;undefined  &quot;
    title=&quot;Insert table&quot;
    type=&quot;button&quot;
  /&gt;

  Name &quot;↩️&quot;:
  &lt;button
    class=&quot;undefined  &quot;
    title=&quot;Undo&quot;
    type=&quot;button&quot;
  /&gt;

  Name &quot;↪️&quot;:
  &lt;button
    class=&quot;undefined  &quot;
    title=&quot;Redo&quot;
    type=&quot;button&quot;
  /&gt;

  Name &quot;Tx&quot;:
  &lt;button
    class=&quot;undefined  &quot;
    title=&quot;Clear formatting&quot;
    type=&quot;button&quot;
  /&gt;

  --------------------------------------------------
  strong:

  Name &quot;&quot;:
  &lt;strong /&gt;

  --------------------------------------------------
  emphasis:

  Name &quot;&quot;:
  &lt;em /&gt;

  --------------------------------------------------
  combobox:

  Name &quot;Font size&quot;:
  &lt;select
    title=&quot;Font size&quot;
  /&gt;

  Name &quot;Font family&quot;:
  &lt;select
    title=&quot;Font family&quot;
  /&gt;

  --------------------------------------------------
  option:

  Name &quot;8px&quot;:
  &lt;option
    value=&quot;8px&quot;
  /&gt;

  Name &quot;9px&quot;:
  &lt;option
    value=&quot;9px&quot;
  /&gt;

  Name &quot;10px&quot;:
  &lt;option
    value=&quot;10px&quot;
  /&gt;

  Name &quot;11px&quot;:
  &lt;option
    value=&quot;11px&quot;
  /&gt;

  Name &quot;12px&quot;:
  &lt;option
    value=&quot;12px&quot;
  /&gt;

  Name &quot;14px&quot;:
  &lt;option
    value=&quot;14px&quot;
  /&gt;

  Name &quot;16px&quot;:
  &lt;option
    value=&quot;16px&quot;
  /&gt;

  Name &quot;18px&quot;:
  &lt;option
    value=&quot;18px&quot;
  /&gt;

  Name &quot;20px&quot;:
  &lt;option
    value=&quot;20px&quot;
  /&gt;

  Name &quot;24px&quot;:
  &lt;option
    value=&quot;24px&quot;
  /&gt;

  Name &quot;30px&quot;:
  &lt;option
    value=&quot;30px&quot;
  /&gt;

  Name &quot;36px&quot;:
  &lt;option
    value=&quot;36px&quot;
  /&gt;

  Name &quot;48px&quot;:
  &lt;option
    value=&quot;48px&quot;
  /&gt;

  Name &quot;60px&quot;:
  &lt;option
    value=&quot;60px&quot;
  /&gt;

  Name &quot;72px&quot;:
  &lt;option
    value=&quot;72px&quot;
  /&gt;

  Name &quot;Arial&quot;:
  &lt;option
    value=&quot;Arial&quot;
  /&gt;

  Name &quot;Calibri&quot;:
  &lt;option
    value=&quot;Calibri&quot;
  /&gt;

  Name &quot;Comic Sans MS&quot;:
  &lt;option
    value=&quot;Comic Sans MS&quot;
  /&gt;

  Name &quot;Courier New&quot;:
  &lt;option
    value=&quot;Courier New&quot;
  /&gt;

  Name &quot;Georgia&quot;:
  &lt;option
    value=&quot;Georgia&quot;
  /&gt;

  Name &quot;Helvetica&quot;:
  &lt;option
    value=&quot;Helvetica&quot;
  /&gt;

  Name &quot;Times New Roman&quot;:
  &lt;option
    value=&quot;Times New Roman&quot;
  /&gt;

  Name &quot;Trebuchet MS&quot;:
  &lt;option
    value=&quot;Trebuchet MS&quot;
  /&gt;

  Name &quot;Verdana&quot;:
  &lt;option
    value=&quot;Verdana&quot;
  /&gt;

  --------------------------------------------------
  paragraph:

  Name &quot;&quot;:
  &lt;p
    class=&quot;undefined &quot;
    data-paragraph-index=&quot;0&quot;
    style=&quot;text-align: left;&quot;
  /&gt;

  --------------------------------------------------

Ignored nodes: comments, script, style
&lt;body&gt;
  &lt;div&gt;
    &lt;div
      class=&quot;undefined &quot;
    &gt;
      &lt;div
        class=&quot;undefined &quot;
      &gt;
        &lt;div&gt;
          &lt;button
            aria-pressed=&quot;false&quot;
            class=&quot;undefined  &quot;
            title=&quot;Bold&quot;
            type=&quot;button&quot;
          &gt;
            &lt;strong&gt;
              B
            &lt;/strong&gt;
          &lt;/button&gt;
          &lt;button
            aria-pressed=&quot;false&quot;
            class=&quot;undefined  &quot;
            title=&quot;Italic&quot;
            type=&quot;button&quot;
          &gt;
            &lt;em&gt;
              I
            &lt;/em&gt;
          &lt;/button&gt;
          &lt;button
            aria-pressed=&quot;false&quot;
            class=&quot;undefined  &quot;
            title=&quot;Underline&quot;
            type=&quot;button&quot;
          &gt;
            &lt;u&gt;
              U
            &lt;/u&gt;
          &lt;/button&gt;
          &lt;button
            aria-pressed=&quot;false&quot;
            class=&quot;undefined  &quot;
            title=&quot;Strikethrough&quot;
            type=&quot;button&quot;
          &gt;
            &lt;s&gt;
              S
            &lt;/s&gt;
          &lt;/button&gt;
        &lt;/div&gt;
        &lt;div&gt;
          &lt;select
            title=&quot;Font size&quot;
          &gt;
            &lt;option
              value=&quot;8px&quot;
            &gt;
              8px
            &lt;/option&gt;
            &lt;option
              value=&quot;9px&quot;
            &gt;
              9px
            &lt;/option&gt;
            &lt;option
              value=&quot;10px&quot;
            &gt;
              10px
            &lt;/option&gt;
            &lt;option
              value=&quot;11px&quot;
            &gt;
              11px
            &lt;/option&gt;
            &lt;option
              value=&quot;12px&quot;
            &gt;
              12px
            &lt;/option&gt;
            &lt;option
              value=&quot;14px&quot;
            &gt;
              14px
            &lt;/option&gt;
            &lt;option
              value=&quot;16px&quot;
            &gt;
              16px
            &lt;/option&gt;
            &lt;option
              value=&quot;18px&quot;
            &gt;
              18px
            &lt;/option&gt;
            &lt;option
              value=&quot;20px&quot;
            &gt;
              20px
            &lt;/option&gt;
            &lt;option
              value=&quot;24px&quot;
            &gt;
              24px
            &lt;/option&gt;
            &lt;option
              value=&quot;30px&quot;
            &gt;
              30px
            &lt;/option&gt;
            &lt;option
              value=&quot;36px&quot;
            &gt;
              36px
            &lt;/option&gt;
            &lt;option
              value=&quot;48px&quot;
            &gt;
              48px
            &lt;/option&gt;
            &lt;option
              value=&quot;60px&quot;
            &gt;
              60px
            &lt;/option&gt;
            &lt;option
              value=&quot;72px&quot;
            &gt;
              72px
            &lt;/option&gt;
          &lt;/select&gt;
          &lt;select
            title=&quot;Font family&quot;
          &gt;
            &lt;option
              value=&quot;Arial&quot;
            &gt;
              Arial
            &lt;/option&gt;
            &lt;option
              value=&quot;Calibri&quot;
            &gt;
              Calibri
            &lt;/option&gt;
            &lt;option
              value=&quot;Comic Sans MS&quot;
            &gt;
              Comic Sans MS
            &lt;/option&gt;
            &lt;option
              value=&quot;Courier New&quot;
            &gt;
              Courier New
            &lt;/option&gt;
            &lt;option
              value=&quot;Georgia&quot;
            &gt;
              Georgia
            &lt;/option&gt;
            &lt;option
              value=&quot;Helvetica&quot;
            &gt;
              Helvetica
            &lt;/option&gt;
            &lt;option
              value=&quot;Times New Roman&quot;
            &gt;
              Times New Roman
            &lt;/option&gt;
            &lt;option
              value=&quot;Trebuchet MS&quot;
            &gt;
              Trebuchet MS
            &lt;/option&gt;
            &lt;option
              value=&quot;Verdana&quot;
            &gt;
              Verdana
            &lt;/option&gt;
          &lt;/select&gt;
        &lt;/div&gt;
        &lt;div&gt;
          &lt;div&gt;
            &lt;button
              class=&quot;undefined  &quot;
              title=&quot;Text color&quot;
              type=&quot;button&quot;
            &gt;
              A
              &lt;div
                style=&quot;background-color: rgb(0, 0, 0);&quot;
              /&gt;
            &lt;/button&gt;
          &lt;/div&gt;
          &lt;div&gt;
            &lt;button
              class=&quot;undefined  &quot;
              title=&quot;Highlight color&quot;
              type=&quot;button&quot;
            &gt;
              &lt;span
                style=&quot;background-color: transparent; padding: 0px 4px;&quot;
              &gt;
                A
              &lt;/span&gt;
            &lt;/button&gt;
          &lt;/div&gt;
        &lt;/div&gt;
        &lt;div&gt;
          &lt;button
            aria-pressed=&quot;true&quot;
            class=&quot;undefined undefined &quot;
            title=&quot;Align left&quot;
            type=&quot;button&quot;
          &gt;
            ⟮
          &lt;/button&gt;
          &lt;button
            aria-pressed=&quot;false&quot;
            class=&quot;undefined  &quot;
            title=&quot;Align center&quot;
            type=&quot;button&quot;
          &gt;
            ≡
          &lt;/button&gt;
          &lt;button
            aria-pressed=&quot;false&quot;
            class=&quot;undefined  &quot;
            title=&quot;Align right&quot;
            type=&quot;button&quot;
          &gt;
            ⟯
          &lt;/button&gt;
          &lt;button
            aria-pressed=&quot;false&quot;
            class=&quot;undefined  &quot;
            title=&quot;Justify&quot;
            type=&quot;button&quot;
          &gt;
            ≡
          &lt;/button&gt;
        &lt;/div&gt;
        &lt;div&gt;
          &lt;button
            aria-pressed=&quot;false&quot;
            class=&quot;undefined  &quot;
            title=&quot;Bullet list&quot;
            type=&quot;button&quot;
          &gt;
            •
          &lt;/button&gt;
          &lt;button
            aria-pressed=&quot;false&quot;
            class=&quot;undefined  &quot;
            title=&quot;Numbered list&quot;
            type=&quot;button&quot;
          &gt;
            1.
          &lt;/button&gt;
          &lt;button
            class=&quot;undefined  &quot;
            title=&quot;Indent&quot;
            type=&quot;button&quot;
          &gt;
            →
          &lt;/button&gt;
          &lt;button
            class=&quot;undefined  &quot;
            title=&quot;Outdent&quot;
            type=&quot;button&quot;
          &gt;
            ←
          &lt;/button&gt;
        &lt;/div&gt;
        &lt;div&gt;
          &lt;button
            class=&quot;undefined  &quot;
            title=&quot;Insert link&quot;
            type=&quot;button&quot;
          &gt;
            🔗
          &lt;/button&gt;
          &lt;button
            class=&quot;undefined  &quot;
            title=&quot;Insert image&quot;
            type=&quot;button&quot;
          &gt;
            🖼️
          &lt;/button&gt;
          &lt;button
            class=&quot;undefined  &quot;
            title=&quot;Insert table&quot;
            type=&quot;button&quot;
          &gt;
            📊
          &lt;/button&gt;
        &lt;/div&gt;
        &lt;div&gt;
          &lt;button
            class=&quot;undefined  &quot;
            title=&quot;Undo&quot;
            type=&quot;button&quot;
          &gt;
            ↩️
          &lt;/button&gt;
          &lt;button
            class=&quot;undefined  &quot;
            title=&quot;Redo&quot;
            type=&quot;button&quot;
          &gt;
            ↪️
          &lt;/button&gt;
        &lt;/div&gt;
        &lt;div&gt;
          &lt;button
            class=&quot;undefined  &quot;
            title=&quot;Clear formatting&quot;
            type=&quot;button&quot;
          &gt;
            Tx
          &lt;/button&gt;
        &lt;/div&gt;
      &lt;/div&gt;
      &lt;div
        tabindex=&quot;0&quot;
      &gt;
        &lt;div
          class=&quot;undefined &quot;
        &gt;
          &lt;div
            style=&quot;position: relative; height: 500px; width: 100%; overflow: auto; -webkit-overflow-scrolling: touch; will-change: transform; direction: ltr;&quot;
          &gt;
            &lt;div
              style=&quot;height: 24px; width: 100%;&quot;
            &gt;
              &lt;div
                style=&quot;position: absolute; left: 0px; top: 0px; height: 24px; width: 100%;&quot;
              &gt;
                &lt;p
                  class=&quot;undefined &quot;
                  data-paragraph-index=&quot;0&quot;
                  style=&quot;text-align: left;&quot;
                /&gt;
              &lt;/div&gt;
            &lt;/div&gt;
          &lt;/div&gt;
        &lt;/div&gt;
      &lt;/div&gt;
      &lt;div&gt;
        &lt;div&gt;
          &lt;div&gt;
            &lt;div&gt;
              &lt;svg
                aria-hidden=&quot;true&quot;
                class=&quot;lucide lucide-mouse-pointer&quot;
                fill=&quot;none&quot;
                height=&quot;14&quot;
                stroke=&quot;currentColor&quot;
                stroke-linecap=&quot;round&quot;
                stroke-linejoin=&quot;round&quot;
                stroke-width=&quot;2&quot;
                viewBox=&quot;0 0 24 24&quot;
                width=&quot;14&quot;
                xmlns=&quot;http://www.w3.org/2000/svg&quot;
              &gt;
                &lt;path
                  d=&quot;M12.586 12.586 19 19&quot;
                /&gt;
                &lt;path
                  d=&quot;M3.688 3.037a.497.497 0 0 0-.651.651l6.5 15.999a.501.501 0 0 0 .947-.062l1.569-6.083a2 2 0 0 1 1.448-1.479l6.124-1.579a.5.5 0 0 0 .063-.947z&quot;
                /&gt;
              &lt;/svg&gt;
              &lt;span&gt;
                Line 
                1
                , Column 
                1
              &lt;/span&gt;
            &lt;/div&gt;
          &lt;/div&gt;
          &lt;div&gt;
            &lt;div&gt;
              &lt;svg
                aria-hidden=&quot;true&quot;
                class=&quot;lucide lucide-file-text&quot;
                fill=&quot;none&quot;
                height=&quot;14&quot;
                stroke=&quot;currentColor&quot;
                stroke-linecap=&quot;round&quot;
                stroke-linejoin=&quot;round&quot;
                stroke-width=&quot;2&quot;
                viewBox=&quot;0 0 24 24&quot;
                width=&quot;14&quot;
                xmlns=&quot;http://www.w3.org/2000/svg&quot;
              &gt;
                &lt;path
                  d=&quot;M15 2H6a2 2 0 0 0-2 2v16a2 2 0 0 0 2 2h12a2 2 0 0 0 2-2V7Z&quot;
                /&gt;
                &lt;path
                  d=&quot;M14 2v4a2 2 0 0 0 2 2h4&quot;
                /&gt;
                &lt;path
                  d=&quot;M10 9H8&quot;
                /&gt;
                &lt;path
                  d=&quot;M16 13H8&quot;
                /&gt;
                &lt;path
                  d=&quot;M16 17H8&quot;
                /&gt;
              &lt;/svg&gt;
              &lt;span&gt;
                Characters: 
                0
                 | Words: 
                0
                 | Paragraphs: 
                1
                 | Reading time: 
                1 min
              &lt;/span&gt;
            &lt;/div&gt;
            &lt;div&gt;
              &lt;svg
                aria-hidden=&quot;true&quot;
                class=&quot;lucide lucide-code&quot;
                fill=&quot;none&quot;
                height=&quot;14&quot;
                stroke=&quot;currentColor&quot;
                stroke-linecap=&quot;round&quot;
                stroke-linejoin=&quot;round&quot;
                stroke-width=&quot;2&quot;
                viewBox=&quot;0 0 24 24&quot;
                width=&quot;14&quot;
                xmlns=&quot;http://www.w3.org/2000/svg&quot;
              &gt;
                &lt;path
                  d=&quot;m16 18 6-6-6-6&quot;
                /&gt;
                &lt;path
                  d=&quot;m8 6-6 6 6 6&quot;
                /&gt;
              &lt;/svg&gt;
              &lt;span&gt;
                UTF-8
              &lt;/span&gt;
            &lt;/div&gt;
          &lt;/div&gt;
        &lt;/div&gt;
      &lt;/div&gt;
    &lt;/div&gt;
  &lt;/div&gt;
&lt;/body&gt;
    at Object.getElementError (D:\BlogPro\node_modules\@testing-library\dom\dist\config.js:37:19)
    at D:\BlogPro\node_modules\@testing-library\dom\dist\query-helpers.js:76:38
    at D:\BlogPro\node_modules\@testing-library\dom\dist\query-helpers.js:52:17
    at D:\BlogPro\node_modules\@testing-library\dom\dist\query-helpers.js:95:19
    at Object.getByRole (D:\BlogPro\client\src\plugins\texteditor\__tests__\OptimizedTextEditor.test.tsx:74:27)
    at Promise.finally.completed (C:\Users\New\AppData\Local\npm-cache\_npx\b8d86e6551a4f492\node_modules\jest-circus\build\jestAdapterInit.js:1559:28)
    at new Promise (&lt;anonymous&gt;)
    at callAsyncCircusFn (C:\Users\New\AppData\Local\npm-cache\_npx\b8d86e6551a4f492\node_modules\jest-circus\build\jestAdapterInit.js:1499:10)
    at _callCircusTest (C:\Users\New\AppData\Local\npm-cache\_npx\b8d86e6551a4f492\node_modules\jest-circus\build\jestAdapterInit.js:1009:40)
    at processTicksAndRejections (node:internal/process/task_queues:95:5)
    at _runTest (C:\Users\New\AppData\Local\npm-cache\_npx\b8d86e6551a4f492\node_modules\jest-circus\build\jestAdapterInit.js:949:3)
    at _runTestsForDescribeBlock (C:\Users\New\AppData\Local\npm-cache\_npx\b8d86e6551a4f492\node_modules\jest-circus\build\jestAdapterInit.js:839:13)
    at _runTestsForDescribeBlock (C:\Users\New\AppData\Local\npm-cache\_npx\b8d86e6551a4f492\node_modules\jest-circus\build\jestAdapterInit.js:829:11)
    at run (C:\Users\New\AppData\Local\npm-cache\_npx\b8d86e6551a4f492\node_modules\jest-circus\build\jestAdapterInit.js:757:3)
    at runAndTransformResultsToJestFormat (C:\Users\New\AppData\Local\npm-cache\_npx\b8d86e6551a4f492\node_modules\jest-circus\build\jestAdapterInit.js:1920:21)
    at jestAdapter (C:\Users\New\AppData\Local\npm-cache\_npx\b8d86e6551a4f492\node_modules\jest-circus\build\runner.js:101:19)
    at runTestInternal (C:\Users\New\AppData\Local\npm-cache\_npx\b8d86e6551a4f492\node_modules\jest-runner\build\testWorker.js:275:16)
    at runTest (C:\Users\New\AppData\Local\npm-cache\_npx\b8d86e6551a4f492\node_modules\jest-runner\build\testWorker.js:343:7)
    at Object.worker (C:\Users\New\AppData\Local\npm-cache\_npx\b8d86e6551a4f492\node_modules\jest-runner\build\testWorker.js:497:12)</failure>
    </testcase>
    <testcase classname="OptimizedTextEditor handles paragraph splitting" name="OptimizedTextEditor handles paragraph splitting" time="0.869">
      <failure>TestingLibraryElementError: Unable to find an accessible element with the role &quot;textbox&quot;

Here are the accessible roles:

  button:

  Name &quot;B&quot;:
  &lt;button
    aria-pressed=&quot;false&quot;
    class=&quot;undefined  &quot;
    title=&quot;Bold&quot;
    type=&quot;button&quot;
  /&gt;

  Name &quot;I&quot;:
  &lt;button
    aria-pressed=&quot;false&quot;
    class=&quot;undefined  &quot;
    title=&quot;Italic&quot;
    type=&quot;button&quot;
  /&gt;

  Name &quot;U&quot;:
  &lt;button
    aria-pressed=&quot;false&quot;
    class=&quot;undefined  &quot;
    title=&quot;Underline&quot;
    type=&quot;button&quot;
  /&gt;

  Name &quot;S&quot;:
  &lt;button
    aria-pressed=&quot;false&quot;
    class=&quot;undefined  &quot;
    title=&quot;Strikethrough&quot;
    type=&quot;button&quot;
  /&gt;

  Name &quot;A&quot;:
  &lt;button
    class=&quot;undefined  &quot;
    title=&quot;Text color&quot;
    type=&quot;button&quot;
  /&gt;

  Name &quot;A&quot;:
  &lt;button
    class=&quot;undefined  &quot;
    title=&quot;Highlight color&quot;
    type=&quot;button&quot;
  /&gt;

  Name &quot;⟮&quot;:
  &lt;button
    aria-pressed=&quot;true&quot;
    class=&quot;undefined undefined &quot;
    title=&quot;Align left&quot;
    type=&quot;button&quot;
  /&gt;

  Name &quot;≡&quot;:
  &lt;button
    aria-pressed=&quot;false&quot;
    class=&quot;undefined  &quot;
    title=&quot;Align center&quot;
    type=&quot;button&quot;
  /&gt;

  Name &quot;⟯&quot;:
  &lt;button
    aria-pressed=&quot;false&quot;
    class=&quot;undefined  &quot;
    title=&quot;Align right&quot;
    type=&quot;button&quot;
  /&gt;

  Name &quot;≡&quot;:
  &lt;button
    aria-pressed=&quot;false&quot;
    class=&quot;undefined  &quot;
    title=&quot;Justify&quot;
    type=&quot;button&quot;
  /&gt;

  Name &quot;•&quot;:
  &lt;button
    aria-pressed=&quot;false&quot;
    class=&quot;undefined  &quot;
    title=&quot;Bullet list&quot;
    type=&quot;button&quot;
  /&gt;

  Name &quot;1.&quot;:
  &lt;button
    aria-pressed=&quot;false&quot;
    class=&quot;undefined  &quot;
    title=&quot;Numbered list&quot;
    type=&quot;button&quot;
  /&gt;

  Name &quot;→&quot;:
  &lt;button
    class=&quot;undefined  &quot;
    title=&quot;Indent&quot;
    type=&quot;button&quot;
  /&gt;

  Name &quot;←&quot;:
  &lt;button
    class=&quot;undefined  &quot;
    title=&quot;Outdent&quot;
    type=&quot;button&quot;
  /&gt;

  Name &quot;🔗&quot;:
  &lt;button
    class=&quot;undefined  &quot;
    title=&quot;Insert link&quot;
    type=&quot;button&quot;
  /&gt;

  Name &quot;🖼️&quot;:
  &lt;button
    class=&quot;undefined  &quot;
    title=&quot;Insert image&quot;
    type=&quot;button&quot;
  /&gt;

  Name &quot;📊&quot;:
  &lt;button
    class=&quot;undefined  &quot;
    title=&quot;Insert table&quot;
    type=&quot;button&quot;
  /&gt;

  Name &quot;↩️&quot;:
  &lt;button
    class=&quot;undefined  &quot;
    title=&quot;Undo&quot;
    type=&quot;button&quot;
  /&gt;

  Name &quot;↪️&quot;:
  &lt;button
    class=&quot;undefined  &quot;
    title=&quot;Redo&quot;
    type=&quot;button&quot;
  /&gt;

  Name &quot;Tx&quot;:
  &lt;button
    class=&quot;undefined  &quot;
    title=&quot;Clear formatting&quot;
    type=&quot;button&quot;
  /&gt;

  --------------------------------------------------
  strong:

  Name &quot;&quot;:
  &lt;strong /&gt;

  --------------------------------------------------
  emphasis:

  Name &quot;&quot;:
  &lt;em /&gt;

  --------------------------------------------------
  combobox:

  Name &quot;Font size&quot;:
  &lt;select
    title=&quot;Font size&quot;
  /&gt;

  Name &quot;Font family&quot;:
  &lt;select
    title=&quot;Font family&quot;
  /&gt;

  --------------------------------------------------
  option:

  Name &quot;8px&quot;:
  &lt;option
    value=&quot;8px&quot;
  /&gt;

  Name &quot;9px&quot;:
  &lt;option
    value=&quot;9px&quot;
  /&gt;

  Name &quot;10px&quot;:
  &lt;option
    value=&quot;10px&quot;
  /&gt;

  Name &quot;11px&quot;:
  &lt;option
    value=&quot;11px&quot;
  /&gt;

  Name &quot;12px&quot;:
  &lt;option
    value=&quot;12px&quot;
  /&gt;

  Name &quot;14px&quot;:
  &lt;option
    value=&quot;14px&quot;
  /&gt;

  Name &quot;16px&quot;:
  &lt;option
    value=&quot;16px&quot;
  /&gt;

  Name &quot;18px&quot;:
  &lt;option
    value=&quot;18px&quot;
  /&gt;

  Name &quot;20px&quot;:
  &lt;option
    value=&quot;20px&quot;
  /&gt;

  Name &quot;24px&quot;:
  &lt;option
    value=&quot;24px&quot;
  /&gt;

  Name &quot;30px&quot;:
  &lt;option
    value=&quot;30px&quot;
  /&gt;

  Name &quot;36px&quot;:
  &lt;option
    value=&quot;36px&quot;
  /&gt;

  Name &quot;48px&quot;:
  &lt;option
    value=&quot;48px&quot;
  /&gt;

  Name &quot;60px&quot;:
  &lt;option
    value=&quot;60px&quot;
  /&gt;

  Name &quot;72px&quot;:
  &lt;option
    value=&quot;72px&quot;
  /&gt;

  Name &quot;Arial&quot;:
  &lt;option
    value=&quot;Arial&quot;
  /&gt;

  Name &quot;Calibri&quot;:
  &lt;option
    value=&quot;Calibri&quot;
  /&gt;

  Name &quot;Comic Sans MS&quot;:
  &lt;option
    value=&quot;Comic Sans MS&quot;
  /&gt;

  Name &quot;Courier New&quot;:
  &lt;option
    value=&quot;Courier New&quot;
  /&gt;

  Name &quot;Georgia&quot;:
  &lt;option
    value=&quot;Georgia&quot;
  /&gt;

  Name &quot;Helvetica&quot;:
  &lt;option
    value=&quot;Helvetica&quot;
  /&gt;

  Name &quot;Times New Roman&quot;:
  &lt;option
    value=&quot;Times New Roman&quot;
  /&gt;

  Name &quot;Trebuchet MS&quot;:
  &lt;option
    value=&quot;Trebuchet MS&quot;
  /&gt;

  Name &quot;Verdana&quot;:
  &lt;option
    value=&quot;Verdana&quot;
  /&gt;

  --------------------------------------------------
  paragraph:

  Name &quot;&quot;:
  &lt;p
    class=&quot;undefined &quot;
    data-paragraph-index=&quot;0&quot;
    style=&quot;text-align: left;&quot;
  /&gt;

  --------------------------------------------------

Ignored nodes: comments, script, style
&lt;body&gt;
  &lt;div&gt;
    &lt;div
      class=&quot;undefined &quot;
    &gt;
      &lt;div
        class=&quot;undefined &quot;
      &gt;
        &lt;div&gt;
          &lt;button
            aria-pressed=&quot;false&quot;
            class=&quot;undefined  &quot;
            title=&quot;Bold&quot;
            type=&quot;button&quot;
          &gt;
            &lt;strong&gt;
              B
            &lt;/strong&gt;
          &lt;/button&gt;
          &lt;button
            aria-pressed=&quot;false&quot;
            class=&quot;undefined  &quot;
            title=&quot;Italic&quot;
            type=&quot;button&quot;
          &gt;
            &lt;em&gt;
              I
            &lt;/em&gt;
          &lt;/button&gt;
          &lt;button
            aria-pressed=&quot;false&quot;
            class=&quot;undefined  &quot;
            title=&quot;Underline&quot;
            type=&quot;button&quot;
          &gt;
            &lt;u&gt;
              U
            &lt;/u&gt;
          &lt;/button&gt;
          &lt;button
            aria-pressed=&quot;false&quot;
            class=&quot;undefined  &quot;
            title=&quot;Strikethrough&quot;
            type=&quot;button&quot;
          &gt;
            &lt;s&gt;
              S
            &lt;/s&gt;
          &lt;/button&gt;
        &lt;/div&gt;
        &lt;div&gt;
          &lt;select
            title=&quot;Font size&quot;
          &gt;
            &lt;option
              value=&quot;8px&quot;
            &gt;
              8px
            &lt;/option&gt;
            &lt;option
              value=&quot;9px&quot;
            &gt;
              9px
            &lt;/option&gt;
            &lt;option
              value=&quot;10px&quot;
            &gt;
              10px
            &lt;/option&gt;
            &lt;option
              value=&quot;11px&quot;
            &gt;
              11px
            &lt;/option&gt;
            &lt;option
              value=&quot;12px&quot;
            &gt;
              12px
            &lt;/option&gt;
            &lt;option
              value=&quot;14px&quot;
            &gt;
              14px
            &lt;/option&gt;
            &lt;option
              value=&quot;16px&quot;
            &gt;
              16px
            &lt;/option&gt;
            &lt;option
              value=&quot;18px&quot;
            &gt;
              18px
            &lt;/option&gt;
            &lt;option
              value=&quot;20px&quot;
            &gt;
              20px
            &lt;/option&gt;
            &lt;option
              value=&quot;24px&quot;
            &gt;
              24px
            &lt;/option&gt;
            &lt;option
              value=&quot;30px&quot;
            &gt;
              30px
            &lt;/option&gt;
            &lt;option
              value=&quot;36px&quot;
            &gt;
              36px
            &lt;/option&gt;
            &lt;option
              value=&quot;48px&quot;
            &gt;
              48px
            &lt;/option&gt;
            &lt;option
              value=&quot;60px&quot;
            &gt;
              60px
            &lt;/option&gt;
            &lt;option
              value=&quot;72px&quot;
            &gt;
              72px
            &lt;/option&gt;
          &lt;/select&gt;
          &lt;select
            title=&quot;Font family&quot;
          &gt;
            &lt;option
              value=&quot;Arial&quot;
            &gt;
              Arial
            &lt;/option&gt;
            &lt;option
              value=&quot;Calibri&quot;
            &gt;
              Calibri
            &lt;/option&gt;
            &lt;option
              value=&quot;Comic Sans MS&quot;
            &gt;
              Comic Sans MS
            &lt;/option&gt;
            &lt;option
              value=&quot;Courier New&quot;
            &gt;
              Courier New
            &lt;/option&gt;
            &lt;option
              value=&quot;Georgia&quot;
            &gt;
              Georgia
            &lt;/option&gt;
            &lt;option
              value=&quot;Helvetica&quot;
            &gt;
              Helvetica
            &lt;/option&gt;
            &lt;option
              value=&quot;Times New Roman&quot;
            &gt;
              Times New Roman
            &lt;/option&gt;
            &lt;option
              value=&quot;Trebuchet MS&quot;
            &gt;
              Trebuchet MS
            &lt;/option&gt;
            &lt;option
              value=&quot;Verdana&quot;
            &gt;
              Verdana
            &lt;/option&gt;
          &lt;/select&gt;
        &lt;/div&gt;
        &lt;div&gt;
          &lt;div&gt;
            &lt;button
              class=&quot;undefined  &quot;
              title=&quot;Text color&quot;
              type=&quot;button&quot;
            &gt;
              A
              &lt;div
                style=&quot;background-color: rgb(0, 0, 0);&quot;
              /&gt;
            &lt;/button&gt;
          &lt;/div&gt;
          &lt;div&gt;
            &lt;button
              class=&quot;undefined  &quot;
              title=&quot;Highlight color&quot;
              type=&quot;button&quot;
            &gt;
              &lt;span
                style=&quot;background-color: transparent; padding: 0px 4px;&quot;
              &gt;
                A
              &lt;/span&gt;
            &lt;/button&gt;
          &lt;/div&gt;
        &lt;/div&gt;
        &lt;div&gt;
          &lt;button
            aria-pressed=&quot;true&quot;
            class=&quot;undefined undefined &quot;
            title=&quot;Align left&quot;
            type=&quot;button&quot;
          &gt;
            ⟮
          &lt;/button&gt;
          &lt;button
            aria-pressed=&quot;false&quot;
            class=&quot;undefined  &quot;
            title=&quot;Align center&quot;
            type=&quot;button&quot;
          &gt;
            ≡
          &lt;/button&gt;
          &lt;button
            aria-pressed=&quot;false&quot;
            class=&quot;undefined  &quot;
            title=&quot;Align right&quot;
            type=&quot;button&quot;
          &gt;
            ⟯
          &lt;/button&gt;
          &lt;button
            aria-pressed=&quot;false&quot;
            class=&quot;undefined  &quot;
            title=&quot;Justify&quot;
            type=&quot;button&quot;
          &gt;
            ≡
          &lt;/button&gt;
        &lt;/div&gt;
        &lt;div&gt;
          &lt;button
            aria-pressed=&quot;false&quot;
            class=&quot;undefined  &quot;
            title=&quot;Bullet list&quot;
            type=&quot;button&quot;
          &gt;
            •
          &lt;/button&gt;
          &lt;button
            aria-pressed=&quot;false&quot;
            class=&quot;undefined  &quot;
            title=&quot;Numbered list&quot;
            type=&quot;button&quot;
          &gt;
            1.
          &lt;/button&gt;
          &lt;button
            class=&quot;undefined  &quot;
            title=&quot;Indent&quot;
            type=&quot;button&quot;
          &gt;
            →
          &lt;/button&gt;
          &lt;button
            class=&quot;undefined  &quot;
            title=&quot;Outdent&quot;
            type=&quot;button&quot;
          &gt;
            ←
          &lt;/button&gt;
        &lt;/div&gt;
        &lt;div&gt;
          &lt;button
            class=&quot;undefined  &quot;
            title=&quot;Insert link&quot;
            type=&quot;button&quot;
          &gt;
            🔗
          &lt;/button&gt;
          &lt;button
            class=&quot;undefined  &quot;
            title=&quot;Insert image&quot;
            type=&quot;button&quot;
          &gt;
            🖼️
          &lt;/button&gt;
          &lt;button
            class=&quot;undefined  &quot;
            title=&quot;Insert table&quot;
            type=&quot;button&quot;
          &gt;
            📊
          &lt;/button&gt;
        &lt;/div&gt;
        &lt;div&gt;
          &lt;button
            class=&quot;undefined  &quot;
            title=&quot;Undo&quot;
            type=&quot;button&quot;
          &gt;
            ↩️
          &lt;/button&gt;
          &lt;button
            class=&quot;undefined  &quot;
            title=&quot;Redo&quot;
            type=&quot;button&quot;
          &gt;
            ↪️
          &lt;/button&gt;
        &lt;/div&gt;
        &lt;div&gt;
          &lt;button
            class=&quot;undefined  &quot;
            title=&quot;Clear formatting&quot;
            type=&quot;button&quot;
          &gt;
            Tx
          &lt;/button&gt;
        &lt;/div&gt;
      &lt;/div&gt;
      &lt;div
        tabindex=&quot;0&quot;
      &gt;
        &lt;div
          class=&quot;undefined &quot;
        &gt;
          &lt;div
            style=&quot;position: relative; height: 500px; width: 100%; overflow: auto; -webkit-overflow-scrolling: touch; will-change: transform; direction: ltr;&quot;
          &gt;
            &lt;div
              style=&quot;height: 24px; width: 100%;&quot;
            &gt;
              &lt;div
                style=&quot;position: absolute; left: 0px; top: 0px; height: 24px; width: 100%;&quot;
              &gt;
                &lt;p
                  class=&quot;undefined &quot;
                  data-paragraph-index=&quot;0&quot;
                  style=&quot;text-align: left;&quot;
                /&gt;
              &lt;/div&gt;
            &lt;/div&gt;
          &lt;/div&gt;
        &lt;/div&gt;
      &lt;/div&gt;
      &lt;div&gt;
        &lt;div&gt;
          &lt;div&gt;
            &lt;div&gt;
              &lt;svg
                aria-hidden=&quot;true&quot;
                class=&quot;lucide lucide-mouse-pointer&quot;
                fill=&quot;none&quot;
                height=&quot;14&quot;
                stroke=&quot;currentColor&quot;
                stroke-linecap=&quot;round&quot;
                stroke-linejoin=&quot;round&quot;
                stroke-width=&quot;2&quot;
                viewBox=&quot;0 0 24 24&quot;
                width=&quot;14&quot;
                xmlns=&quot;http://www.w3.org/2000/svg&quot;
              &gt;
                &lt;path
                  d=&quot;M12.586 12.586 19 19&quot;
                /&gt;
                &lt;path
                  d=&quot;M3.688 3.037a.497.497 0 0 0-.651.651l6.5 15.999a.501.501 0 0 0 .947-.062l1.569-6.083a2 2 0 0 1 1.448-1.479l6.124-1.579a.5.5 0 0 0 .063-.947z&quot;
                /&gt;
              &lt;/svg&gt;
              &lt;span&gt;
                Line 
                1
                , Column 
                1
              &lt;/span&gt;
            &lt;/div&gt;
          &lt;/div&gt;
          &lt;div&gt;
            &lt;div&gt;
              &lt;svg
                aria-hidden=&quot;true&quot;
                class=&quot;lucide lucide-file-text&quot;
                fill=&quot;none&quot;
                height=&quot;14&quot;
                stroke=&quot;currentColor&quot;
                stroke-linecap=&quot;round&quot;
                stroke-linejoin=&quot;round&quot;
                stroke-width=&quot;2&quot;
                viewBox=&quot;0 0 24 24&quot;
                width=&quot;14&quot;
                xmlns=&quot;http://www.w3.org/2000/svg&quot;
              &gt;
                &lt;path
                  d=&quot;M15 2H6a2 2 0 0 0-2 2v16a2 2 0 0 0 2 2h12a2 2 0 0 0 2-2V7Z&quot;
                /&gt;
                &lt;path
                  d=&quot;M14 2v4a2 2 0 0 0 2 2h4&quot;
                /&gt;
                &lt;path
                  d=&quot;M10 9H8&quot;
                /&gt;
                &lt;path
                  d=&quot;M16 13H8&quot;
                /&gt;
                &lt;path
                  d=&quot;M16 17H8&quot;
                /&gt;
              &lt;/svg&gt;
              &lt;span&gt;
                Characters: 
                0
                 | Words: 
                0
                 | Paragraphs: 
                1
                 | Reading time: 
                1 min
              &lt;/span&gt;
            &lt;/div&gt;
            &lt;div&gt;
              &lt;svg
                aria-hidden=&quot;true&quot;
                class=&quot;lucide lucide-code&quot;
                fill=&quot;none&quot;
                height=&quot;14&quot;
                stroke=&quot;currentColor&quot;
                stroke-linecap=&quot;round&quot;
                stroke-linejoin=&quot;round&quot;
                stroke-width=&quot;2&quot;
                viewBox=&quot;0 0 24 24&quot;
                width=&quot;14&quot;
                xmlns=&quot;http://www.w3.org/2000/svg&quot;
              &gt;
                &lt;path
                  d=&quot;m16 18 6-6-6-6&quot;
                /&gt;
                &lt;path
                  d=&quot;m8 6-6 6 6 6&quot;
                /&gt;
              &lt;/svg&gt;
              &lt;span&gt;
                UTF-8
              &lt;/span&gt;
            &lt;/div&gt;
          &lt;/div&gt;
        &lt;/div&gt;
      &lt;/div&gt;
    &lt;/div&gt;
  &lt;/div&gt;
&lt;/body&gt;
    at Object.getElementError (D:\BlogPro\node_modules\@testing-library\dom\dist\config.js:37:19)
    at D:\BlogPro\node_modules\@testing-library\dom\dist\query-helpers.js:76:38
    at D:\BlogPro\node_modules\@testing-library\dom\dist\query-helpers.js:52:17
    at D:\BlogPro\node_modules\@testing-library\dom\dist\query-helpers.js:95:19
    at Object.getByRole (D:\BlogPro\client\src\plugins\texteditor\__tests__\OptimizedTextEditor.test.tsx:102:27)
    at Promise.finally.completed (C:\Users\New\AppData\Local\npm-cache\_npx\b8d86e6551a4f492\node_modules\jest-circus\build\jestAdapterInit.js:1559:28)
    at new Promise (&lt;anonymous&gt;)
    at callAsyncCircusFn (C:\Users\New\AppData\Local\npm-cache\_npx\b8d86e6551a4f492\node_modules\jest-circus\build\jestAdapterInit.js:1499:10)
    at _callCircusTest (C:\Users\New\AppData\Local\npm-cache\_npx\b8d86e6551a4f492\node_modules\jest-circus\build\jestAdapterInit.js:1009:40)
    at processTicksAndRejections (node:internal/process/task_queues:95:5)
    at _runTest (C:\Users\New\AppData\Local\npm-cache\_npx\b8d86e6551a4f492\node_modules\jest-circus\build\jestAdapterInit.js:949:3)
    at _runTestsForDescribeBlock (C:\Users\New\AppData\Local\npm-cache\_npx\b8d86e6551a4f492\node_modules\jest-circus\build\jestAdapterInit.js:839:13)
    at _runTestsForDescribeBlock (C:\Users\New\AppData\Local\npm-cache\_npx\b8d86e6551a4f492\node_modules\jest-circus\build\jestAdapterInit.js:829:11)
    at run (C:\Users\New\AppData\Local\npm-cache\_npx\b8d86e6551a4f492\node_modules\jest-circus\build\jestAdapterInit.js:757:3)
    at runAndTransformResultsToJestFormat (C:\Users\New\AppData\Local\npm-cache\_npx\b8d86e6551a4f492\node_modules\jest-circus\build\jestAdapterInit.js:1920:21)
    at jestAdapter (C:\Users\New\AppData\Local\npm-cache\_npx\b8d86e6551a4f492\node_modules\jest-circus\build\runner.js:101:19)
    at runTestInternal (C:\Users\New\AppData\Local\npm-cache\_npx\b8d86e6551a4f492\node_modules\jest-runner\build\testWorker.js:275:16)
    at runTest (C:\Users\New\AppData\Local\npm-cache\_npx\b8d86e6551a4f492\node_modules\jest-runner\build\testWorker.js:343:7)
    at Object.worker (C:\Users\New\AppData\Local\npm-cache\_npx\b8d86e6551a4f492\node_modules\jest-runner\build\testWorker.js:497:12)</failure>
    </testcase>
    <testcase classname="OptimizedTextEditor handles error state" name="OptimizedTextEditor handles error state" time="0.123">
      <failure>Error: expect(jest.fn()).toHaveBeenCalled()

Expected number of calls: &gt;= 1
Received number of calls:    0
    at Object.toHaveBeenCalled (D:\BlogPro\client\src\plugins\texteditor\__tests__\OptimizedTextEditor.test.tsx:127:27)
    at Promise.finally.completed (C:\Users\New\AppData\Local\npm-cache\_npx\b8d86e6551a4f492\node_modules\jest-circus\build\jestAdapterInit.js:1559:28)
    at new Promise (&lt;anonymous&gt;)
    at callAsyncCircusFn (C:\Users\New\AppData\Local\npm-cache\_npx\b8d86e6551a4f492\node_modules\jest-circus\build\jestAdapterInit.js:1499:10)
    at _callCircusTest (C:\Users\New\AppData\Local\npm-cache\_npx\b8d86e6551a4f492\node_modules\jest-circus\build\jestAdapterInit.js:1009:40)
    at processTicksAndRejections (node:internal/process/task_queues:95:5)
    at _runTest (C:\Users\New\AppData\Local\npm-cache\_npx\b8d86e6551a4f492\node_modules\jest-circus\build\jestAdapterInit.js:949:3)
    at _runTestsForDescribeBlock (C:\Users\New\AppData\Local\npm-cache\_npx\b8d86e6551a4f492\node_modules\jest-circus\build\jestAdapterInit.js:839:13)
    at _runTestsForDescribeBlock (C:\Users\New\AppData\Local\npm-cache\_npx\b8d86e6551a4f492\node_modules\jest-circus\build\jestAdapterInit.js:829:11)
    at run (C:\Users\New\AppData\Local\npm-cache\_npx\b8d86e6551a4f492\node_modules\jest-circus\build\jestAdapterInit.js:757:3)
    at runAndTransformResultsToJestFormat (C:\Users\New\AppData\Local\npm-cache\_npx\b8d86e6551a4f492\node_modules\jest-circus\build\jestAdapterInit.js:1920:21)
    at jestAdapter (C:\Users\New\AppData\Local\npm-cache\_npx\b8d86e6551a4f492\node_modules\jest-circus\build\runner.js:101:19)
    at runTestInternal (C:\Users\New\AppData\Local\npm-cache\_npx\b8d86e6551a4f492\node_modules\jest-runner\build\testWorker.js:275:16)
    at runTest (C:\Users\New\AppData\Local\npm-cache\_npx\b8d86e6551a4f492\node_modules\jest-runner\build\testWorker.js:343:7)
    at Object.worker (C:\Users\New\AppData\Local\npm-cache\_npx\b8d86e6551a4f492\node_modules\jest-runner\build\testWorker.js:497:12)</failure>
    </testcase>
  </testsuite>
  <testsuite name="FormattingToolbar Accessibility" errors="0" failures="4" skipped="0" timestamp="2025-07-23T23:39:26" time="5.743" tests="7">
    <testcase classname="FormattingToolbar Accessibility should have no accessibility violations" name="FormattingToolbar Accessibility should have no accessibility violations" time="1.114">
      <failure>Error: expect(received).toHaveNoViolations(expected)

Expected the HTML found at $(&apos;select&apos;) to have no violations:

&lt;select title=&quot;Font Size&quot;&gt;

Received:

&quot;Form elements should have a visible label (label-title-only)&quot;

Fix all of the following:
  Only title used to generate label for form element

You can find more information on this issue here: 
https://dequeuniversity.com/rules/axe/4.10/label-title-only?application=axeAPI

Expected the HTML found at $(&apos;input[title=&quot;Font Color&quot;]&apos;) to have no violations:

&lt;input type=&quot;color&quot; title=&quot;Font Color&quot; value=&quot;#000000&quot;&gt;

Received:

&quot;Form elements should have a visible label (label-title-only)&quot;

Fix all of the following:
  Only title used to generate label for form element

You can find more information on this issue here: 
https://dequeuniversity.com/rules/axe/4.10/label-title-only?application=axeAPI

Expected the HTML found at $(&apos;input[title=&quot;Background Color&quot;]&apos;) to have no violations:

&lt;input type=&quot;color&quot; title=&quot;Background Color&quot; value=&quot;transparent&quot;&gt;

Received:

&quot;Form elements should have a visible label (label-title-only)&quot;

Fix all of the following:
  Only title used to generate label for form element

You can find more information on this issue here: 
https://dequeuniversity.com/rules/axe/4.10/label-title-only?application=axeAPI
    at toHaveNoViolations (D:\BlogPro\client\src\plugins\texteditor\__tests__\FormattingToolbar.a11y.test.tsx:57:21)
    at Generator.call (D:\BlogPro\client\src\plugins\texteditor\__tests__\FormattingToolbar.a11y.test.tsx:2:1)
    at Generator._invoke [as next] (D:\BlogPro\client\src\plugins\texteditor\__tests__\FormattingToolbar.a11y.test.tsx:2:1)
    at asyncGeneratorStep (D:\BlogPro\client\src\plugins\texteditor\__tests__\FormattingToolbar.a11y.test.tsx:2:1)
    at asyncGeneratorStep (D:\BlogPro\client\src\plugins\texteditor\__tests__\FormattingToolbar.a11y.test.tsx:2:1)</failure>
    </testcase>
    <testcase classname="FormattingToolbar Accessibility should have accessible formatting buttons" name="FormattingToolbar Accessibility should have accessible formatting buttons" time="0.705">
    </testcase>
    <testcase classname="FormattingToolbar Accessibility should have accessible font size selector" name="FormattingToolbar Accessibility should have accessible font size selector" time="0.393">
      <failure>Error: expect(received).toHaveNoViolations(expected)

Expected the HTML found at $(&apos;select&apos;) to have no violations:

&lt;select title=&quot;Font Size&quot;&gt;

Received:

&quot;Form elements should have a visible label (label-title-only)&quot;

Fix all of the following:
  Only title used to generate label for form element

You can find more information on this issue here: 
https://dequeuniversity.com/rules/axe/4.10/label-title-only?application=axeAPI
    at toHaveNoViolations (D:\BlogPro\client\src\plugins\texteditor\__tests__\FormattingToolbar.a11y.test.tsx:115:23)
    at Generator.call (D:\BlogPro\client\src\plugins\texteditor\__tests__\FormattingToolbar.a11y.test.tsx:2:1)
    at Generator._invoke [as next] (D:\BlogPro\client\src\plugins\texteditor\__tests__\FormattingToolbar.a11y.test.tsx:2:1)
    at asyncGeneratorStep (D:\BlogPro\client\src\plugins\texteditor\__tests__\FormattingToolbar.a11y.test.tsx:2:1)
    at asyncGeneratorStep (D:\BlogPro\client\src\plugins\texteditor\__tests__\FormattingToolbar.a11y.test.tsx:2:1)</failure>
    </testcase>
    <testcase classname="FormattingToolbar Accessibility should have proper keyboard navigation" name="FormattingToolbar Accessibility should have proper keyboard navigation" time="0.017">
    </testcase>
    <testcase classname="FormattingToolbar Accessibility should have proper ARIA attributes for active states" name="FormattingToolbar Accessibility should have proper ARIA attributes for active states" time="0.017">
      <failure>Error: expect(received).toBe(expected) // Object.is equality

Expected: &quot;true&quot;
Received: null
    at toBe (D:\BlogPro\client\src\plugins\texteditor\__tests__\FormattingToolbar.a11y.test.tsx:165:55)
    at Generator.call (D:\BlogPro\client\src\plugins\texteditor\__tests__\FormattingToolbar.a11y.test.tsx:2:1)
    at Generator._invoke [as next] (D:\BlogPro\client\src\plugins\texteditor\__tests__\FormattingToolbar.a11y.test.tsx:2:1)
    at asyncGeneratorStep (D:\BlogPro\client\src\plugins\texteditor\__tests__\FormattingToolbar.a11y.test.tsx:2:1)
    at asyncGeneratorStep (D:\BlogPro\client\src\plugins\texteditor\__tests__\FormattingToolbar.a11y.test.tsx:2:1)
    at _next (D:\BlogPro\client\src\plugins\texteditor\__tests__\FormattingToolbar.a11y.test.tsx:2:1)
    at new Promise (&lt;anonymous&gt;)
    at Object.&lt;anonymous&gt; (D:\BlogPro\client\src\plugins\texteditor\__tests__\FormattingToolbar.a11y.test.tsx:2:1)
    at Promise.finally.completed (C:\Users\New\AppData\Local\npm-cache\_npx\b8d86e6551a4f492\node_modules\jest-circus\build\jestAdapterInit.js:1559:28)
    at new Promise (&lt;anonymous&gt;)
    at callAsyncCircusFn (C:\Users\New\AppData\Local\npm-cache\_npx\b8d86e6551a4f492\node_modules\jest-circus\build\jestAdapterInit.js:1499:10)
    at _callCircusTest (C:\Users\New\AppData\Local\npm-cache\_npx\b8d86e6551a4f492\node_modules\jest-circus\build\jestAdapterInit.js:1009:40)
    at _runTest (C:\Users\New\AppData\Local\npm-cache\_npx\b8d86e6551a4f492\node_modules\jest-circus\build\jestAdapterInit.js:949:3)
    at _runTestsForDescribeBlock (C:\Users\New\AppData\Local\npm-cache\_npx\b8d86e6551a4f492\node_modules\jest-circus\build\jestAdapterInit.js:839:13)
    at _runTestsForDescribeBlock (C:\Users\New\AppData\Local\npm-cache\_npx\b8d86e6551a4f492\node_modules\jest-circus\build\jestAdapterInit.js:829:11)
    at run (C:\Users\New\AppData\Local\npm-cache\_npx\b8d86e6551a4f492\node_modules\jest-circus\build\jestAdapterInit.js:757:3)
    at runAndTransformResultsToJestFormat (C:\Users\New\AppData\Local\npm-cache\_npx\b8d86e6551a4f492\node_modules\jest-circus\build\jestAdapterInit.js:1920:21)
    at jestAdapter (C:\Users\New\AppData\Local\npm-cache\_npx\b8d86e6551a4f492\node_modules\jest-circus\build\runner.js:101:19)
    at runTestInternal (C:\Users\New\AppData\Local\npm-cache\_npx\b8d86e6551a4f492\node_modules\jest-runner\build\testWorker.js:275:16)
    at runTest (C:\Users\New\AppData\Local\npm-cache\_npx\b8d86e6551a4f492\node_modules\jest-runner\build\testWorker.js:343:7)
    at Object.worker (C:\Users\New\AppData\Local\npm-cache\_npx\b8d86e6551a4f492\node_modules\jest-runner\build\testWorker.js:497:12)</failure>
    </testcase>
    <testcase classname="FormattingToolbar Accessibility should have accessible color pickers" name="FormattingToolbar Accessibility should have accessible color pickers" time="0.023">
    </testcase>
    <testcase classname="FormattingToolbar Accessibility should handle mixed formatting states accessibly" name="FormattingToolbar Accessibility should handle mixed formatting states accessibly" time="0.169">
      <failure>Error: expect(received).toHaveNoViolations(expected)

Expected the HTML found at $(&apos;select&apos;) to have no violations:

&lt;select title=&quot;Font Size&quot;&gt;

Received:

&quot;Form elements should have a visible label (label-title-only)&quot;

Fix all of the following:
  Only title used to generate label for form element

You can find more information on this issue here: 
https://dequeuniversity.com/rules/axe/4.10/label-title-only?application=axeAPI

Expected the HTML found at $(&apos;input[title=&quot;Font Color&quot;]&apos;) to have no violations:

&lt;input type=&quot;color&quot; title=&quot;Font Color&quot; value=&quot;#000000&quot;&gt;

Received:

&quot;Form elements should have a visible label (label-title-only)&quot;

Fix all of the following:
  Only title used to generate label for form element

You can find more information on this issue here: 
https://dequeuniversity.com/rules/axe/4.10/label-title-only?application=axeAPI

Expected the HTML found at $(&apos;input[title=&quot;Background Color&quot;]&apos;) to have no violations:

&lt;input type=&quot;color&quot; title=&quot;Background Color&quot; value=&quot;transparent&quot;&gt;

Received:

&quot;Form elements should have a visible label (label-title-only)&quot;

Fix all of the following:
  Only title used to generate label for form element

You can find more information on this issue here: 
https://dequeuniversity.com/rules/axe/4.10/label-title-only?application=axeAPI
    at toHaveNoViolations (D:\BlogPro\client\src\plugins\texteditor\__tests__\FormattingToolbar.a11y.test.tsx:227:21)
    at Generator.call (D:\BlogPro\client\src\plugins\texteditor\__tests__\FormattingToolbar.a11y.test.tsx:2:1)
    at Generator._invoke [as next] (D:\BlogPro\client\src\plugins\texteditor\__tests__\FormattingToolbar.a11y.test.tsx:2:1)
    at asyncGeneratorStep (D:\BlogPro\client\src\plugins\texteditor\__tests__\FormattingToolbar.a11y.test.tsx:2:1)
    at asyncGeneratorStep (D:\BlogPro\client\src\plugins\texteditor\__tests__\FormattingToolbar.a11y.test.tsx:2:1)</failure>
    </testcase>
  </testsuite>
  <testsuite name="EditorToolbar Accessibility" errors="0" failures="2" skipped="0" timestamp="2025-07-23T23:39:31" time="3.226" tests="5">
    <testcase classname="EditorToolbar Accessibility should have no accessibility violations in desktop mode" name="EditorToolbar Accessibility should have no accessibility violations in desktop mode" time="1.124">
      <failure>Error: expect(received).toHaveNoViolations(expected)

Expected the HTML found at $(&apos;select[title=&quot;Font size&quot;]&apos;) to have no violations:

&lt;select title=&quot;Font size&quot;&gt;

Received:

&quot;Form elements should have a visible label (label-title-only)&quot;

Fix all of the following:
  Only title used to generate label for form element

You can find more information on this issue here: 
https://dequeuniversity.com/rules/axe/4.10/label-title-only?application=axeAPI

Expected the HTML found at $(&apos;select[title=&quot;Font family&quot;]&apos;) to have no violations:

&lt;select title=&quot;Font family&quot;&gt;

Received:

&quot;Form elements should have a visible label (label-title-only)&quot;

Fix all of the following:
  Only title used to generate label for form element

You can find more information on this issue here: 
https://dequeuniversity.com/rules/axe/4.10/label-title-only?application=axeAPI
    at toHaveNoViolations (D:\BlogPro\client\src\plugins\texteditor\__tests__\EditorToolbar.a11y.test.tsx:94:21)
    at Generator.call (D:\BlogPro\client\src\plugins\texteditor\__tests__\EditorToolbar.a11y.test.tsx:2:1)
    at Generator._invoke [as next] (D:\BlogPro\client\src\plugins\texteditor\__tests__\EditorToolbar.a11y.test.tsx:2:1)
    at asyncGeneratorStep (D:\BlogPro\client\src\plugins\texteditor\__tests__\EditorToolbar.a11y.test.tsx:2:1)
    at asyncGeneratorStep (D:\BlogPro\client\src\plugins\texteditor\__tests__\EditorToolbar.a11y.test.tsx:2:1)</failure>
    </testcase>
    <testcase classname="EditorToolbar Accessibility should have no accessibility violations in mobile mode" name="EditorToolbar Accessibility should have no accessibility violations in mobile mode" time="0.248">
    </testcase>
    <testcase classname="EditorToolbar Accessibility should have accessible button groups" name="EditorToolbar Accessibility should have accessible button groups" time="0.205">
    </testcase>
    <testcase classname="EditorToolbar Accessibility should have proper keyboard navigation" name="EditorToolbar Accessibility should have proper keyboard navigation" time="0.102">
      <failure>Error: expect(received).toBe(expected) // Object.is equality

Expected: true
Received: false
    at toBe (D:\BlogPro\client\src\plugins\texteditor\__tests__\EditorToolbar.a11y.test.tsx:238:95)
    at Proxy.forEach (&lt;anonymous&gt;)
    at forEach (D:\BlogPro\client\src\plugins\texteditor\__tests__\EditorToolbar.a11y.test.tsx:237:15)
    at Generator.call (D:\BlogPro\client\src\plugins\texteditor\__tests__\EditorToolbar.a11y.test.tsx:2:1)
    at Generator._invoke [as next] (D:\BlogPro\client\src\plugins\texteditor\__tests__\EditorToolbar.a11y.test.tsx:2:1)
    at asyncGeneratorStep (D:\BlogPro\client\src\plugins\texteditor\__tests__\EditorToolbar.a11y.test.tsx:2:1)
    at asyncGeneratorStep (D:\BlogPro\client\src\plugins\texteditor\__tests__\EditorToolbar.a11y.test.tsx:2:1)
    at _next (D:\BlogPro\client\src\plugins\texteditor\__tests__\EditorToolbar.a11y.test.tsx:2:1)
    at new Promise (&lt;anonymous&gt;)
    at Object.&lt;anonymous&gt; (D:\BlogPro\client\src\plugins\texteditor\__tests__\EditorToolbar.a11y.test.tsx:2:1)
    at Promise.finally.completed (C:\Users\New\AppData\Local\npm-cache\_npx\b8d86e6551a4f492\node_modules\jest-circus\build\jestAdapterInit.js:1559:28)
    at new Promise (&lt;anonymous&gt;)
    at callAsyncCircusFn (C:\Users\New\AppData\Local\npm-cache\_npx\b8d86e6551a4f492\node_modules\jest-circus\build\jestAdapterInit.js:1499:10)
    at _callCircusTest (C:\Users\New\AppData\Local\npm-cache\_npx\b8d86e6551a4f492\node_modules\jest-circus\build\jestAdapterInit.js:1009:40)
    at _runTest (C:\Users\New\AppData\Local\npm-cache\_npx\b8d86e6551a4f492\node_modules\jest-circus\build\jestAdapterInit.js:949:3)
    at _runTestsForDescribeBlock (C:\Users\New\AppData\Local\npm-cache\_npx\b8d86e6551a4f492\node_modules\jest-circus\build\jestAdapterInit.js:839:13)
    at _runTestsForDescribeBlock (C:\Users\New\AppData\Local\npm-cache\_npx\b8d86e6551a4f492\node_modules\jest-circus\build\jestAdapterInit.js:829:11)
    at run (C:\Users\New\AppData\Local\npm-cache\_npx\b8d86e6551a4f492\node_modules\jest-circus\build\jestAdapterInit.js:757:3)
    at runAndTransformResultsToJestFormat (C:\Users\New\AppData\Local\npm-cache\_npx\b8d86e6551a4f492\node_modules\jest-circus\build\jestAdapterInit.js:1920:21)
    at jestAdapter (C:\Users\New\AppData\Local\npm-cache\_npx\b8d86e6551a4f492\node_modules\jest-circus\build\runner.js:101:19)
    at runTestInternal (C:\Users\New\AppData\Local\npm-cache\_npx\b8d86e6551a4f492\node_modules\jest-runner\build\testWorker.js:275:16)
    at runTest (C:\Users\New\AppData\Local\npm-cache\_npx\b8d86e6551a4f492\node_modules\jest-runner\build\testWorker.js:343:7)
    at Object.worker (C:\Users\New\AppData\Local\npm-cache\_npx\b8d86e6551a4f492\node_modules\jest-runner\build\testWorker.js:497:12)</failure>
    </testcase>
    <testcase classname="EditorToolbar Accessibility should have accessible color pickers" name="EditorToolbar Accessibility should have accessible color pickers" time="0.115">
    </testcase>
  </testsuite>
  <testsuite name="useWebSocketService" errors="0" failures="4" skipped="0" timestamp="2025-07-23T23:39:34" time="3.12" tests="8">
    <testcase classname="useWebSocketService Connection establishes connection when connect is called" name="useWebSocketService Connection establishes connection when connect is called" time="0.224">
      <failure>Error: expect(received).toBe(expected) // Object.is equality

Expected: &quot;disconnected&quot;
Received: &quot;connecting&quot;
    at toBe (D:\BlogPro\client\src\plugins\texteditor\__tests__\useWebSocketService.test.ts:79:47)
    at Generator.call (D:\BlogPro\client\src\plugins\texteditor\__tests__\useWebSocketService.test.ts:2:1)
    at Generator._invoke [as next] (D:\BlogPro\client\src\plugins\texteditor\__tests__\useWebSocketService.test.ts:2:1)
    at asyncGeneratorStep (D:\BlogPro\client\src\plugins\texteditor\__tests__\useWebSocketService.test.ts:2:1)
    at asyncGeneratorStep (D:\BlogPro\client\src\plugins\texteditor\__tests__\useWebSocketService.test.ts:2:1)
    at _next (D:\BlogPro\client\src\plugins\texteditor\__tests__\useWebSocketService.test.ts:2:1)
    at new Promise (&lt;anonymous&gt;)
    at Object.&lt;anonymous&gt; (D:\BlogPro\client\src\plugins\texteditor\__tests__\useWebSocketService.test.ts:2:1)
    at Promise.finally.completed (C:\Users\New\AppData\Local\npm-cache\_npx\b8d86e6551a4f492\node_modules\jest-circus\build\jestAdapterInit.js:1559:28)
    at new Promise (&lt;anonymous&gt;)
    at callAsyncCircusFn (C:\Users\New\AppData\Local\npm-cache\_npx\b8d86e6551a4f492\node_modules\jest-circus\build\jestAdapterInit.js:1499:10)
    at _callCircusTest (C:\Users\New\AppData\Local\npm-cache\_npx\b8d86e6551a4f492\node_modules\jest-circus\build\jestAdapterInit.js:1009:40)
    at processTicksAndRejections (node:internal/process/task_queues:95:5)
    at _runTest (C:\Users\New\AppData\Local\npm-cache\_npx\b8d86e6551a4f492\node_modules\jest-circus\build\jestAdapterInit.js:949:3)
    at _runTestsForDescribeBlock (C:\Users\New\AppData\Local\npm-cache\_npx\b8d86e6551a4f492\node_modules\jest-circus\build\jestAdapterInit.js:839:13)
    at _runTestsForDescribeBlock (C:\Users\New\AppData\Local\npm-cache\_npx\b8d86e6551a4f492\node_modules\jest-circus\build\jestAdapterInit.js:829:11)
    at _runTestsForDescribeBlock (C:\Users\New\AppData\Local\npm-cache\_npx\b8d86e6551a4f492\node_modules\jest-circus\build\jestAdapterInit.js:829:11)
    at run (C:\Users\New\AppData\Local\npm-cache\_npx\b8d86e6551a4f492\node_modules\jest-circus\build\jestAdapterInit.js:757:3)
    at runAndTransformResultsToJestFormat (C:\Users\New\AppData\Local\npm-cache\_npx\b8d86e6551a4f492\node_modules\jest-circus\build\jestAdapterInit.js:1920:21)
    at jestAdapter (C:\Users\New\AppData\Local\npm-cache\_npx\b8d86e6551a4f492\node_modules\jest-circus\build\runner.js:101:19)
    at runTestInternal (C:\Users\New\AppData\Local\npm-cache\_npx\b8d86e6551a4f492\node_modules\jest-runner\build\testWorker.js:275:16)
    at runTest (C:\Users\New\AppData\Local\npm-cache\_npx\b8d86e6551a4f492\node_modules\jest-runner\build\testWorker.js:343:7)
    at Object.worker (C:\Users\New\AppData\Local\npm-cache\_npx\b8d86e6551a4f492\node_modules\jest-runner\build\testWorker.js:497:12)</failure>
    </testcase>
    <testcase classname="useWebSocketService Connection handles connection errors" name="useWebSocketService Connection handles connection errors" time="0.015">
      <failure>Error: expect(received).toBe(expected) // Object.is equality

Expected: &quot;error&quot;
Received: &quot;disconnected&quot;
    at toBe (D:\BlogPro\client\src\plugins\texteditor\__tests__\useWebSocketService.test.ts:120:47)
    at Generator.call (D:\BlogPro\client\src\plugins\texteditor\__tests__\useWebSocketService.test.ts:2:1)
    at Generator._invoke [as next] (D:\BlogPro\client\src\plugins\texteditor\__tests__\useWebSocketService.test.ts:2:1)
    at asyncGeneratorStep (D:\BlogPro\client\src\plugins\texteditor\__tests__\useWebSocketService.test.ts:2:1)
    at asyncGeneratorStep (D:\BlogPro\client\src\plugins\texteditor\__tests__\useWebSocketService.test.ts:2:1)</failure>
    </testcase>
    <testcase classname="useWebSocketService Connection disconnects and reconnects" name="useWebSocketService Connection disconnects and reconnects" time="0.05">
      <failure>Error: expect(received).toBe(expected) // Object.is equality

Expected: &quot;connected&quot;
Received: &quot;disconnected&quot;
    at toBe (D:\BlogPro\client\src\plugins\texteditor\__tests__\useWebSocketService.test.ts:157:47)
    at Generator.call (D:\BlogPro\client\src\plugins\texteditor\__tests__\useWebSocketService.test.ts:2:1)
    at Generator._invoke [as next] (D:\BlogPro\client\src\plugins\texteditor\__tests__\useWebSocketService.test.ts:2:1)
    at asyncGeneratorStep (D:\BlogPro\client\src\plugins\texteditor\__tests__\useWebSocketService.test.ts:2:1)
    at asyncGeneratorStep (D:\BlogPro\client\src\plugins\texteditor\__tests__\useWebSocketService.test.ts:2:1)</failure>
    </testcase>
    <testcase classname="useWebSocketService Sending Messages sends messages" name="useWebSocketService Sending Messages sends messages" time="0.11">
    </testcase>
    <testcase classname="useWebSocketService Sending Messages sends string messages" name="useWebSocketService Sending Messages sends string messages" time="0.007">
    </testcase>
    <testcase classname="useWebSocketService Receiving Messages receives messages" name="useWebSocketService Receiving Messages receives messages" time="0.065">
      <failure>Error: expect(received).toBe(expected) // Object.is equality

Expected: &quot;{\&quot;type\&quot;:\&quot;test\&quot;,\&quot;data\&quot;:\&quot;Hello World\&quot;}&quot;
Received: null
    at toBe (D:\BlogPro\client\src\plugins\texteditor\__tests__\useWebSocketService.test.ts:250:42)
    at Generator.call (D:\BlogPro\client\src\plugins\texteditor\__tests__\useWebSocketService.test.ts:2:1)
    at Generator._invoke [as next] (D:\BlogPro\client\src\plugins\texteditor\__tests__\useWebSocketService.test.ts:2:1)
    at asyncGeneratorStep (D:\BlogPro\client\src\plugins\texteditor\__tests__\useWebSocketService.test.ts:2:1)
    at asyncGeneratorStep (D:\BlogPro\client\src\plugins\texteditor\__tests__\useWebSocketService.test.ts:2:1)</failure>
    </testcase>
    <testcase classname="useWebSocketService Receiving Messages handles connection close" name="useWebSocketService Receiving Messages handles connection close" time="0.098">
    </testcase>
    <testcase classname="useWebSocketService Receiving Messages cleanup on unmount" name="useWebSocketService Receiving Messages cleanup on unmount" time="0.003">
    </testcase>
  </testsuite>
  <testsuite name="useRevisions Hook" errors="0" failures="6" skipped="0" timestamp="2025-07-23T23:39:34" time="3.912" tests="7">
    <testcase classname="useRevisions Hook Initialization initializes with empty revisions array" name="useRevisions Hook Initialization initializes with empty revisions array" time="0.17">
      <failure>Error: expect(received).toBe(expected) // Object.is equality

Expected: 1
Received: 0
    at Object.toBe (D:\BlogPro\client\src\plugins\texteditor\__tests__\hooks\useRevisions.test.ts:61:47)
    at Promise.finally.completed (C:\Users\New\AppData\Local\npm-cache\_npx\b8d86e6551a4f492\node_modules\jest-circus\build\jestAdapterInit.js:1559:28)
    at new Promise (&lt;anonymous&gt;)
    at callAsyncCircusFn (C:\Users\New\AppData\Local\npm-cache\_npx\b8d86e6551a4f492\node_modules\jest-circus\build\jestAdapterInit.js:1499:10)
    at _callCircusTest (C:\Users\New\AppData\Local\npm-cache\_npx\b8d86e6551a4f492\node_modules\jest-circus\build\jestAdapterInit.js:1009:40)
    at processTicksAndRejections (node:internal/process/task_queues:95:5)
    at _runTest (C:\Users\New\AppData\Local\npm-cache\_npx\b8d86e6551a4f492\node_modules\jest-circus\build\jestAdapterInit.js:949:3)
    at _runTestsForDescribeBlock (C:\Users\New\AppData\Local\npm-cache\_npx\b8d86e6551a4f492\node_modules\jest-circus\build\jestAdapterInit.js:839:13)
    at _runTestsForDescribeBlock (C:\Users\New\AppData\Local\npm-cache\_npx\b8d86e6551a4f492\node_modules\jest-circus\build\jestAdapterInit.js:829:11)
    at _runTestsForDescribeBlock (C:\Users\New\AppData\Local\npm-cache\_npx\b8d86e6551a4f492\node_modules\jest-circus\build\jestAdapterInit.js:829:11)
    at run (C:\Users\New\AppData\Local\npm-cache\_npx\b8d86e6551a4f492\node_modules\jest-circus\build\jestAdapterInit.js:757:3)
    at runAndTransformResultsToJestFormat (C:\Users\New\AppData\Local\npm-cache\_npx\b8d86e6551a4f492\node_modules\jest-circus\build\jestAdapterInit.js:1920:21)
    at jestAdapter (C:\Users\New\AppData\Local\npm-cache\_npx\b8d86e6551a4f492\node_modules\jest-circus\build\runner.js:101:19)
    at runTestInternal (C:\Users\New\AppData\Local\npm-cache\_npx\b8d86e6551a4f492\node_modules\jest-runner\build\testWorker.js:275:16)
    at runTest (C:\Users\New\AppData\Local\npm-cache\_npx\b8d86e6551a4f492\node_modules\jest-runner\build\testWorker.js:343:7)
    at Object.worker (C:\Users\New\AppData\Local\npm-cache\_npx\b8d86e6551a4f492\node_modules\jest-runner\build\testWorker.js:497:12)</failure>
    </testcase>
    <testcase classname="useRevisions Hook Initialization provides expected API" name="useRevisions Hook Initialization provides expected API" time="0.011">
    </testcase>
    <testcase classname="useRevisions Hook Revision Management creates a new revision" name="useRevisions Hook Revision Management creates a new revision" time="0.178">
      <failure>Error: expect(received).toBe(expected) // Object.is equality

Expected: 2
Received: 0
    at toBe (D:\BlogPro\client\src\plugins\texteditor\__tests__\hooks\useRevisions.test.ts:102:47)
    at Generator.call (D:\BlogPro\client\src\plugins\texteditor\__tests__\hooks\useRevisions.test.ts:2:1)
    at Generator._invoke [as next] (D:\BlogPro\client\src\plugins\texteditor\__tests__\hooks\useRevisions.test.ts:2:1)
    at asyncGeneratorStep (D:\BlogPro\client\src\plugins\texteditor\__tests__\hooks\useRevisions.test.ts:2:1)
    at asyncGeneratorStep (D:\BlogPro\client\src\plugins\texteditor\__tests__\hooks\useRevisions.test.ts:2:1)</failure>
    </testcase>
    <testcase classname="useRevisions Hook Revision Management checks for auto revision" name="useRevisions Hook Revision Management checks for auto revision" time="0.213">
      <failure>Error: expect(received).toBe(expected) // Object.is equality

Expected: 1
Received: 0
    at toBe (D:\BlogPro\client\src\plugins\texteditor\__tests__\hooks\useRevisions.test.ts:126:47)
    at Generator.call (D:\BlogPro\client\src\plugins\texteditor\__tests__\hooks\useRevisions.test.ts:2:1)
    at Generator._invoke [as next] (D:\BlogPro\client\src\plugins\texteditor\__tests__\hooks\useRevisions.test.ts:2:1)
    at asyncGeneratorStep (D:\BlogPro\client\src\plugins\texteditor\__tests__\hooks\useRevisions.test.ts:2:1)
    at asyncGeneratorStep (D:\BlogPro\client\src\plugins\texteditor\__tests__\hooks\useRevisions.test.ts:2:1)</failure>
    </testcase>
    <testcase classname="useRevisions Hook Revision Viewing views a revision" name="useRevisions Hook Revision Viewing views a revision" time="0.185">
      <failure>TypeError: Cannot read properties of undefined (reading &apos;id&apos;)
    at id (D:\BlogPro\client\src\plugins\texteditor\__tests__\hooks\useRevisions.test.ts:160:54)
    at Generator.call (D:\BlogPro\client\src\plugins\texteditor\__tests__\hooks\useRevisions.test.ts:2:1)
    at Generator._invoke [as next] (D:\BlogPro\client\src\plugins\texteditor\__tests__\hooks\useRevisions.test.ts:2:1)
    at asyncGeneratorStep (D:\BlogPro\client\src\plugins\texteditor\__tests__\hooks\useRevisions.test.ts:2:1)
    at asyncGeneratorStep (D:\BlogPro\client\src\plugins\texteditor\__tests__\hooks\useRevisions.test.ts:2:1)</failure>
    </testcase>
    <testcase classname="useRevisions Hook Revision Viewing restores a revision" name="useRevisions Hook Revision Viewing restores a revision" time="0.225">
      <failure>TypeError: Cannot read properties of undefined (reading &apos;id&apos;)
    at id (D:\BlogPro\client\src\plugins\texteditor\__tests__\hooks\useRevisions.test.ts:190:54)
    at Generator.call (D:\BlogPro\client\src\plugins\texteditor\__tests__\hooks\useRevisions.test.ts:2:1)
    at Generator._invoke [as next] (D:\BlogPro\client\src\plugins\texteditor\__tests__\hooks\useRevisions.test.ts:2:1)
    at asyncGeneratorStep (D:\BlogPro\client\src\plugins\texteditor\__tests__\hooks\useRevisions.test.ts:2:1)
    at asyncGeneratorStep (D:\BlogPro\client\src\plugins\texteditor\__tests__\hooks\useRevisions.test.ts:2:1)</failure>
    </testcase>
    <testcase classname="useRevisions Hook Revision Viewing exits revision view" name="useRevisions Hook Revision Viewing exits revision view" time="0.209">
      <failure>TypeError: Cannot read properties of undefined (reading &apos;id&apos;)
    at id (D:\BlogPro\client\src\plugins\texteditor\__tests__\hooks\useRevisions.test.ts:224:65)
    at callback (D:\BlogPro\client\src\plugins\texteditor\__tests__\HookTestingUtils.ts:81:16)
    at Generator.call (D:\BlogPro\client\src\plugins\texteditor\__tests__\HookTestingUtils.ts:2:1)
    at Generator._invoke [as next] (D:\BlogPro\client\src\plugins\texteditor\__tests__\HookTestingUtils.ts:2:1)
    at asyncGeneratorStep (D:\BlogPro\client\src\plugins\texteditor\__tests__\HookTestingUtils.ts:2:1)
    at asyncGeneratorStep (D:\BlogPro\client\src\plugins\texteditor\__tests__\HookTestingUtils.ts:2:1)
    at _next (D:\BlogPro\client\src\plugins\texteditor\__tests__\HookTestingUtils.ts:2:1)
    at new Promise (&lt;anonymous&gt;)
    at D:\BlogPro\client\src\plugins\texteditor\__tests__\HookTestingUtils.ts:2:1
    at D:\BlogPro\node_modules\@testing-library\react\dist\act-compat.js:48:24
    at act (D:\BlogPro\node_modules\react\cjs\react.development.js:2512:16)
    at D:\BlogPro\node_modules\@testing-library\react\dist\act-compat.js:47:25
    at D:\BlogPro\client\src\plugins\texteditor\__tests__\HookTestingUtils.ts:80:14
    at Generator.call (D:\BlogPro\client\src\plugins\texteditor\__tests__\HookTestingUtils.ts:2:1)
    at Generator._invoke [as next] (D:\BlogPro\client\src\plugins\texteditor\__tests__\HookTestingUtils.ts:2:1)
    at asyncGeneratorStep (D:\BlogPro\client\src\plugins\texteditor\__tests__\HookTestingUtils.ts:2:1)
    at asyncGeneratorStep (D:\BlogPro\client\src\plugins\texteditor\__tests__\HookTestingUtils.ts:2:1)
    at _next (D:\BlogPro\client\src\plugins\texteditor\__tests__\HookTestingUtils.ts:2:1)
    at new Promise (&lt;anonymous&gt;)
    at D:\BlogPro\client\src\plugins\texteditor\__tests__\HookTestingUtils.ts:2:1
    at apply (D:\BlogPro\client\src\plugins\texteditor\__tests__\HookTestingUtils.ts:76:30)
    at D:\BlogPro\client\src\plugins\texteditor\__tests__\hooks\useRevisions.test.ts:223:20
    at Generator.call (D:\BlogPro\client\src\plugins\texteditor\__tests__\hooks\useRevisions.test.ts:2:1)
    at Generator._invoke [as next] (D:\BlogPro\client\src\plugins\texteditor\__tests__\hooks\useRevisions.test.ts:2:1)
    at asyncGeneratorStep (D:\BlogPro\client\src\plugins\texteditor\__tests__\hooks\useRevisions.test.ts:2:1)
    at asyncGeneratorStep (D:\BlogPro\client\src\plugins\texteditor\__tests__\hooks\useRevisions.test.ts:2:1)</failure>
    </testcase>
  </testsuite>
  <testsuite name="FormattingToolbar" errors="0" failures="2" skipped="0" timestamp="2025-07-23T23:39:34" time="5.132" tests="7">
    <testcase classname="FormattingToolbar Rendering renders formatting options" name="FormattingToolbar Rendering renders formatting options" time="0.315">
    </testcase>
    <testcase classname="FormattingToolbar Rendering renders with active formatting" name="FormattingToolbar Rendering renders with active formatting" time="0.067">
      <failure>Error: expect(received).toBeTruthy()

Received: false
    at Object.toBeTruthy (D:\BlogPro\client\src\plugins\texteditor\__tests__\FormattingToolbar.test.tsx:93:57)
    at Promise.finally.completed (C:\Users\New\AppData\Local\npm-cache\_npx\b8d86e6551a4f492\node_modules\jest-circus\build\jestAdapterInit.js:1559:28)
    at new Promise (&lt;anonymous&gt;)
    at callAsyncCircusFn (C:\Users\New\AppData\Local\npm-cache\_npx\b8d86e6551a4f492\node_modules\jest-circus\build\jestAdapterInit.js:1499:10)
    at _callCircusTest (C:\Users\New\AppData\Local\npm-cache\_npx\b8d86e6551a4f492\node_modules\jest-circus\build\jestAdapterInit.js:1009:40)
    at processTicksAndRejections (node:internal/process/task_queues:95:5)
    at _runTest (C:\Users\New\AppData\Local\npm-cache\_npx\b8d86e6551a4f492\node_modules\jest-circus\build\jestAdapterInit.js:949:3)
    at _runTestsForDescribeBlock (C:\Users\New\AppData\Local\npm-cache\_npx\b8d86e6551a4f492\node_modules\jest-circus\build\jestAdapterInit.js:839:13)
    at _runTestsForDescribeBlock (C:\Users\New\AppData\Local\npm-cache\_npx\b8d86e6551a4f492\node_modules\jest-circus\build\jestAdapterInit.js:829:11)
    at _runTestsForDescribeBlock (C:\Users\New\AppData\Local\npm-cache\_npx\b8d86e6551a4f492\node_modules\jest-circus\build\jestAdapterInit.js:829:11)
    at run (C:\Users\New\AppData\Local\npm-cache\_npx\b8d86e6551a4f492\node_modules\jest-circus\build\jestAdapterInit.js:757:3)
    at runAndTransformResultsToJestFormat (C:\Users\New\AppData\Local\npm-cache\_npx\b8d86e6551a4f492\node_modules\jest-circus\build\jestAdapterInit.js:1920:21)
    at jestAdapter (C:\Users\New\AppData\Local\npm-cache\_npx\b8d86e6551a4f492\node_modules\jest-circus\build\runner.js:101:19)
    at runTestInternal (C:\Users\New\AppData\Local\npm-cache\_npx\b8d86e6551a4f492\node_modules\jest-runner\build\testWorker.js:275:16)
    at runTest (C:\Users\New\AppData\Local\npm-cache\_npx\b8d86e6551a4f492\node_modules\jest-runner\build\testWorker.js:343:7)
    at Object.worker (C:\Users\New\AppData\Local\npm-cache\_npx\b8d86e6551a4f492\node_modules\jest-runner\build\testWorker.js:497:12)</failure>
    </testcase>
    <testcase classname="FormattingToolbar Formatting Actions calls format function when formatting buttons are clicked" name="FormattingToolbar Formatting Actions calls format function when formatting buttons are clicked" time="1.307">
    </testcase>
    <testcase classname="FormattingToolbar Formatting Actions calls font size function when font size is changed" name="FormattingToolbar Formatting Actions calls font size function when font size is changed" time="0.285">
    </testcase>
    <testcase classname="FormattingToolbar Formatting Actions calls font color function when color is selected" name="FormattingToolbar Formatting Actions calls font color function when color is selected" time="0.182">
    </testcase>
    <testcase classname="FormattingToolbar Formatting Actions calls background color function when color is selected" name="FormattingToolbar Formatting Actions calls background color function when color is selected" time="0.218">
    </testcase>
    <testcase classname="FormattingToolbar Mixed Formatting handles mixed formatting states" name="FormattingToolbar Mixed Formatting handles mixed formatting states" time="0.119">
      <failure>Error: expect(received).toBeTruthy()

Received: false
    at Object.toBeTruthy (D:\BlogPro\client\src\plugins\texteditor\__tests__\FormattingToolbar.test.tsx:265:59)
    at Promise.finally.completed (C:\Users\New\AppData\Local\npm-cache\_npx\b8d86e6551a4f492\node_modules\jest-circus\build\jestAdapterInit.js:1559:28)
    at new Promise (&lt;anonymous&gt;)
    at callAsyncCircusFn (C:\Users\New\AppData\Local\npm-cache\_npx\b8d86e6551a4f492\node_modules\jest-circus\build\jestAdapterInit.js:1499:10)
    at _callCircusTest (C:\Users\New\AppData\Local\npm-cache\_npx\b8d86e6551a4f492\node_modules\jest-circus\build\jestAdapterInit.js:1009:40)
    at _runTest (C:\Users\New\AppData\Local\npm-cache\_npx\b8d86e6551a4f492\node_modules\jest-circus\build\jestAdapterInit.js:949:3)
    at _runTestsForDescribeBlock (C:\Users\New\AppData\Local\npm-cache\_npx\b8d86e6551a4f492\node_modules\jest-circus\build\jestAdapterInit.js:839:13)
    at _runTestsForDescribeBlock (C:\Users\New\AppData\Local\npm-cache\_npx\b8d86e6551a4f492\node_modules\jest-circus\build\jestAdapterInit.js:829:11)
    at _runTestsForDescribeBlock (C:\Users\New\AppData\Local\npm-cache\_npx\b8d86e6551a4f492\node_modules\jest-circus\build\jestAdapterInit.js:829:11)
    at run (C:\Users\New\AppData\Local\npm-cache\_npx\b8d86e6551a4f492\node_modules\jest-circus\build\jestAdapterInit.js:757:3)
    at runAndTransformResultsToJestFormat (C:\Users\New\AppData\Local\npm-cache\_npx\b8d86e6551a4f492\node_modules\jest-circus\build\jestAdapterInit.js:1920:21)
    at jestAdapter (C:\Users\New\AppData\Local\npm-cache\_npx\b8d86e6551a4f492\node_modules\jest-circus\build\runner.js:101:19)
    at runTestInternal (C:\Users\New\AppData\Local\npm-cache\_npx\b8d86e6551a4f492\node_modules\jest-runner\build\testWorker.js:275:16)
    at runTest (C:\Users\New\AppData\Local\npm-cache\_npx\b8d86e6551a4f492\node_modules\jest-runner\build\testWorker.js:343:7)
    at Object.worker (C:\Users\New\AppData\Local\npm-cache\_npx\b8d86e6551a4f492\node_modules\jest-runner\build\testWorker.js:497:12)</failure>
    </testcase>
  </testsuite>
  <testsuite name="EditorStatusBar" errors="0" failures="2" skipped="0" timestamp="2025-07-23T23:39:38" time="3.079" tests="10">
    <testcase classname="EditorStatusBar Rendering renders with default props" name="EditorStatusBar Rendering renders with default props" time="0.385">
    </testcase>
    <testcase classname="EditorStatusBar Rendering renders with non-zero counts" name="EditorStatusBar Rendering renders with non-zero counts" time="0.088">
    </testcase>
    <testcase classname="EditorStatusBar Rendering renders with selection" name="EditorStatusBar Rendering renders with selection" time="0.029">
      <failure>TestingLibraryElementError: Unable to find an element with the text: 12 characters selected. This could be because the text is broken up by multiple elements. In this case, you can provide a function for your text matcher to make your matcher more flexible.

Ignored nodes: comments, script, style
&lt;body&gt;
  &lt;div&gt;
    &lt;div&gt;
      &lt;div&gt;
        &lt;div&gt;
          &lt;div&gt;
            &lt;svg
              aria-hidden=&quot;true&quot;
              class=&quot;lucide lucide-mouse-pointer&quot;
              fill=&quot;none&quot;
              height=&quot;14&quot;
              stroke=&quot;currentColor&quot;
              stroke-linecap=&quot;round&quot;
              stroke-linejoin=&quot;round&quot;
              stroke-width=&quot;2&quot;
              viewBox=&quot;0 0 24 24&quot;
              width=&quot;14&quot;
              xmlns=&quot;http://www.w3.org/2000/svg&quot;
            &gt;
              &lt;path
                d=&quot;M12.586 12.586 19 19&quot;
              /&gt;
              &lt;path
                d=&quot;M3.688 3.037a.497.497 0 0 0-.651.651l6.5 15.999a.501.501 0 0 0 .947-.062l1.569-6.083a2 2 0 0 1 1.448-1.479l6.124-1.579a.5.5 0 0 0 .063-.947z&quot;
              /&gt;
            &lt;/svg&gt;
            &lt;span&gt;
              Line 
              1
              , Column 
              1
            &lt;/span&gt;
          &lt;/div&gt;
          &lt;div&gt;
            &lt;span&gt;
              13
               characters selected
            &lt;/span&gt;
          &lt;/div&gt;
        &lt;/div&gt;
        &lt;div&gt;
          &lt;div&gt;
            &lt;svg
              aria-hidden=&quot;true&quot;
              class=&quot;lucide lucide-file-text&quot;
              fill=&quot;none&quot;
              height=&quot;14&quot;
              stroke=&quot;currentColor&quot;
              stroke-linecap=&quot;round&quot;
              stroke-linejoin=&quot;round&quot;
              stroke-width=&quot;2&quot;
              viewBox=&quot;0 0 24 24&quot;
              width=&quot;14&quot;
              xmlns=&quot;http://www.w3.org/2000/svg&quot;
            &gt;
              &lt;path
                d=&quot;M15 2H6a2 2 0 0 0-2 2v16a2 2 0 0 0 2 2h12a2 2 0 0 0 2-2V7Z&quot;
              /&gt;
              &lt;path
                d=&quot;M14 2v4a2 2 0 0 0 2 2h4&quot;
              /&gt;
              &lt;path
                d=&quot;M10 9H8&quot;
              /&gt;
              &lt;path
                d=&quot;M16 13H8&quot;
              /&gt;
              &lt;path
                d=&quot;M16 17H8&quot;
              /&gt;
            &lt;/svg&gt;
            &lt;span&gt;
              Characters: 
              100
               | Words: 
              20
               | Paragraphs: 
              2
               | Reading time: 
              1 min
            &lt;/span&gt;
          &lt;/div&gt;
          &lt;div&gt;
            &lt;svg
              aria-hidden=&quot;true&quot;
              class=&quot;lucide lucide-code&quot;
              fill=&quot;none&quot;
              height=&quot;14&quot;
              stroke=&quot;currentColor&quot;
              stroke-linecap=&quot;round&quot;
              stroke-linejoin=&quot;round&quot;
              stroke-width=&quot;2&quot;
              viewBox=&quot;0 0 24 24&quot;
              width=&quot;14&quot;
              xmlns=&quot;http://www.w3.org/2000/svg&quot;
            &gt;
              &lt;path
                d=&quot;m16 18 6-6-6-6&quot;
              /&gt;
              &lt;path
                d=&quot;m8 6-6 6 6 6&quot;
              /&gt;
            &lt;/svg&gt;
            &lt;span&gt;
              UTF-8
            &lt;/span&gt;
          &lt;/div&gt;
        &lt;/div&gt;
      &lt;/div&gt;
    &lt;/div&gt;
  &lt;/div&gt;
&lt;/body&gt;
    at Object.getElementError (D:\BlogPro\node_modules\@testing-library\dom\dist\config.js:37:19)
    at D:\BlogPro\node_modules\@testing-library\dom\dist\query-helpers.js:76:38
    at D:\BlogPro\node_modules\@testing-library\dom\dist\query-helpers.js:52:17
    at D:\BlogPro\node_modules\@testing-library\dom\dist\query-helpers.js:95:19
    at Object.getByText (D:\BlogPro\client\src\plugins\texteditor\__tests__\EditorStatusBar.test.tsx:86:21)
    at Promise.finally.completed (C:\Users\New\AppData\Local\npm-cache\_npx\b8d86e6551a4f492\node_modules\jest-circus\build\jestAdapterInit.js:1559:28)
    at new Promise (&lt;anonymous&gt;)
    at callAsyncCircusFn (C:\Users\New\AppData\Local\npm-cache\_npx\b8d86e6551a4f492\node_modules\jest-circus\build\jestAdapterInit.js:1499:10)
    at _callCircusTest (C:\Users\New\AppData\Local\npm-cache\_npx\b8d86e6551a4f492\node_modules\jest-circus\build\jestAdapterInit.js:1009:40)
    at processTicksAndRejections (node:internal/process/task_queues:95:5)
    at _runTest (C:\Users\New\AppData\Local\npm-cache\_npx\b8d86e6551a4f492\node_modules\jest-circus\build\jestAdapterInit.js:949:3)
    at _runTestsForDescribeBlock (C:\Users\New\AppData\Local\npm-cache\_npx\b8d86e6551a4f492\node_modules\jest-circus\build\jestAdapterInit.js:839:13)
    at _runTestsForDescribeBlock (C:\Users\New\AppData\Local\npm-cache\_npx\b8d86e6551a4f492\node_modules\jest-circus\build\jestAdapterInit.js:829:11)
    at _runTestsForDescribeBlock (C:\Users\New\AppData\Local\npm-cache\_npx\b8d86e6551a4f492\node_modules\jest-circus\build\jestAdapterInit.js:829:11)
    at run (C:\Users\New\AppData\Local\npm-cache\_npx\b8d86e6551a4f492\node_modules\jest-circus\build\jestAdapterInit.js:757:3)
    at runAndTransformResultsToJestFormat (C:\Users\New\AppData\Local\npm-cache\_npx\b8d86e6551a4f492\node_modules\jest-circus\build\jestAdapterInit.js:1920:21)
    at jestAdapter (C:\Users\New\AppData\Local\npm-cache\_npx\b8d86e6551a4f492\node_modules\jest-circus\build\runner.js:101:19)
    at runTestInternal (C:\Users\New\AppData\Local\npm-cache\_npx\b8d86e6551a4f492\node_modules\jest-runner\build\testWorker.js:275:16)
    at runTest (C:\Users\New\AppData\Local\npm-cache\_npx\b8d86e6551a4f492\node_modules\jest-runner\build\testWorker.js:343:7)
    at Object.worker (C:\Users\New\AppData\Local\npm-cache\_npx\b8d86e6551a4f492\node_modules\jest-runner\build\testWorker.js:497:12)</failure>
    </testcase>
    <testcase classname="EditorStatusBar Rendering renders with encoding info" name="EditorStatusBar Rendering renders with encoding info" time="0.062">
    </testcase>
    <testcase classname="EditorStatusBar Display displays paragraph count" name="EditorStatusBar Display displays paragraph count" time="0.01">
    </testcase>
    <testcase classname="EditorStatusBar Display displays reading time" name="EditorStatusBar Display displays reading time" time="0.151">
    </testcase>
    <testcase classname="EditorStatusBar Cursor Position displays cursor position with multi-digit line and column" name="EditorStatusBar Cursor Position displays cursor position with multi-digit line and column" time="0.029">
    </testcase>
    <testcase classname="EditorStatusBar Cursor Position displays cursor position at document start" name="EditorStatusBar Cursor Position displays cursor position at document start" time="0.04">
    </testcase>
    <testcase classname="EditorStatusBar Selection Information displays selection information with multi-character selection" name="EditorStatusBar Selection Information displays selection information with multi-character selection" time="0.167">
      <failure>TestingLibraryElementError: Unable to find an element with the text: 25 characters selected. This could be because the text is broken up by multiple elements. In this case, you can provide a function for your text matcher to make your matcher more flexible.

Ignored nodes: comments, script, style
&lt;body&gt;
  &lt;div&gt;
    &lt;div&gt;
      &lt;div&gt;
        &lt;div&gt;
          &lt;div&gt;
            &lt;svg
              aria-hidden=&quot;true&quot;
              class=&quot;lucide lucide-mouse-pointer&quot;
              fill=&quot;none&quot;
              height=&quot;14&quot;
              stroke=&quot;currentColor&quot;
              stroke-linecap=&quot;round&quot;
              stroke-linejoin=&quot;round&quot;
              stroke-width=&quot;2&quot;
              viewBox=&quot;0 0 24 24&quot;
              width=&quot;14&quot;
              xmlns=&quot;http://www.w3.org/2000/svg&quot;
            &gt;
              &lt;path
                d=&quot;M12.586 12.586 19 19&quot;
              /&gt;
              &lt;path
                d=&quot;M3.688 3.037a.497.497 0 0 0-.651.651l6.5 15.999a.501.501 0 0 0 .947-.062l1.569-6.083a2 2 0 0 1 1.448-1.479l6.124-1.579a.5.5 0 0 0 .063-.947z&quot;
              /&gt;
            &lt;/svg&gt;
            &lt;span&gt;
              Line 
              5
              , Column 
              10
            &lt;/span&gt;
          &lt;/div&gt;
          &lt;div&gt;
            &lt;span&gt;
              26
               characters selected
            &lt;/span&gt;
          &lt;/div&gt;
        &lt;/div&gt;
        &lt;div&gt;
          &lt;div&gt;
            &lt;svg
              aria-hidden=&quot;true&quot;
              class=&quot;lucide lucide-file-text&quot;
              fill=&quot;none&quot;
              height=&quot;14&quot;
              stroke=&quot;currentColor&quot;
              stroke-linecap=&quot;round&quot;
              stroke-linejoin=&quot;round&quot;
              stroke-width=&quot;2&quot;
              viewBox=&quot;0 0 24 24&quot;
              width=&quot;14&quot;
              xmlns=&quot;http://www.w3.org/2000/svg&quot;
            &gt;
              &lt;path
                d=&quot;M15 2H6a2 2 0 0 0-2 2v16a2 2 0 0 0 2 2h12a2 2 0 0 0 2-2V7Z&quot;
              /&gt;
              &lt;path
                d=&quot;M14 2v4a2 2 0 0 0 2 2h4&quot;
              /&gt;
              &lt;path
                d=&quot;M10 9H8&quot;
              /&gt;
              &lt;path
                d=&quot;M16 13H8&quot;
              /&gt;
              &lt;path
                d=&quot;M16 17H8&quot;
              /&gt;
            &lt;/svg&gt;
            &lt;span&gt;
              Characters: 
              1000
               | Words: 
              200
               | Paragraphs: 
              20
               | Reading time: 
              2 min
            &lt;/span&gt;
          &lt;/div&gt;
          &lt;div&gt;
            &lt;svg
              aria-hidden=&quot;true&quot;
              class=&quot;lucide lucide-code&quot;
              fill=&quot;none&quot;
              height=&quot;14&quot;
              stroke=&quot;currentColor&quot;
              stroke-linecap=&quot;round&quot;
              stroke-linejoin=&quot;round&quot;
              stroke-width=&quot;2&quot;
              viewBox=&quot;0 0 24 24&quot;
              width=&quot;14&quot;
              xmlns=&quot;http://www.w3.org/2000/svg&quot;
            &gt;
              &lt;path
                d=&quot;m16 18 6-6-6-6&quot;
              /&gt;
              &lt;path
                d=&quot;m8 6-6 6 6 6&quot;
              /&gt;
            &lt;/svg&gt;
            &lt;span&gt;
              UTF-8
            &lt;/span&gt;
          &lt;/div&gt;
        &lt;/div&gt;
      &lt;/div&gt;
    &lt;/div&gt;
  &lt;/div&gt;
&lt;/body&gt;
    at Object.getElementError (D:\BlogPro\node_modules\@testing-library\dom\dist\config.js:37:19)
    at D:\BlogPro\node_modules\@testing-library\dom\dist\query-helpers.js:76:38
    at D:\BlogPro\node_modules\@testing-library\dom\dist\query-helpers.js:52:17
    at D:\BlogPro\node_modules\@testing-library\dom\dist\query-helpers.js:95:19
    at Object.getByText (D:\BlogPro\client\src\plugins\texteditor\__tests__\EditorStatusBar.test.tsx:206:21)
    at Promise.finally.completed (C:\Users\New\AppData\Local\npm-cache\_npx\b8d86e6551a4f492\node_modules\jest-circus\build\jestAdapterInit.js:1559:28)
    at new Promise (&lt;anonymous&gt;)
    at callAsyncCircusFn (C:\Users\New\AppData\Local\npm-cache\_npx\b8d86e6551a4f492\node_modules\jest-circus\build\jestAdapterInit.js:1499:10)
    at _callCircusTest (C:\Users\New\AppData\Local\npm-cache\_npx\b8d86e6551a4f492\node_modules\jest-circus\build\jestAdapterInit.js:1009:40)
    at processTicksAndRejections (node:internal/process/task_queues:95:5)
    at _runTest (C:\Users\New\AppData\Local\npm-cache\_npx\b8d86e6551a4f492\node_modules\jest-circus\build\jestAdapterInit.js:949:3)
    at _runTestsForDescribeBlock (C:\Users\New\AppData\Local\npm-cache\_npx\b8d86e6551a4f492\node_modules\jest-circus\build\jestAdapterInit.js:839:13)
    at _runTestsForDescribeBlock (C:\Users\New\AppData\Local\npm-cache\_npx\b8d86e6551a4f492\node_modules\jest-circus\build\jestAdapterInit.js:829:11)
    at _runTestsForDescribeBlock (C:\Users\New\AppData\Local\npm-cache\_npx\b8d86e6551a4f492\node_modules\jest-circus\build\jestAdapterInit.js:829:11)
    at run (C:\Users\New\AppData\Local\npm-cache\_npx\b8d86e6551a4f492\node_modules\jest-circus\build\jestAdapterInit.js:757:3)
    at runAndTransformResultsToJestFormat (C:\Users\New\AppData\Local\npm-cache\_npx\b8d86e6551a4f492\node_modules\jest-circus\build\jestAdapterInit.js:1920:21)
    at jestAdapter (C:\Users\New\AppData\Local\npm-cache\_npx\b8d86e6551a4f492\node_modules\jest-circus\build\runner.js:101:19)
    at runTestInternal (C:\Users\New\AppData\Local\npm-cache\_npx\b8d86e6551a4f492\node_modules\jest-runner\build\testWorker.js:275:16)
    at runTest (C:\Users\New\AppData\Local\npm-cache\_npx\b8d86e6551a4f492\node_modules\jest-runner\build\testWorker.js:343:7)
    at Object.worker (C:\Users\New\AppData\Local\npm-cache\_npx\b8d86e6551a4f492\node_modules\jest-runner\build\testWorker.js:497:12)</failure>
    </testcase>
    <testcase classname="EditorStatusBar Status Updates updates when props change" name="EditorStatusBar Status Updates updates when props change" time="0.043">
    </testcase>
  </testsuite>
  <testsuite name="useEditor Hook" errors="0" failures="16" skipped="0" timestamp="2025-07-23T23:39:38" time="2.712" tests="16">
    <testcase classname="useEditor Hook Initialization initializes with default document when no content provided" name="useEditor Hook Initialization initializes with default document when no content provided" time="0.003">
      <failure>TypeError: Failed to execute &apos;appendChild&apos; on &apos;Node&apos;: parameter 1 is not of type &apos;Node&apos;.
    at Object.exports.convert (D:\BlogPro\node_modules\jest-environment-jsdom\node_modules\jsdom\lib\jsdom\living\generated\Node.js:25:9)
    at HTMLBodyElement.appendChild (D:\BlogPro\node_modules\jest-environment-jsdom\node_modules\jsdom\lib\jsdom\living\generated\Node.js:404:26)
    at render (D:\BlogPro\node_modules\@testing-library\react\dist\pure.js:260:29)
    at testHook (D:\BlogPro\client\src\plugins\texteditor\__tests__\HookTestingUtils.ts:27:30)
    at Object.&lt;anonymous&gt; (D:\BlogPro\client\src\plugins\texteditor\__tests__\hooks\useEditor.test.ts:71:34)
    at Promise.finally.completed (C:\Users\New\AppData\Local\npm-cache\_npx\b8d86e6551a4f492\node_modules\jest-circus\build\jestAdapterInit.js:1559:28)
    at new Promise (&lt;anonymous&gt;)
    at callAsyncCircusFn (C:\Users\New\AppData\Local\npm-cache\_npx\b8d86e6551a4f492\node_modules\jest-circus\build\jestAdapterInit.js:1499:10)
    at _callCircusTest (C:\Users\New\AppData\Local\npm-cache\_npx\b8d86e6551a4f492\node_modules\jest-circus\build\jestAdapterInit.js:1009:40)
    at processTicksAndRejections (node:internal/process/task_queues:95:5)
    at _runTest (C:\Users\New\AppData\Local\npm-cache\_npx\b8d86e6551a4f492\node_modules\jest-circus\build\jestAdapterInit.js:949:3)
    at _runTestsForDescribeBlock (C:\Users\New\AppData\Local\npm-cache\_npx\b8d86e6551a4f492\node_modules\jest-circus\build\jestAdapterInit.js:839:13)
    at _runTestsForDescribeBlock (C:\Users\New\AppData\Local\npm-cache\_npx\b8d86e6551a4f492\node_modules\jest-circus\build\jestAdapterInit.js:829:11)
    at _runTestsForDescribeBlock (C:\Users\New\AppData\Local\npm-cache\_npx\b8d86e6551a4f492\node_modules\jest-circus\build\jestAdapterInit.js:829:11)
    at run (C:\Users\New\AppData\Local\npm-cache\_npx\b8d86e6551a4f492\node_modules\jest-circus\build\jestAdapterInit.js:757:3)
    at runAndTransformResultsToJestFormat (C:\Users\New\AppData\Local\npm-cache\_npx\b8d86e6551a4f492\node_modules\jest-circus\build\jestAdapterInit.js:1920:21)
    at jestAdapter (C:\Users\New\AppData\Local\npm-cache\_npx\b8d86e6551a4f492\node_modules\jest-circus\build\runner.js:101:19)
    at runTestInternal (C:\Users\New\AppData\Local\npm-cache\_npx\b8d86e6551a4f492\node_modules\jest-runner\build\testWorker.js:275:16)
    at runTest (C:\Users\New\AppData\Local\npm-cache\_npx\b8d86e6551a4f492\node_modules\jest-runner\build\testWorker.js:343:7)
    at Object.worker (C:\Users\New\AppData\Local\npm-cache\_npx\b8d86e6551a4f492\node_modules\jest-runner\build\testWorker.js:497:12)</failure>
    </testcase>
    <testcase classname="useEditor Hook Initialization initializes with provided HTML content" name="useEditor Hook Initialization initializes with provided HTML content" time="0.003">
      <failure>TypeError: Failed to execute &apos;appendChild&apos; on &apos;Node&apos;: parameter 1 is not of type &apos;Node&apos;.
    at Object.exports.convert (D:\BlogPro\node_modules\jest-environment-jsdom\node_modules\jsdom\lib\jsdom\living\generated\Node.js:25:9)
    at HTMLBodyElement.appendChild (D:\BlogPro\node_modules\jest-environment-jsdom\node_modules\jsdom\lib\jsdom\living\generated\Node.js:404:26)
    at render (D:\BlogPro\node_modules\@testing-library\react\dist\pure.js:260:29)
    at testHook (D:\BlogPro\client\src\plugins\texteditor\__tests__\HookTestingUtils.ts:27:30)
    at Object.&lt;anonymous&gt; (D:\BlogPro\client\src\plugins\texteditor\__tests__\hooks\useEditor.test.ts:111:34)
    at Promise.finally.completed (C:\Users\New\AppData\Local\npm-cache\_npx\b8d86e6551a4f492\node_modules\jest-circus\build\jestAdapterInit.js:1559:28)
    at new Promise (&lt;anonymous&gt;)
    at callAsyncCircusFn (C:\Users\New\AppData\Local\npm-cache\_npx\b8d86e6551a4f492\node_modules\jest-circus\build\jestAdapterInit.js:1499:10)
    at _callCircusTest (C:\Users\New\AppData\Local\npm-cache\_npx\b8d86e6551a4f492\node_modules\jest-circus\build\jestAdapterInit.js:1009:40)
    at processTicksAndRejections (node:internal/process/task_queues:95:5)
    at _runTest (C:\Users\New\AppData\Local\npm-cache\_npx\b8d86e6551a4f492\node_modules\jest-circus\build\jestAdapterInit.js:949:3)
    at _runTestsForDescribeBlock (C:\Users\New\AppData\Local\npm-cache\_npx\b8d86e6551a4f492\node_modules\jest-circus\build\jestAdapterInit.js:839:13)
    at _runTestsForDescribeBlock (C:\Users\New\AppData\Local\npm-cache\_npx\b8d86e6551a4f492\node_modules\jest-circus\build\jestAdapterInit.js:829:11)
    at _runTestsForDescribeBlock (C:\Users\New\AppData\Local\npm-cache\_npx\b8d86e6551a4f492\node_modules\jest-circus\build\jestAdapterInit.js:829:11)
    at run (C:\Users\New\AppData\Local\npm-cache\_npx\b8d86e6551a4f492\node_modules\jest-circus\build\jestAdapterInit.js:757:3)
    at runAndTransformResultsToJestFormat (C:\Users\New\AppData\Local\npm-cache\_npx\b8d86e6551a4f492\node_modules\jest-circus\build\jestAdapterInit.js:1920:21)
    at jestAdapter (C:\Users\New\AppData\Local\npm-cache\_npx\b8d86e6551a4f492\node_modules\jest-circus\build\runner.js:101:19)
    at runTestInternal (C:\Users\New\AppData\Local\npm-cache\_npx\b8d86e6551a4f492\node_modules\jest-runner\build\testWorker.js:275:16)
    at runTest (C:\Users\New\AppData\Local\npm-cache\_npx\b8d86e6551a4f492\node_modules\jest-runner\build\testWorker.js:343:7)
    at Object.worker (C:\Users\New\AppData\Local\npm-cache\_npx\b8d86e6551a4f492\node_modules\jest-runner\build\testWorker.js:497:12)</failure>
    </testcase>
    <testcase classname="useEditor Hook Initialization provides expected API" name="useEditor Hook Initialization provides expected API" time="0.001">
      <failure>TypeError: Failed to execute &apos;appendChild&apos; on &apos;Node&apos;: parameter 1 is not of type &apos;Node&apos;.
    at Object.exports.convert (D:\BlogPro\node_modules\jest-environment-jsdom\node_modules\jsdom\lib\jsdom\living\generated\Node.js:25:9)
    at HTMLBodyElement.appendChild (D:\BlogPro\node_modules\jest-environment-jsdom\node_modules\jsdom\lib\jsdom\living\generated\Node.js:404:26)
    at render (D:\BlogPro\node_modules\@testing-library\react\dist\pure.js:260:29)
    at testHook (D:\BlogPro\client\src\plugins\texteditor\__tests__\HookTestingUtils.ts:27:30)
    at Object.&lt;anonymous&gt; (D:\BlogPro\client\src\plugins\texteditor\__tests__\hooks\useEditor.test.ts:118:34)
    at Promise.finally.completed (C:\Users\New\AppData\Local\npm-cache\_npx\b8d86e6551a4f492\node_modules\jest-circus\build\jestAdapterInit.js:1559:28)
    at new Promise (&lt;anonymous&gt;)
    at callAsyncCircusFn (C:\Users\New\AppData\Local\npm-cache\_npx\b8d86e6551a4f492\node_modules\jest-circus\build\jestAdapterInit.js:1499:10)
    at _callCircusTest (C:\Users\New\AppData\Local\npm-cache\_npx\b8d86e6551a4f492\node_modules\jest-circus\build\jestAdapterInit.js:1009:40)
    at processTicksAndRejections (node:internal/process/task_queues:95:5)
    at _runTest (C:\Users\New\AppData\Local\npm-cache\_npx\b8d86e6551a4f492\node_modules\jest-circus\build\jestAdapterInit.js:949:3)
    at _runTestsForDescribeBlock (C:\Users\New\AppData\Local\npm-cache\_npx\b8d86e6551a4f492\node_modules\jest-circus\build\jestAdapterInit.js:839:13)
    at _runTestsForDescribeBlock (C:\Users\New\AppData\Local\npm-cache\_npx\b8d86e6551a4f492\node_modules\jest-circus\build\jestAdapterInit.js:829:11)
    at _runTestsForDescribeBlock (C:\Users\New\AppData\Local\npm-cache\_npx\b8d86e6551a4f492\node_modules\jest-circus\build\jestAdapterInit.js:829:11)
    at run (C:\Users\New\AppData\Local\npm-cache\_npx\b8d86e6551a4f492\node_modules\jest-circus\build\jestAdapterInit.js:757:3)
    at runAndTransformResultsToJestFormat (C:\Users\New\AppData\Local\npm-cache\_npx\b8d86e6551a4f492\node_modules\jest-circus\build\jestAdapterInit.js:1920:21)
    at jestAdapter (C:\Users\New\AppData\Local\npm-cache\_npx\b8d86e6551a4f492\node_modules\jest-circus\build\runner.js:101:19)
    at runTestInternal (C:\Users\New\AppData\Local\npm-cache\_npx\b8d86e6551a4f492\node_modules\jest-runner\build\testWorker.js:275:16)
    at runTest (C:\Users\New\AppData\Local\npm-cache\_npx\b8d86e6551a4f492\node_modules\jest-runner\build\testWorker.js:343:7)
    at Object.worker (C:\Users\New\AppData\Local\npm-cache\_npx\b8d86e6551a4f492\node_modules\jest-runner\build\testWorker.js:497:12)</failure>
    </testcase>
    <testcase classname="useEditor Hook Selection Handling handles selection changes" name="useEditor Hook Selection Handling handles selection changes" time="0.041">
      <failure>TypeError: Failed to execute &apos;appendChild&apos; on &apos;Node&apos;: parameter 1 is not of type &apos;Node&apos;.
    at Object.exports.convert (D:\BlogPro\node_modules\jest-environment-jsdom\node_modules\jsdom\lib\jsdom\living\generated\Node.js:25:9)
    at HTMLBodyElement.appendChild (D:\BlogPro\node_modules\jest-environment-jsdom\node_modules\jsdom\lib\jsdom\living\generated\Node.js:404:26)
    at render (D:\BlogPro\node_modules\@testing-library\react\dist\pure.js:260:29)
    at testHook (D:\BlogPro\client\src\plugins\texteditor\__tests__\HookTestingUtils.ts:27:30)
    at D:\BlogPro\client\src\plugins\texteditor\__tests__\hooks\useEditor.test.ts:136:34
    at Generator.call (D:\BlogPro\client\src\plugins\texteditor\__tests__\hooks\useEditor.test.ts:2:1)
    at Generator._invoke [as next] (D:\BlogPro\client\src\plugins\texteditor\__tests__\hooks\useEditor.test.ts:2:1)
    at asyncGeneratorStep (D:\BlogPro\client\src\plugins\texteditor\__tests__\hooks\useEditor.test.ts:2:1)
    at asyncGeneratorStep (D:\BlogPro\client\src\plugins\texteditor\__tests__\hooks\useEditor.test.ts:2:1)
    at _next (D:\BlogPro\client\src\plugins\texteditor\__tests__\hooks\useEditor.test.ts:2:1)
    at new Promise (&lt;anonymous&gt;)
    at Object.&lt;anonymous&gt; (D:\BlogPro\client\src\plugins\texteditor\__tests__\hooks\useEditor.test.ts:2:1)
    at Promise.finally.completed (C:\Users\New\AppData\Local\npm-cache\_npx\b8d86e6551a4f492\node_modules\jest-circus\build\jestAdapterInit.js:1559:28)
    at new Promise (&lt;anonymous&gt;)
    at callAsyncCircusFn (C:\Users\New\AppData\Local\npm-cache\_npx\b8d86e6551a4f492\node_modules\jest-circus\build\jestAdapterInit.js:1499:10)
    at _callCircusTest (C:\Users\New\AppData\Local\npm-cache\_npx\b8d86e6551a4f492\node_modules\jest-circus\build\jestAdapterInit.js:1009:40)
    at processTicksAndRejections (node:internal/process/task_queues:95:5)
    at _runTest (C:\Users\New\AppData\Local\npm-cache\_npx\b8d86e6551a4f492\node_modules\jest-circus\build\jestAdapterInit.js:949:3)
    at _runTestsForDescribeBlock (C:\Users\New\AppData\Local\npm-cache\_npx\b8d86e6551a4f492\node_modules\jest-circus\build\jestAdapterInit.js:839:13)
    at _runTestsForDescribeBlock (C:\Users\New\AppData\Local\npm-cache\_npx\b8d86e6551a4f492\node_modules\jest-circus\build\jestAdapterInit.js:829:11)
    at _runTestsForDescribeBlock (C:\Users\New\AppData\Local\npm-cache\_npx\b8d86e6551a4f492\node_modules\jest-circus\build\jestAdapterInit.js:829:11)
    at run (C:\Users\New\AppData\Local\npm-cache\_npx\b8d86e6551a4f492\node_modules\jest-circus\build\jestAdapterInit.js:757:3)
    at runAndTransformResultsToJestFormat (C:\Users\New\AppData\Local\npm-cache\_npx\b8d86e6551a4f492\node_modules\jest-circus\build\jestAdapterInit.js:1920:21)
    at jestAdapter (C:\Users\New\AppData\Local\npm-cache\_npx\b8d86e6551a4f492\node_modules\jest-circus\build\runner.js:101:19)
    at runTestInternal (C:\Users\New\AppData\Local\npm-cache\_npx\b8d86e6551a4f492\node_modules\jest-runner\build\testWorker.js:275:16)
    at runTest (C:\Users\New\AppData\Local\npm-cache\_npx\b8d86e6551a4f492\node_modules\jest-runner\build\testWorker.js:343:7)
    at Object.worker (C:\Users\New\AppData\Local\npm-cache\_npx\b8d86e6551a4f492\node_modules\jest-runner\build\testWorker.js:497:12)</failure>
    </testcase>
    <testcase classname="useEditor Hook Selection Handling updates selection formatting when selection changes" name="useEditor Hook Selection Handling updates selection formatting when selection changes" time="0.001">
      <failure>TypeError: Failed to execute &apos;appendChild&apos; on &apos;Node&apos;: parameter 1 is not of type &apos;Node&apos;.
    at Object.exports.convert (D:\BlogPro\node_modules\jest-environment-jsdom\node_modules\jsdom\lib\jsdom\living\generated\Node.js:25:9)
    at HTMLBodyElement.appendChild (D:\BlogPro\node_modules\jest-environment-jsdom\node_modules\jsdom\lib\jsdom\living\generated\Node.js:404:26)
    at render (D:\BlogPro\node_modules\@testing-library\react\dist\pure.js:260:29)
    at testHook (D:\BlogPro\client\src\plugins\texteditor\__tests__\HookTestingUtils.ts:27:30)
    at D:\BlogPro\client\src\plugins\texteditor\__tests__\hooks\useEditor.test.ts:159:34
    at Generator.call (D:\BlogPro\client\src\plugins\texteditor\__tests__\hooks\useEditor.test.ts:2:1)
    at Generator._invoke [as next] (D:\BlogPro\client\src\plugins\texteditor\__tests__\hooks\useEditor.test.ts:2:1)
    at asyncGeneratorStep (D:\BlogPro\client\src\plugins\texteditor\__tests__\hooks\useEditor.test.ts:2:1)
    at asyncGeneratorStep (D:\BlogPro\client\src\plugins\texteditor\__tests__\hooks\useEditor.test.ts:2:1)
    at _next (D:\BlogPro\client\src\plugins\texteditor\__tests__\hooks\useEditor.test.ts:2:1)
    at new Promise (&lt;anonymous&gt;)
    at Object.&lt;anonymous&gt; (D:\BlogPro\client\src\plugins\texteditor\__tests__\hooks\useEditor.test.ts:2:1)
    at Promise.finally.completed (C:\Users\New\AppData\Local\npm-cache\_npx\b8d86e6551a4f492\node_modules\jest-circus\build\jestAdapterInit.js:1559:28)
    at new Promise (&lt;anonymous&gt;)
    at callAsyncCircusFn (C:\Users\New\AppData\Local\npm-cache\_npx\b8d86e6551a4f492\node_modules\jest-circus\build\jestAdapterInit.js:1499:10)
    at _callCircusTest (C:\Users\New\AppData\Local\npm-cache\_npx\b8d86e6551a4f492\node_modules\jest-circus\build\jestAdapterInit.js:1009:40)
    at processTicksAndRejections (node:internal/process/task_queues:95:5)
    at _runTest (C:\Users\New\AppData\Local\npm-cache\_npx\b8d86e6551a4f492\node_modules\jest-circus\build\jestAdapterInit.js:949:3)
    at _runTestsForDescribeBlock (C:\Users\New\AppData\Local\npm-cache\_npx\b8d86e6551a4f492\node_modules\jest-circus\build\jestAdapterInit.js:839:13)
    at _runTestsForDescribeBlock (C:\Users\New\AppData\Local\npm-cache\_npx\b8d86e6551a4f492\node_modules\jest-circus\build\jestAdapterInit.js:829:11)
    at _runTestsForDescribeBlock (C:\Users\New\AppData\Local\npm-cache\_npx\b8d86e6551a4f492\node_modules\jest-circus\build\jestAdapterInit.js:829:11)
    at run (C:\Users\New\AppData\Local\npm-cache\_npx\b8d86e6551a4f492\node_modules\jest-circus\build\jestAdapterInit.js:757:3)
    at runAndTransformResultsToJestFormat (C:\Users\New\AppData\Local\npm-cache\_npx\b8d86e6551a4f492\node_modules\jest-circus\build\jestAdapterInit.js:1920:21)
    at jestAdapter (C:\Users\New\AppData\Local\npm-cache\_npx\b8d86e6551a4f492\node_modules\jest-circus\build\runner.js:101:19)
    at runTestInternal (C:\Users\New\AppData\Local\npm-cache\_npx\b8d86e6551a4f492\node_modules\jest-runner\build\testWorker.js:275:16)
    at runTest (C:\Users\New\AppData\Local\npm-cache\_npx\b8d86e6551a4f492\node_modules\jest-runner\build\testWorker.js:343:7)
    at Object.worker (C:\Users\New\AppData\Local\npm-cache\_npx\b8d86e6551a4f492\node_modules\jest-runner\build\testWorker.js:497:12)</failure>
    </testcase>
    <testcase classname="useEditor Hook Text Insertion inserts text at cursor position" name="useEditor Hook Text Insertion inserts text at cursor position" time="0.001">
      <failure>TypeError: Failed to execute &apos;appendChild&apos; on &apos;Node&apos;: parameter 1 is not of type &apos;Node&apos;.
    at Object.exports.convert (D:\BlogPro\node_modules\jest-environment-jsdom\node_modules\jsdom\lib\jsdom\living\generated\Node.js:25:9)
    at HTMLBodyElement.appendChild (D:\BlogPro\node_modules\jest-environment-jsdom\node_modules\jsdom\lib\jsdom\living\generated\Node.js:404:26)
    at render (D:\BlogPro\node_modules\@testing-library\react\dist\pure.js:260:29)
    at testHook (D:\BlogPro\client\src\plugins\texteditor\__tests__\HookTestingUtils.ts:27:30)
    at D:\BlogPro\client\src\plugins\texteditor\__tests__\hooks\useEditor.test.ts:195:34
    at Generator.call (D:\BlogPro\client\src\plugins\texteditor\__tests__\hooks\useEditor.test.ts:2:1)
    at Generator._invoke [as next] (D:\BlogPro\client\src\plugins\texteditor\__tests__\hooks\useEditor.test.ts:2:1)
    at asyncGeneratorStep (D:\BlogPro\client\src\plugins\texteditor\__tests__\hooks\useEditor.test.ts:2:1)
    at asyncGeneratorStep (D:\BlogPro\client\src\plugins\texteditor\__tests__\hooks\useEditor.test.ts:2:1)
    at _next (D:\BlogPro\client\src\plugins\texteditor\__tests__\hooks\useEditor.test.ts:2:1)
    at new Promise (&lt;anonymous&gt;)
    at Object.&lt;anonymous&gt; (D:\BlogPro\client\src\plugins\texteditor\__tests__\hooks\useEditor.test.ts:2:1)
    at Promise.finally.completed (C:\Users\New\AppData\Local\npm-cache\_npx\b8d86e6551a4f492\node_modules\jest-circus\build\jestAdapterInit.js:1559:28)
    at new Promise (&lt;anonymous&gt;)
    at callAsyncCircusFn (C:\Users\New\AppData\Local\npm-cache\_npx\b8d86e6551a4f492\node_modules\jest-circus\build\jestAdapterInit.js:1499:10)
    at _callCircusTest (C:\Users\New\AppData\Local\npm-cache\_npx\b8d86e6551a4f492\node_modules\jest-circus\build\jestAdapterInit.js:1009:40)
    at processTicksAndRejections (node:internal/process/task_queues:95:5)
    at _runTest (C:\Users\New\AppData\Local\npm-cache\_npx\b8d86e6551a4f492\node_modules\jest-circus\build\jestAdapterInit.js:949:3)
    at _runTestsForDescribeBlock (C:\Users\New\AppData\Local\npm-cache\_npx\b8d86e6551a4f492\node_modules\jest-circus\build\jestAdapterInit.js:839:13)
    at _runTestsForDescribeBlock (C:\Users\New\AppData\Local\npm-cache\_npx\b8d86e6551a4f492\node_modules\jest-circus\build\jestAdapterInit.js:829:11)
    at _runTestsForDescribeBlock (C:\Users\New\AppData\Local\npm-cache\_npx\b8d86e6551a4f492\node_modules\jest-circus\build\jestAdapterInit.js:829:11)
    at run (C:\Users\New\AppData\Local\npm-cache\_npx\b8d86e6551a4f492\node_modules\jest-circus\build\jestAdapterInit.js:757:3)
    at runAndTransformResultsToJestFormat (C:\Users\New\AppData\Local\npm-cache\_npx\b8d86e6551a4f492\node_modules\jest-circus\build\jestAdapterInit.js:1920:21)
    at jestAdapter (C:\Users\New\AppData\Local\npm-cache\_npx\b8d86e6551a4f492\node_modules\jest-circus\build\runner.js:101:19)
    at runTestInternal (C:\Users\New\AppData\Local\npm-cache\_npx\b8d86e6551a4f492\node_modules\jest-runner\build\testWorker.js:275:16)
    at runTest (C:\Users\New\AppData\Local\npm-cache\_npx\b8d86e6551a4f492\node_modules\jest-runner\build\testWorker.js:343:7)
    at Object.worker (C:\Users\New\AppData\Local\npm-cache\_npx\b8d86e6551a4f492\node_modules\jest-runner\build\testWorker.js:497:12)</failure>
    </testcase>
    <testcase classname="useEditor Hook Text Insertion replaces selected text when inserting" name="useEditor Hook Text Insertion replaces selected text when inserting" time="0.002">
      <failure>TypeError: Failed to execute &apos;appendChild&apos; on &apos;Node&apos;: parameter 1 is not of type &apos;Node&apos;.
    at Object.exports.convert (D:\BlogPro\node_modules\jest-environment-jsdom\node_modules\jsdom\lib\jsdom\living\generated\Node.js:25:9)
    at HTMLBodyElement.appendChild (D:\BlogPro\node_modules\jest-environment-jsdom\node_modules\jsdom\lib\jsdom\living\generated\Node.js:404:26)
    at render (D:\BlogPro\node_modules\@testing-library\react\dist\pure.js:260:29)
    at testHook (D:\BlogPro\client\src\plugins\texteditor\__tests__\HookTestingUtils.ts:27:30)
    at D:\BlogPro\client\src\plugins\texteditor\__tests__\hooks\useEditor.test.ts:221:34
    at Generator.call (D:\BlogPro\client\src\plugins\texteditor\__tests__\hooks\useEditor.test.ts:2:1)
    at Generator._invoke [as next] (D:\BlogPro\client\src\plugins\texteditor\__tests__\hooks\useEditor.test.ts:2:1)
    at asyncGeneratorStep (D:\BlogPro\client\src\plugins\texteditor\__tests__\hooks\useEditor.test.ts:2:1)
    at asyncGeneratorStep (D:\BlogPro\client\src\plugins\texteditor\__tests__\hooks\useEditor.test.ts:2:1)
    at _next (D:\BlogPro\client\src\plugins\texteditor\__tests__\hooks\useEditor.test.ts:2:1)
    at new Promise (&lt;anonymous&gt;)
    at Object.&lt;anonymous&gt; (D:\BlogPro\client\src\plugins\texteditor\__tests__\hooks\useEditor.test.ts:2:1)
    at Promise.finally.completed (C:\Users\New\AppData\Local\npm-cache\_npx\b8d86e6551a4f492\node_modules\jest-circus\build\jestAdapterInit.js:1559:28)
    at new Promise (&lt;anonymous&gt;)
    at callAsyncCircusFn (C:\Users\New\AppData\Local\npm-cache\_npx\b8d86e6551a4f492\node_modules\jest-circus\build\jestAdapterInit.js:1499:10)
    at _callCircusTest (C:\Users\New\AppData\Local\npm-cache\_npx\b8d86e6551a4f492\node_modules\jest-circus\build\jestAdapterInit.js:1009:40)
    at processTicksAndRejections (node:internal/process/task_queues:95:5)
    at _runTest (C:\Users\New\AppData\Local\npm-cache\_npx\b8d86e6551a4f492\node_modules\jest-circus\build\jestAdapterInit.js:949:3)
    at _runTestsForDescribeBlock (C:\Users\New\AppData\Local\npm-cache\_npx\b8d86e6551a4f492\node_modules\jest-circus\build\jestAdapterInit.js:839:13)
    at _runTestsForDescribeBlock (C:\Users\New\AppData\Local\npm-cache\_npx\b8d86e6551a4f492\node_modules\jest-circus\build\jestAdapterInit.js:829:11)
    at _runTestsForDescribeBlock (C:\Users\New\AppData\Local\npm-cache\_npx\b8d86e6551a4f492\node_modules\jest-circus\build\jestAdapterInit.js:829:11)
    at run (C:\Users\New\AppData\Local\npm-cache\_npx\b8d86e6551a4f492\node_modules\jest-circus\build\jestAdapterInit.js:757:3)
    at runAndTransformResultsToJestFormat (C:\Users\New\AppData\Local\npm-cache\_npx\b8d86e6551a4f492\node_modules\jest-circus\build\jestAdapterInit.js:1920:21)
    at jestAdapter (C:\Users\New\AppData\Local\npm-cache\_npx\b8d86e6551a4f492\node_modules\jest-circus\build\runner.js:101:19)
    at runTestInternal (C:\Users\New\AppData\Local\npm-cache\_npx\b8d86e6551a4f492\node_modules\jest-runner\build\testWorker.js:275:16)
    at runTest (C:\Users\New\AppData\Local\npm-cache\_npx\b8d86e6551a4f492\node_modules\jest-runner\build\testWorker.js:343:7)
    at Object.worker (C:\Users\New\AppData\Local\npm-cache\_npx\b8d86e6551a4f492\node_modules\jest-runner\build\testWorker.js:497:12)</failure>
    </testcase>
    <testcase classname="useEditor Hook Text Deletion deletes selected text" name="useEditor Hook Text Deletion deletes selected text" time="0.001">
      <failure>TypeError: Failed to execute &apos;appendChild&apos; on &apos;Node&apos;: parameter 1 is not of type &apos;Node&apos;.
    at Object.exports.convert (D:\BlogPro\node_modules\jest-environment-jsdom\node_modules\jsdom\lib\jsdom\living\generated\Node.js:25:9)
    at HTMLBodyElement.appendChild (D:\BlogPro\node_modules\jest-environment-jsdom\node_modules\jsdom\lib\jsdom\living\generated\Node.js:404:26)
    at render (D:\BlogPro\node_modules\@testing-library\react\dist\pure.js:260:29)
    at testHook (D:\BlogPro\client\src\plugins\texteditor\__tests__\HookTestingUtils.ts:27:30)
    at D:\BlogPro\client\src\plugins\texteditor\__tests__\hooks\useEditor.test.ts:250:34
    at Generator.call (D:\BlogPro\client\src\plugins\texteditor\__tests__\hooks\useEditor.test.ts:2:1)
    at Generator._invoke [as next] (D:\BlogPro\client\src\plugins\texteditor\__tests__\hooks\useEditor.test.ts:2:1)
    at asyncGeneratorStep (D:\BlogPro\client\src\plugins\texteditor\__tests__\hooks\useEditor.test.ts:2:1)
    at asyncGeneratorStep (D:\BlogPro\client\src\plugins\texteditor\__tests__\hooks\useEditor.test.ts:2:1)
    at _next (D:\BlogPro\client\src\plugins\texteditor\__tests__\hooks\useEditor.test.ts:2:1)
    at new Promise (&lt;anonymous&gt;)
    at Object.&lt;anonymous&gt; (D:\BlogPro\client\src\plugins\texteditor\__tests__\hooks\useEditor.test.ts:2:1)
    at Promise.finally.completed (C:\Users\New\AppData\Local\npm-cache\_npx\b8d86e6551a4f492\node_modules\jest-circus\build\jestAdapterInit.js:1559:28)
    at new Promise (&lt;anonymous&gt;)
    at callAsyncCircusFn (C:\Users\New\AppData\Local\npm-cache\_npx\b8d86e6551a4f492\node_modules\jest-circus\build\jestAdapterInit.js:1499:10)
    at _callCircusTest (C:\Users\New\AppData\Local\npm-cache\_npx\b8d86e6551a4f492\node_modules\jest-circus\build\jestAdapterInit.js:1009:40)
    at processTicksAndRejections (node:internal/process/task_queues:95:5)
    at _runTest (C:\Users\New\AppData\Local\npm-cache\_npx\b8d86e6551a4f492\node_modules\jest-circus\build\jestAdapterInit.js:949:3)
    at _runTestsForDescribeBlock (C:\Users\New\AppData\Local\npm-cache\_npx\b8d86e6551a4f492\node_modules\jest-circus\build\jestAdapterInit.js:839:13)
    at _runTestsForDescribeBlock (C:\Users\New\AppData\Local\npm-cache\_npx\b8d86e6551a4f492\node_modules\jest-circus\build\jestAdapterInit.js:829:11)
    at _runTestsForDescribeBlock (C:\Users\New\AppData\Local\npm-cache\_npx\b8d86e6551a4f492\node_modules\jest-circus\build\jestAdapterInit.js:829:11)
    at run (C:\Users\New\AppData\Local\npm-cache\_npx\b8d86e6551a4f492\node_modules\jest-circus\build\jestAdapterInit.js:757:3)
    at runAndTransformResultsToJestFormat (C:\Users\New\AppData\Local\npm-cache\_npx\b8d86e6551a4f492\node_modules\jest-circus\build\jestAdapterInit.js:1920:21)
    at jestAdapter (C:\Users\New\AppData\Local\npm-cache\_npx\b8d86e6551a4f492\node_modules\jest-circus\build\runner.js:101:19)
    at runTestInternal (C:\Users\New\AppData\Local\npm-cache\_npx\b8d86e6551a4f492\node_modules\jest-runner\build\testWorker.js:275:16)
    at runTest (C:\Users\New\AppData\Local\npm-cache\_npx\b8d86e6551a4f492\node_modules\jest-runner\build\testWorker.js:343:7)
    at Object.worker (C:\Users\New\AppData\Local\npm-cache\_npx\b8d86e6551a4f492\node_modules\jest-runner\build\testWorker.js:497:12)</failure>
    </testcase>
    <testcase classname="useEditor Hook Text Deletion deletes character before cursor when no selection" name="useEditor Hook Text Deletion deletes character before cursor when no selection" time="0.001">
      <failure>TypeError: Failed to execute &apos;appendChild&apos; on &apos;Node&apos;: parameter 1 is not of type &apos;Node&apos;.
    at Object.exports.convert (D:\BlogPro\node_modules\jest-environment-jsdom\node_modules\jsdom\lib\jsdom\living\generated\Node.js:25:9)
    at HTMLBodyElement.appendChild (D:\BlogPro\node_modules\jest-environment-jsdom\node_modules\jsdom\lib\jsdom\living\generated\Node.js:404:26)
    at render (D:\BlogPro\node_modules\@testing-library\react\dist\pure.js:260:29)
    at testHook (D:\BlogPro\client\src\plugins\texteditor\__tests__\HookTestingUtils.ts:27:30)
    at D:\BlogPro\client\src\plugins\texteditor\__tests__\hooks\useEditor.test.ts:281:34
    at Generator.call (D:\BlogPro\client\src\plugins\texteditor\__tests__\hooks\useEditor.test.ts:2:1)
    at Generator._invoke [as next] (D:\BlogPro\client\src\plugins\texteditor\__tests__\hooks\useEditor.test.ts:2:1)
    at asyncGeneratorStep (D:\BlogPro\client\src\plugins\texteditor\__tests__\hooks\useEditor.test.ts:2:1)
    at asyncGeneratorStep (D:\BlogPro\client\src\plugins\texteditor\__tests__\hooks\useEditor.test.ts:2:1)
    at _next (D:\BlogPro\client\src\plugins\texteditor\__tests__\hooks\useEditor.test.ts:2:1)
    at new Promise (&lt;anonymous&gt;)
    at Object.&lt;anonymous&gt; (D:\BlogPro\client\src\plugins\texteditor\__tests__\hooks\useEditor.test.ts:2:1)
    at Promise.finally.completed (C:\Users\New\AppData\Local\npm-cache\_npx\b8d86e6551a4f492\node_modules\jest-circus\build\jestAdapterInit.js:1559:28)
    at new Promise (&lt;anonymous&gt;)
    at callAsyncCircusFn (C:\Users\New\AppData\Local\npm-cache\_npx\b8d86e6551a4f492\node_modules\jest-circus\build\jestAdapterInit.js:1499:10)
    at _callCircusTest (C:\Users\New\AppData\Local\npm-cache\_npx\b8d86e6551a4f492\node_modules\jest-circus\build\jestAdapterInit.js:1009:40)
    at processTicksAndRejections (node:internal/process/task_queues:95:5)
    at _runTest (C:\Users\New\AppData\Local\npm-cache\_npx\b8d86e6551a4f492\node_modules\jest-circus\build\jestAdapterInit.js:949:3)
    at _runTestsForDescribeBlock (C:\Users\New\AppData\Local\npm-cache\_npx\b8d86e6551a4f492\node_modules\jest-circus\build\jestAdapterInit.js:839:13)
    at _runTestsForDescribeBlock (C:\Users\New\AppData\Local\npm-cache\_npx\b8d86e6551a4f492\node_modules\jest-circus\build\jestAdapterInit.js:829:11)
    at _runTestsForDescribeBlock (C:\Users\New\AppData\Local\npm-cache\_npx\b8d86e6551a4f492\node_modules\jest-circus\build\jestAdapterInit.js:829:11)
    at run (C:\Users\New\AppData\Local\npm-cache\_npx\b8d86e6551a4f492\node_modules\jest-circus\build\jestAdapterInit.js:757:3)
    at runAndTransformResultsToJestFormat (C:\Users\New\AppData\Local\npm-cache\_npx\b8d86e6551a4f492\node_modules\jest-circus\build\jestAdapterInit.js:1920:21)
    at jestAdapter (C:\Users\New\AppData\Local\npm-cache\_npx\b8d86e6551a4f492\node_modules\jest-circus\build\runner.js:101:19)
    at runTestInternal (C:\Users\New\AppData\Local\npm-cache\_npx\b8d86e6551a4f492\node_modules\jest-runner\build\testWorker.js:275:16)
    at runTest (C:\Users\New\AppData\Local\npm-cache\_npx\b8d86e6551a4f492\node_modules\jest-runner\build\testWorker.js:343:7)
    at Object.worker (C:\Users\New\AppData\Local\npm-cache\_npx\b8d86e6551a4f492\node_modules\jest-runner\build\testWorker.js:497:12)</failure>
    </testcase>
    <testcase classname="useEditor Hook Text Formatting applies formatting to selected text" name="useEditor Hook Text Formatting applies formatting to selected text" time="0.002">
      <failure>TypeError: Failed to execute &apos;appendChild&apos; on &apos;Node&apos;: parameter 1 is not of type &apos;Node&apos;.
    at Object.exports.convert (D:\BlogPro\node_modules\jest-environment-jsdom\node_modules\jsdom\lib\jsdom\living\generated\Node.js:25:9)
    at HTMLBodyElement.appendChild (D:\BlogPro\node_modules\jest-environment-jsdom\node_modules\jsdom\lib\jsdom\living\generated\Node.js:404:26)
    at render (D:\BlogPro\node_modules\@testing-library\react\dist\pure.js:260:29)
    at testHook (D:\BlogPro\client\src\plugins\texteditor\__tests__\HookTestingUtils.ts:27:30)
    at D:\BlogPro\client\src\plugins\texteditor\__tests__\hooks\useEditor.test.ts:314:34
    at Generator.call (D:\BlogPro\client\src\plugins\texteditor\__tests__\hooks\useEditor.test.ts:2:1)
    at Generator._invoke [as next] (D:\BlogPro\client\src\plugins\texteditor\__tests__\hooks\useEditor.test.ts:2:1)
    at asyncGeneratorStep (D:\BlogPro\client\src\plugins\texteditor\__tests__\hooks\useEditor.test.ts:2:1)
    at asyncGeneratorStep (D:\BlogPro\client\src\plugins\texteditor\__tests__\hooks\useEditor.test.ts:2:1)
    at _next (D:\BlogPro\client\src\plugins\texteditor\__tests__\hooks\useEditor.test.ts:2:1)
    at new Promise (&lt;anonymous&gt;)
    at Object.&lt;anonymous&gt; (D:\BlogPro\client\src\plugins\texteditor\__tests__\hooks\useEditor.test.ts:2:1)
    at Promise.finally.completed (C:\Users\New\AppData\Local\npm-cache\_npx\b8d86e6551a4f492\node_modules\jest-circus\build\jestAdapterInit.js:1559:28)
    at new Promise (&lt;anonymous&gt;)
    at callAsyncCircusFn (C:\Users\New\AppData\Local\npm-cache\_npx\b8d86e6551a4f492\node_modules\jest-circus\build\jestAdapterInit.js:1499:10)
    at _callCircusTest (C:\Users\New\AppData\Local\npm-cache\_npx\b8d86e6551a4f492\node_modules\jest-circus\build\jestAdapterInit.js:1009:40)
    at processTicksAndRejections (node:internal/process/task_queues:95:5)
    at _runTest (C:\Users\New\AppData\Local\npm-cache\_npx\b8d86e6551a4f492\node_modules\jest-circus\build\jestAdapterInit.js:949:3)
    at _runTestsForDescribeBlock (C:\Users\New\AppData\Local\npm-cache\_npx\b8d86e6551a4f492\node_modules\jest-circus\build\jestAdapterInit.js:839:13)
    at _runTestsForDescribeBlock (C:\Users\New\AppData\Local\npm-cache\_npx\b8d86e6551a4f492\node_modules\jest-circus\build\jestAdapterInit.js:829:11)
    at _runTestsForDescribeBlock (C:\Users\New\AppData\Local\npm-cache\_npx\b8d86e6551a4f492\node_modules\jest-circus\build\jestAdapterInit.js:829:11)
    at run (C:\Users\New\AppData\Local\npm-cache\_npx\b8d86e6551a4f492\node_modules\jest-circus\build\jestAdapterInit.js:757:3)
    at runAndTransformResultsToJestFormat (C:\Users\New\AppData\Local\npm-cache\_npx\b8d86e6551a4f492\node_modules\jest-circus\build\jestAdapterInit.js:1920:21)
    at jestAdapter (C:\Users\New\AppData\Local\npm-cache\_npx\b8d86e6551a4f492\node_modules\jest-circus\build\runner.js:101:19)
    at runTestInternal (C:\Users\New\AppData\Local\npm-cache\_npx\b8d86e6551a4f492\node_modules\jest-runner\build\testWorker.js:275:16)
    at runTest (C:\Users\New\AppData\Local\npm-cache\_npx\b8d86e6551a4f492\node_modules\jest-runner\build\testWorker.js:343:7)
    at Object.worker (C:\Users\New\AppData\Local\npm-cache\_npx\b8d86e6551a4f492\node_modules\jest-runner\build\testWorker.js:497:12)</failure>
    </testcase>
    <testcase classname="useEditor Hook Text Formatting toggles formatting when applied twice" name="useEditor Hook Text Formatting toggles formatting when applied twice" time="0.001">
      <failure>TypeError: Failed to execute &apos;appendChild&apos; on &apos;Node&apos;: parameter 1 is not of type &apos;Node&apos;.
    at Object.exports.convert (D:\BlogPro\node_modules\jest-environment-jsdom\node_modules\jsdom\lib\jsdom\living\generated\Node.js:25:9)
    at HTMLBodyElement.appendChild (D:\BlogPro\node_modules\jest-environment-jsdom\node_modules\jsdom\lib\jsdom\living\generated\Node.js:404:26)
    at render (D:\BlogPro\node_modules\@testing-library\react\dist\pure.js:260:29)
    at testHook (D:\BlogPro\client\src\plugins\texteditor\__tests__\HookTestingUtils.ts:27:30)
    at D:\BlogPro\client\src\plugins\texteditor\__tests__\hooks\useEditor.test.ts:347:34
    at Generator.call (D:\BlogPro\client\src\plugins\texteditor\__tests__\hooks\useEditor.test.ts:2:1)
    at Generator._invoke [as next] (D:\BlogPro\client\src\plugins\texteditor\__tests__\hooks\useEditor.test.ts:2:1)
    at asyncGeneratorStep (D:\BlogPro\client\src\plugins\texteditor\__tests__\hooks\useEditor.test.ts:2:1)
    at asyncGeneratorStep (D:\BlogPro\client\src\plugins\texteditor\__tests__\hooks\useEditor.test.ts:2:1)
    at _next (D:\BlogPro\client\src\plugins\texteditor\__tests__\hooks\useEditor.test.ts:2:1)
    at new Promise (&lt;anonymous&gt;)
    at Object.&lt;anonymous&gt; (D:\BlogPro\client\src\plugins\texteditor\__tests__\hooks\useEditor.test.ts:2:1)
    at Promise.finally.completed (C:\Users\New\AppData\Local\npm-cache\_npx\b8d86e6551a4f492\node_modules\jest-circus\build\jestAdapterInit.js:1559:28)
    at new Promise (&lt;anonymous&gt;)
    at callAsyncCircusFn (C:\Users\New\AppData\Local\npm-cache\_npx\b8d86e6551a4f492\node_modules\jest-circus\build\jestAdapterInit.js:1499:10)
    at _callCircusTest (C:\Users\New\AppData\Local\npm-cache\_npx\b8d86e6551a4f492\node_modules\jest-circus\build\jestAdapterInit.js:1009:40)
    at processTicksAndRejections (node:internal/process/task_queues:95:5)
    at _runTest (C:\Users\New\AppData\Local\npm-cache\_npx\b8d86e6551a4f492\node_modules\jest-circus\build\jestAdapterInit.js:949:3)
    at _runTestsForDescribeBlock (C:\Users\New\AppData\Local\npm-cache\_npx\b8d86e6551a4f492\node_modules\jest-circus\build\jestAdapterInit.js:839:13)
    at _runTestsForDescribeBlock (C:\Users\New\AppData\Local\npm-cache\_npx\b8d86e6551a4f492\node_modules\jest-circus\build\jestAdapterInit.js:829:11)
    at _runTestsForDescribeBlock (C:\Users\New\AppData\Local\npm-cache\_npx\b8d86e6551a4f492\node_modules\jest-circus\build\jestAdapterInit.js:829:11)
    at run (C:\Users\New\AppData\Local\npm-cache\_npx\b8d86e6551a4f492\node_modules\jest-circus\build\jestAdapterInit.js:757:3)
    at runAndTransformResultsToJestFormat (C:\Users\New\AppData\Local\npm-cache\_npx\b8d86e6551a4f492\node_modules\jest-circus\build\jestAdapterInit.js:1920:21)
    at jestAdapter (C:\Users\New\AppData\Local\npm-cache\_npx\b8d86e6551a4f492\node_modules\jest-circus\build\runner.js:101:19)
    at runTestInternal (C:\Users\New\AppData\Local\npm-cache\_npx\b8d86e6551a4f492\node_modules\jest-runner\build\testWorker.js:275:16)
    at runTest (C:\Users\New\AppData\Local\npm-cache\_npx\b8d86e6551a4f492\node_modules\jest-runner\build\testWorker.js:343:7)
    at Object.worker (C:\Users\New\AppData\Local\npm-cache\_npx\b8d86e6551a4f492\node_modules\jest-runner\build\testWorker.js:497:12)</failure>
    </testcase>
    <testcase classname="useEditor Hook Paragraph Operations splits paragraph at cursor position" name="useEditor Hook Paragraph Operations splits paragraph at cursor position" time="0.001">
      <failure>TypeError: Failed to execute &apos;appendChild&apos; on &apos;Node&apos;: parameter 1 is not of type &apos;Node&apos;.
    at Object.exports.convert (D:\BlogPro\node_modules\jest-environment-jsdom\node_modules\jsdom\lib\jsdom\living\generated\Node.js:25:9)
    at HTMLBodyElement.appendChild (D:\BlogPro\node_modules\jest-environment-jsdom\node_modules\jsdom\lib\jsdom\living\generated\Node.js:404:26)
    at render (D:\BlogPro\node_modules\@testing-library\react\dist\pure.js:260:29)
    at testHook (D:\BlogPro\client\src\plugins\texteditor\__tests__\HookTestingUtils.ts:27:30)
    at D:\BlogPro\client\src\plugins\texteditor\__tests__\hooks\useEditor.test.ts:382:34
    at Generator.call (D:\BlogPro\client\src\plugins\texteditor\__tests__\hooks\useEditor.test.ts:2:1)
    at Generator._invoke [as next] (D:\BlogPro\client\src\plugins\texteditor\__tests__\hooks\useEditor.test.ts:2:1)
    at asyncGeneratorStep (D:\BlogPro\client\src\plugins\texteditor\__tests__\hooks\useEditor.test.ts:2:1)
    at asyncGeneratorStep (D:\BlogPro\client\src\plugins\texteditor\__tests__\hooks\useEditor.test.ts:2:1)
    at _next (D:\BlogPro\client\src\plugins\texteditor\__tests__\hooks\useEditor.test.ts:2:1)
    at new Promise (&lt;anonymous&gt;)
    at Object.&lt;anonymous&gt; (D:\BlogPro\client\src\plugins\texteditor\__tests__\hooks\useEditor.test.ts:2:1)
    at Promise.finally.completed (C:\Users\New\AppData\Local\npm-cache\_npx\b8d86e6551a4f492\node_modules\jest-circus\build\jestAdapterInit.js:1559:28)
    at new Promise (&lt;anonymous&gt;)
    at callAsyncCircusFn (C:\Users\New\AppData\Local\npm-cache\_npx\b8d86e6551a4f492\node_modules\jest-circus\build\jestAdapterInit.js:1499:10)
    at _callCircusTest (C:\Users\New\AppData\Local\npm-cache\_npx\b8d86e6551a4f492\node_modules\jest-circus\build\jestAdapterInit.js:1009:40)
    at processTicksAndRejections (node:internal/process/task_queues:95:5)
    at _runTest (C:\Users\New\AppData\Local\npm-cache\_npx\b8d86e6551a4f492\node_modules\jest-circus\build\jestAdapterInit.js:949:3)
    at _runTestsForDescribeBlock (C:\Users\New\AppData\Local\npm-cache\_npx\b8d86e6551a4f492\node_modules\jest-circus\build\jestAdapterInit.js:839:13)
    at _runTestsForDescribeBlock (C:\Users\New\AppData\Local\npm-cache\_npx\b8d86e6551a4f492\node_modules\jest-circus\build\jestAdapterInit.js:829:11)
    at _runTestsForDescribeBlock (C:\Users\New\AppData\Local\npm-cache\_npx\b8d86e6551a4f492\node_modules\jest-circus\build\jestAdapterInit.js:829:11)
    at run (C:\Users\New\AppData\Local\npm-cache\_npx\b8d86e6551a4f492\node_modules\jest-circus\build\jestAdapterInit.js:757:3)
    at runAndTransformResultsToJestFormat (C:\Users\New\AppData\Local\npm-cache\_npx\b8d86e6551a4f492\node_modules\jest-circus\build\jestAdapterInit.js:1920:21)
    at jestAdapter (C:\Users\New\AppData\Local\npm-cache\_npx\b8d86e6551a4f492\node_modules\jest-circus\build\runner.js:101:19)
    at runTestInternal (C:\Users\New\AppData\Local\npm-cache\_npx\b8d86e6551a4f492\node_modules\jest-runner\build\testWorker.js:275:16)
    at runTest (C:\Users\New\AppData\Local\npm-cache\_npx\b8d86e6551a4f492\node_modules\jest-runner\build\testWorker.js:343:7)
    at Object.worker (C:\Users\New\AppData\Local\npm-cache\_npx\b8d86e6551a4f492\node_modules\jest-runner\build\testWorker.js:497:12)</failure>
    </testcase>
    <testcase classname="useEditor Hook Paragraph Operations changes paragraph type" name="useEditor Hook Paragraph Operations changes paragraph type" time="0.005">
      <failure>TypeError: Failed to execute &apos;appendChild&apos; on &apos;Node&apos;: parameter 1 is not of type &apos;Node&apos;.
    at Object.exports.convert (D:\BlogPro\node_modules\jest-environment-jsdom\node_modules\jsdom\lib\jsdom\living\generated\Node.js:25:9)
    at HTMLBodyElement.appendChild (D:\BlogPro\node_modules\jest-environment-jsdom\node_modules\jsdom\lib\jsdom\living\generated\Node.js:404:26)
    at render (D:\BlogPro\node_modules\@testing-library\react\dist\pure.js:260:29)
    at testHook (D:\BlogPro\client\src\plugins\texteditor\__tests__\HookTestingUtils.ts:27:30)
    at D:\BlogPro\client\src\plugins\texteditor\__tests__\hooks\useEditor.test.ts:415:34
    at Generator.call (D:\BlogPro\client\src\plugins\texteditor\__tests__\hooks\useEditor.test.ts:2:1)
    at Generator._invoke [as next] (D:\BlogPro\client\src\plugins\texteditor\__tests__\hooks\useEditor.test.ts:2:1)
    at asyncGeneratorStep (D:\BlogPro\client\src\plugins\texteditor\__tests__\hooks\useEditor.test.ts:2:1)
    at asyncGeneratorStep (D:\BlogPro\client\src\plugins\texteditor\__tests__\hooks\useEditor.test.ts:2:1)
    at _next (D:\BlogPro\client\src\plugins\texteditor\__tests__\hooks\useEditor.test.ts:2:1)
    at new Promise (&lt;anonymous&gt;)
    at Object.&lt;anonymous&gt; (D:\BlogPro\client\src\plugins\texteditor\__tests__\hooks\useEditor.test.ts:2:1)
    at Promise.finally.completed (C:\Users\New\AppData\Local\npm-cache\_npx\b8d86e6551a4f492\node_modules\jest-circus\build\jestAdapterInit.js:1559:28)
    at new Promise (&lt;anonymous&gt;)
    at callAsyncCircusFn (C:\Users\New\AppData\Local\npm-cache\_npx\b8d86e6551a4f492\node_modules\jest-circus\build\jestAdapterInit.js:1499:10)
    at _callCircusTest (C:\Users\New\AppData\Local\npm-cache\_npx\b8d86e6551a4f492\node_modules\jest-circus\build\jestAdapterInit.js:1009:40)
    at processTicksAndRejections (node:internal/process/task_queues:95:5)
    at _runTest (C:\Users\New\AppData\Local\npm-cache\_npx\b8d86e6551a4f492\node_modules\jest-circus\build\jestAdapterInit.js:949:3)
    at _runTestsForDescribeBlock (C:\Users\New\AppData\Local\npm-cache\_npx\b8d86e6551a4f492\node_modules\jest-circus\build\jestAdapterInit.js:839:13)
    at _runTestsForDescribeBlock (C:\Users\New\AppData\Local\npm-cache\_npx\b8d86e6551a4f492\node_modules\jest-circus\build\jestAdapterInit.js:829:11)
    at _runTestsForDescribeBlock (C:\Users\New\AppData\Local\npm-cache\_npx\b8d86e6551a4f492\node_modules\jest-circus\build\jestAdapterInit.js:829:11)
    at run (C:\Users\New\AppData\Local\npm-cache\_npx\b8d86e6551a4f492\node_modules\jest-circus\build\jestAdapterInit.js:757:3)
    at runAndTransformResultsToJestFormat (C:\Users\New\AppData\Local\npm-cache\_npx\b8d86e6551a4f492\node_modules\jest-circus\build\jestAdapterInit.js:1920:21)
    at jestAdapter (C:\Users\New\AppData\Local\npm-cache\_npx\b8d86e6551a4f492\node_modules\jest-circus\build\runner.js:101:19)
    at runTestInternal (C:\Users\New\AppData\Local\npm-cache\_npx\b8d86e6551a4f492\node_modules\jest-runner\build\testWorker.js:275:16)
    at runTest (C:\Users\New\AppData\Local\npm-cache\_npx\b8d86e6551a4f492\node_modules\jest-runner\build\testWorker.js:343:7)
    at Object.worker (C:\Users\New\AppData\Local\npm-cache\_npx\b8d86e6551a4f492\node_modules\jest-runner\build\testWorker.js:497:12)</failure>
    </testcase>
    <testcase classname="useEditor Hook Paragraph Operations changes paragraph alignment" name="useEditor Hook Paragraph Operations changes paragraph alignment" time="0.001">
      <failure>TypeError: Failed to execute &apos;appendChild&apos; on &apos;Node&apos;: parameter 1 is not of type &apos;Node&apos;.
    at Object.exports.convert (D:\BlogPro\node_modules\jest-environment-jsdom\node_modules\jsdom\lib\jsdom\living\generated\Node.js:25:9)
    at HTMLBodyElement.appendChild (D:\BlogPro\node_modules\jest-environment-jsdom\node_modules\jsdom\lib\jsdom\living\generated\Node.js:404:26)
    at render (D:\BlogPro\node_modules\@testing-library\react\dist\pure.js:260:29)
    at testHook (D:\BlogPro\client\src\plugins\texteditor\__tests__\HookTestingUtils.ts:27:30)
    at D:\BlogPro\client\src\plugins\texteditor\__tests__\hooks\useEditor.test.ts:442:34
    at Generator.call (D:\BlogPro\client\src\plugins\texteditor\__tests__\hooks\useEditor.test.ts:2:1)
    at Generator._invoke [as next] (D:\BlogPro\client\src\plugins\texteditor\__tests__\hooks\useEditor.test.ts:2:1)
    at asyncGeneratorStep (D:\BlogPro\client\src\plugins\texteditor\__tests__\hooks\useEditor.test.ts:2:1)
    at asyncGeneratorStep (D:\BlogPro\client\src\plugins\texteditor\__tests__\hooks\useEditor.test.ts:2:1)
    at _next (D:\BlogPro\client\src\plugins\texteditor\__tests__\hooks\useEditor.test.ts:2:1)
    at new Promise (&lt;anonymous&gt;)
    at Object.&lt;anonymous&gt; (D:\BlogPro\client\src\plugins\texteditor\__tests__\hooks\useEditor.test.ts:2:1)
    at Promise.finally.completed (C:\Users\New\AppData\Local\npm-cache\_npx\b8d86e6551a4f492\node_modules\jest-circus\build\jestAdapterInit.js:1559:28)
    at new Promise (&lt;anonymous&gt;)
    at callAsyncCircusFn (C:\Users\New\AppData\Local\npm-cache\_npx\b8d86e6551a4f492\node_modules\jest-circus\build\jestAdapterInit.js:1499:10)
    at _callCircusTest (C:\Users\New\AppData\Local\npm-cache\_npx\b8d86e6551a4f492\node_modules\jest-circus\build\jestAdapterInit.js:1009:40)
    at processTicksAndRejections (node:internal/process/task_queues:95:5)
    at _runTest (C:\Users\New\AppData\Local\npm-cache\_npx\b8d86e6551a4f492\node_modules\jest-circus\build\jestAdapterInit.js:949:3)
    at _runTestsForDescribeBlock (C:\Users\New\AppData\Local\npm-cache\_npx\b8d86e6551a4f492\node_modules\jest-circus\build\jestAdapterInit.js:839:13)
    at _runTestsForDescribeBlock (C:\Users\New\AppData\Local\npm-cache\_npx\b8d86e6551a4f492\node_modules\jest-circus\build\jestAdapterInit.js:829:11)
    at _runTestsForDescribeBlock (C:\Users\New\AppData\Local\npm-cache\_npx\b8d86e6551a4f492\node_modules\jest-circus\build\jestAdapterInit.js:829:11)
    at run (C:\Users\New\AppData\Local\npm-cache\_npx\b8d86e6551a4f492\node_modules\jest-circus\build\jestAdapterInit.js:757:3)
    at runAndTransformResultsToJestFormat (C:\Users\New\AppData\Local\npm-cache\_npx\b8d86e6551a4f492\node_modules\jest-circus\build\jestAdapterInit.js:1920:21)
    at jestAdapter (C:\Users\New\AppData\Local\npm-cache\_npx\b8d86e6551a4f492\node_modules\jest-circus\build\runner.js:101:19)
    at runTestInternal (C:\Users\New\AppData\Local\npm-cache\_npx\b8d86e6551a4f492\node_modules\jest-runner\build\testWorker.js:275:16)
    at runTest (C:\Users\New\AppData\Local\npm-cache\_npx\b8d86e6551a4f492\node_modules\jest-runner\build\testWorker.js:343:7)
    at Object.worker (C:\Users\New\AppData\Local\npm-cache\_npx\b8d86e6551a4f492\node_modules\jest-runner\build\testWorker.js:497:12)</failure>
    </testcase>
    <testcase classname="useEditor Hook History Operations undoes and redoes text insertion" name="useEditor Hook History Operations undoes and redoes text insertion" time="0.001">
      <failure>TypeError: Failed to execute &apos;appendChild&apos; on &apos;Node&apos;: parameter 1 is not of type &apos;Node&apos;.
    at Object.exports.convert (D:\BlogPro\node_modules\jest-environment-jsdom\node_modules\jsdom\lib\jsdom\living\generated\Node.js:25:9)
    at HTMLBodyElement.appendChild (D:\BlogPro\node_modules\jest-environment-jsdom\node_modules\jsdom\lib\jsdom\living\generated\Node.js:404:26)
    at render (D:\BlogPro\node_modules\@testing-library\react\dist\pure.js:260:29)
    at testHook (D:\BlogPro\client\src\plugins\texteditor\__tests__\HookTestingUtils.ts:27:30)
    at D:\BlogPro\client\src\plugins\texteditor\__tests__\hooks\useEditor.test.ts:461:34
    at Generator.call (D:\BlogPro\client\src\plugins\texteditor\__tests__\hooks\useEditor.test.ts:2:1)
    at Generator._invoke [as next] (D:\BlogPro\client\src\plugins\texteditor\__tests__\hooks\useEditor.test.ts:2:1)
    at asyncGeneratorStep (D:\BlogPro\client\src\plugins\texteditor\__tests__\hooks\useEditor.test.ts:2:1)
    at asyncGeneratorStep (D:\BlogPro\client\src\plugins\texteditor\__tests__\hooks\useEditor.test.ts:2:1)
    at _next (D:\BlogPro\client\src\plugins\texteditor\__tests__\hooks\useEditor.test.ts:2:1)
    at new Promise (&lt;anonymous&gt;)
    at Object.&lt;anonymous&gt; (D:\BlogPro\client\src\plugins\texteditor\__tests__\hooks\useEditor.test.ts:2:1)
    at Promise.finally.completed (C:\Users\New\AppData\Local\npm-cache\_npx\b8d86e6551a4f492\node_modules\jest-circus\build\jestAdapterInit.js:1559:28)
    at new Promise (&lt;anonymous&gt;)
    at callAsyncCircusFn (C:\Users\New\AppData\Local\npm-cache\_npx\b8d86e6551a4f492\node_modules\jest-circus\build\jestAdapterInit.js:1499:10)
    at _callCircusTest (C:\Users\New\AppData\Local\npm-cache\_npx\b8d86e6551a4f492\node_modules\jest-circus\build\jestAdapterInit.js:1009:40)
    at processTicksAndRejections (node:internal/process/task_queues:95:5)
    at _runTest (C:\Users\New\AppData\Local\npm-cache\_npx\b8d86e6551a4f492\node_modules\jest-circus\build\jestAdapterInit.js:949:3)
    at _runTestsForDescribeBlock (C:\Users\New\AppData\Local\npm-cache\_npx\b8d86e6551a4f492\node_modules\jest-circus\build\jestAdapterInit.js:839:13)
    at _runTestsForDescribeBlock (C:\Users\New\AppData\Local\npm-cache\_npx\b8d86e6551a4f492\node_modules\jest-circus\build\jestAdapterInit.js:829:11)
    at _runTestsForDescribeBlock (C:\Users\New\AppData\Local\npm-cache\_npx\b8d86e6551a4f492\node_modules\jest-circus\build\jestAdapterInit.js:829:11)
    at run (C:\Users\New\AppData\Local\npm-cache\_npx\b8d86e6551a4f492\node_modules\jest-circus\build\jestAdapterInit.js:757:3)
    at runAndTransformResultsToJestFormat (C:\Users\New\AppData\Local\npm-cache\_npx\b8d86e6551a4f492\node_modules\jest-circus\build\jestAdapterInit.js:1920:21)
    at jestAdapter (C:\Users\New\AppData\Local\npm-cache\_npx\b8d86e6551a4f492\node_modules\jest-circus\build\runner.js:101:19)
    at runTestInternal (C:\Users\New\AppData\Local\npm-cache\_npx\b8d86e6551a4f492\node_modules\jest-runner\build\testWorker.js:275:16)
    at runTest (C:\Users\New\AppData\Local\npm-cache\_npx\b8d86e6551a4f492\node_modules\jest-runner\build\testWorker.js:343:7)
    at Object.worker (C:\Users\New\AppData\Local\npm-cache\_npx\b8d86e6551a4f492\node_modules\jest-runner\build\testWorker.js:497:12)</failure>
    </testcase>
    <testcase classname="useEditor Hook HTML Conversion converts document model to HTML" name="useEditor Hook HTML Conversion converts document model to HTML" time="0.001">
      <failure>TypeError: Failed to execute &apos;appendChild&apos; on &apos;Node&apos;: parameter 1 is not of type &apos;Node&apos;.
    at Object.exports.convert (D:\BlogPro\node_modules\jest-environment-jsdom\node_modules\jsdom\lib\jsdom\living\generated\Node.js:25:9)
    at HTMLBodyElement.appendChild (D:\BlogPro\node_modules\jest-environment-jsdom\node_modules\jsdom\lib\jsdom\living\generated\Node.js:404:26)
    at render (D:\BlogPro\node_modules\@testing-library\react\dist\pure.js:260:29)
    at testHook (D:\BlogPro\client\src\plugins\texteditor\__tests__\HookTestingUtils.ts:27:30)
    at D:\BlogPro\client\src\plugins\texteditor\__tests__\hooks\useEditor.test.ts:488:34
    at Generator.call (D:\BlogPro\client\src\plugins\texteditor\__tests__\hooks\useEditor.test.ts:2:1)
    at Generator._invoke [as next] (D:\BlogPro\client\src\plugins\texteditor\__tests__\hooks\useEditor.test.ts:2:1)
    at asyncGeneratorStep (D:\BlogPro\client\src\plugins\texteditor\__tests__\hooks\useEditor.test.ts:2:1)
    at asyncGeneratorStep (D:\BlogPro\client\src\plugins\texteditor\__tests__\hooks\useEditor.test.ts:2:1)
    at _next (D:\BlogPro\client\src\plugins\texteditor\__tests__\hooks\useEditor.test.ts:2:1)
    at new Promise (&lt;anonymous&gt;)
    at Object.&lt;anonymous&gt; (D:\BlogPro\client\src\plugins\texteditor\__tests__\hooks\useEditor.test.ts:2:1)
    at Promise.finally.completed (C:\Users\New\AppData\Local\npm-cache\_npx\b8d86e6551a4f492\node_modules\jest-circus\build\jestAdapterInit.js:1559:28)
    at new Promise (&lt;anonymous&gt;)
    at callAsyncCircusFn (C:\Users\New\AppData\Local\npm-cache\_npx\b8d86e6551a4f492\node_modules\jest-circus\build\jestAdapterInit.js:1499:10)
    at _callCircusTest (C:\Users\New\AppData\Local\npm-cache\_npx\b8d86e6551a4f492\node_modules\jest-circus\build\jestAdapterInit.js:1009:40)
    at processTicksAndRejections (node:internal/process/task_queues:95:5)
    at _runTest (C:\Users\New\AppData\Local\npm-cache\_npx\b8d86e6551a4f492\node_modules\jest-circus\build\jestAdapterInit.js:949:3)
    at _runTestsForDescribeBlock (C:\Users\New\AppData\Local\npm-cache\_npx\b8d86e6551a4f492\node_modules\jest-circus\build\jestAdapterInit.js:839:13)
    at _runTestsForDescribeBlock (C:\Users\New\AppData\Local\npm-cache\_npx\b8d86e6551a4f492\node_modules\jest-circus\build\jestAdapterInit.js:829:11)
    at _runTestsForDescribeBlock (C:\Users\New\AppData\Local\npm-cache\_npx\b8d86e6551a4f492\node_modules\jest-circus\build\jestAdapterInit.js:829:11)
    at run (C:\Users\New\AppData\Local\npm-cache\_npx\b8d86e6551a4f492\node_modules\jest-circus\build\jestAdapterInit.js:757:3)
    at runAndTransformResultsToJestFormat (C:\Users\New\AppData\Local\npm-cache\_npx\b8d86e6551a4f492\node_modules\jest-circus\build\jestAdapterInit.js:1920:21)
    at jestAdapter (C:\Users\New\AppData\Local\npm-cache\_npx\b8d86e6551a4f492\node_modules\jest-circus\build\runner.js:101:19)
    at runTestInternal (C:\Users\New\AppData\Local\npm-cache\_npx\b8d86e6551a4f492\node_modules\jest-runner\build\testWorker.js:275:16)
    at runTest (C:\Users\New\AppData\Local\npm-cache\_npx\b8d86e6551a4f492\node_modules\jest-runner\build\testWorker.js:343:7)
    at Object.worker (C:\Users\New\AppData\Local\npm-cache\_npx\b8d86e6551a4f492\node_modules\jest-runner\build\testWorker.js:497:12)</failure>
    </testcase>
  </testsuite>
  <testsuite name="useSelectionFormatting Hook" errors="0" failures="8" skipped="0" timestamp="2025-07-23T23:39:39" time="3.215" tests="8">
    <testcase classname="useSelectionFormatting Hook Initialization initializes with default formatting" name="useSelectionFormatting Hook Initialization initializes with default formatting" time="0.22">
      <failure>Error: expect(received).toBe(expected) // Object.is equality

Expected: false
Received: undefined
    at Object.toBe (D:\BlogPro\client\src\plugins\texteditor\__tests__\hooks\useSelectionFormatting.test.ts:111:35)
    at Promise.finally.completed (C:\Users\New\AppData\Local\npm-cache\_npx\b8d86e6551a4f492\node_modules\jest-circus\build\jestAdapterInit.js:1559:28)
    at new Promise (&lt;anonymous&gt;)
    at callAsyncCircusFn (C:\Users\New\AppData\Local\npm-cache\_npx\b8d86e6551a4f492\node_modules\jest-circus\build\jestAdapterInit.js:1499:10)
    at _callCircusTest (C:\Users\New\AppData\Local\npm-cache\_npx\b8d86e6551a4f492\node_modules\jest-circus\build\jestAdapterInit.js:1009:40)
    at processTicksAndRejections (node:internal/process/task_queues:95:5)
    at _runTest (C:\Users\New\AppData\Local\npm-cache\_npx\b8d86e6551a4f492\node_modules\jest-circus\build\jestAdapterInit.js:949:3)
    at _runTestsForDescribeBlock (C:\Users\New\AppData\Local\npm-cache\_npx\b8d86e6551a4f492\node_modules\jest-circus\build\jestAdapterInit.js:839:13)
    at _runTestsForDescribeBlock (C:\Users\New\AppData\Local\npm-cache\_npx\b8d86e6551a4f492\node_modules\jest-circus\build\jestAdapterInit.js:829:11)
    at _runTestsForDescribeBlock (C:\Users\New\AppData\Local\npm-cache\_npx\b8d86e6551a4f492\node_modules\jest-circus\build\jestAdapterInit.js:829:11)
    at run (C:\Users\New\AppData\Local\npm-cache\_npx\b8d86e6551a4f492\node_modules\jest-circus\build\jestAdapterInit.js:757:3)
    at runAndTransformResultsToJestFormat (C:\Users\New\AppData\Local\npm-cache\_npx\b8d86e6551a4f492\node_modules\jest-circus\build\jestAdapterInit.js:1920:21)
    at jestAdapter (C:\Users\New\AppData\Local\npm-cache\_npx\b8d86e6551a4f492\node_modules\jest-circus\build\runner.js:101:19)
    at runTestInternal (C:\Users\New\AppData\Local\npm-cache\_npx\b8d86e6551a4f492\node_modules\jest-runner\build\testWorker.js:275:16)
    at runTest (C:\Users\New\AppData\Local\npm-cache\_npx\b8d86e6551a4f492\node_modules\jest-runner\build\testWorker.js:343:7)
    at Object.worker (C:\Users\New\AppData\Local\npm-cache\_npx\b8d86e6551a4f492\node_modules\jest-runner\build\testWorker.js:497:12)</failure>
    </testcase>
    <testcase classname="useSelectionFormatting Hook Selection Formatting detects bold formatting in selection" name="useSelectionFormatting Hook Selection Formatting detects bold formatting in selection" time="0.005">
      <failure>Error: expect(received).toBe(expected) // Object.is equality

Expected: true
Received: undefined
    at toBe (D:\BlogPro\client\src\plugins\texteditor\__tests__\hooks\useSelectionFormatting.test.ts:138:35)
    at Generator.call (D:\BlogPro\client\src\plugins\texteditor\__tests__\hooks\useSelectionFormatting.test.ts:2:1)
    at Generator._invoke [as next] (D:\BlogPro\client\src\plugins\texteditor\__tests__\hooks\useSelectionFormatting.test.ts:2:1)
    at asyncGeneratorStep (D:\BlogPro\client\src\plugins\texteditor\__tests__\hooks\useSelectionFormatting.test.ts:2:1)
    at asyncGeneratorStep (D:\BlogPro\client\src\plugins\texteditor\__tests__\hooks\useSelectionFormatting.test.ts:2:1)
    at _next (D:\BlogPro\client\src\plugins\texteditor\__tests__\hooks\useSelectionFormatting.test.ts:2:1)
    at new Promise (&lt;anonymous&gt;)
    at Object.&lt;anonymous&gt; (D:\BlogPro\client\src\plugins\texteditor\__tests__\hooks\useSelectionFormatting.test.ts:2:1)
    at Promise.finally.completed (C:\Users\New\AppData\Local\npm-cache\_npx\b8d86e6551a4f492\node_modules\jest-circus\build\jestAdapterInit.js:1559:28)
    at new Promise (&lt;anonymous&gt;)
    at callAsyncCircusFn (C:\Users\New\AppData\Local\npm-cache\_npx\b8d86e6551a4f492\node_modules\jest-circus\build\jestAdapterInit.js:1499:10)
    at _callCircusTest (C:\Users\New\AppData\Local\npm-cache\_npx\b8d86e6551a4f492\node_modules\jest-circus\build\jestAdapterInit.js:1009:40)
    at processTicksAndRejections (node:internal/process/task_queues:95:5)
    at _runTest (C:\Users\New\AppData\Local\npm-cache\_npx\b8d86e6551a4f492\node_modules\jest-circus\build\jestAdapterInit.js:949:3)
    at _runTestsForDescribeBlock (C:\Users\New\AppData\Local\npm-cache\_npx\b8d86e6551a4f492\node_modules\jest-circus\build\jestAdapterInit.js:839:13)
    at _runTestsForDescribeBlock (C:\Users\New\AppData\Local\npm-cache\_npx\b8d86e6551a4f492\node_modules\jest-circus\build\jestAdapterInit.js:829:11)
    at _runTestsForDescribeBlock (C:\Users\New\AppData\Local\npm-cache\_npx\b8d86e6551a4f492\node_modules\jest-circus\build\jestAdapterInit.js:829:11)
    at run (C:\Users\New\AppData\Local\npm-cache\_npx\b8d86e6551a4f492\node_modules\jest-circus\build\jestAdapterInit.js:757:3)
    at runAndTransformResultsToJestFormat (C:\Users\New\AppData\Local\npm-cache\_npx\b8d86e6551a4f492\node_modules\jest-circus\build\jestAdapterInit.js:1920:21)
    at jestAdapter (C:\Users\New\AppData\Local\npm-cache\_npx\b8d86e6551a4f492\node_modules\jest-circus\build\runner.js:101:19)
    at runTestInternal (C:\Users\New\AppData\Local\npm-cache\_npx\b8d86e6551a4f492\node_modules\jest-runner\build\testWorker.js:275:16)
    at runTest (C:\Users\New\AppData\Local\npm-cache\_npx\b8d86e6551a4f492\node_modules\jest-runner\build\testWorker.js:343:7)
    at Object.worker (C:\Users\New\AppData\Local\npm-cache\_npx\b8d86e6551a4f492\node_modules\jest-runner\build\testWorker.js:497:12)</failure>
    </testcase>
    <testcase classname="useSelectionFormatting Hook Selection Formatting detects italic formatting in selection" name="useSelectionFormatting Hook Selection Formatting detects italic formatting in selection" time="0.004">
      <failure>Error: expect(received).toBe(expected) // Object.is equality

Expected: false
Received: undefined
    at toBe (D:\BlogPro\client\src\plugins\texteditor\__tests__\hooks\useSelectionFormatting.test.ts:157:35)
    at Generator.call (D:\BlogPro\client\src\plugins\texteditor\__tests__\hooks\useSelectionFormatting.test.ts:2:1)
    at Generator._invoke [as next] (D:\BlogPro\client\src\plugins\texteditor\__tests__\hooks\useSelectionFormatting.test.ts:2:1)
    at asyncGeneratorStep (D:\BlogPro\client\src\plugins\texteditor\__tests__\hooks\useSelectionFormatting.test.ts:2:1)
    at asyncGeneratorStep (D:\BlogPro\client\src\plugins\texteditor\__tests__\hooks\useSelectionFormatting.test.ts:2:1)
    at _next (D:\BlogPro\client\src\plugins\texteditor\__tests__\hooks\useSelectionFormatting.test.ts:2:1)
    at new Promise (&lt;anonymous&gt;)
    at Object.&lt;anonymous&gt; (D:\BlogPro\client\src\plugins\texteditor\__tests__\hooks\useSelectionFormatting.test.ts:2:1)
    at Promise.finally.completed (C:\Users\New\AppData\Local\npm-cache\_npx\b8d86e6551a4f492\node_modules\jest-circus\build\jestAdapterInit.js:1559:28)
    at new Promise (&lt;anonymous&gt;)
    at callAsyncCircusFn (C:\Users\New\AppData\Local\npm-cache\_npx\b8d86e6551a4f492\node_modules\jest-circus\build\jestAdapterInit.js:1499:10)
    at _callCircusTest (C:\Users\New\AppData\Local\npm-cache\_npx\b8d86e6551a4f492\node_modules\jest-circus\build\jestAdapterInit.js:1009:40)
    at processTicksAndRejections (node:internal/process/task_queues:95:5)
    at _runTest (C:\Users\New\AppData\Local\npm-cache\_npx\b8d86e6551a4f492\node_modules\jest-circus\build\jestAdapterInit.js:949:3)
    at _runTestsForDescribeBlock (C:\Users\New\AppData\Local\npm-cache\_npx\b8d86e6551a4f492\node_modules\jest-circus\build\jestAdapterInit.js:839:13)
    at _runTestsForDescribeBlock (C:\Users\New\AppData\Local\npm-cache\_npx\b8d86e6551a4f492\node_modules\jest-circus\build\jestAdapterInit.js:829:11)
    at _runTestsForDescribeBlock (C:\Users\New\AppData\Local\npm-cache\_npx\b8d86e6551a4f492\node_modules\jest-circus\build\jestAdapterInit.js:829:11)
    at run (C:\Users\New\AppData\Local\npm-cache\_npx\b8d86e6551a4f492\node_modules\jest-circus\build\jestAdapterInit.js:757:3)
    at runAndTransformResultsToJestFormat (C:\Users\New\AppData\Local\npm-cache\_npx\b8d86e6551a4f492\node_modules\jest-circus\build\jestAdapterInit.js:1920:21)
    at jestAdapter (C:\Users\New\AppData\Local\npm-cache\_npx\b8d86e6551a4f492\node_modules\jest-circus\build\runner.js:101:19)
    at runTestInternal (C:\Users\New\AppData\Local\npm-cache\_npx\b8d86e6551a4f492\node_modules\jest-runner\build\testWorker.js:275:16)
    at runTest (C:\Users\New\AppData\Local\npm-cache\_npx\b8d86e6551a4f492\node_modules\jest-runner\build\testWorker.js:343:7)
    at Object.worker (C:\Users\New\AppData\Local\npm-cache\_npx\b8d86e6551a4f492\node_modules\jest-runner\build\testWorker.js:497:12)</failure>
    </testcase>
    <testcase classname="useSelectionFormatting Hook Selection Formatting handles mixed formatting in selection" name="useSelectionFormatting Hook Selection Formatting handles mixed formatting in selection" time="0.005">
      <failure>Error: expect(received).toBe(expected) // Object.is equality

Expected: null
Received: undefined
    at toBe (D:\BlogPro\client\src\plugins\texteditor\__tests__\hooks\useSelectionFormatting.test.ts:177:35)
    at Generator.call (D:\BlogPro\client\src\plugins\texteditor\__tests__\hooks\useSelectionFormatting.test.ts:2:1)
    at Generator._invoke [as next] (D:\BlogPro\client\src\plugins\texteditor\__tests__\hooks\useSelectionFormatting.test.ts:2:1)
    at asyncGeneratorStep (D:\BlogPro\client\src\plugins\texteditor\__tests__\hooks\useSelectionFormatting.test.ts:2:1)
    at asyncGeneratorStep (D:\BlogPro\client\src\plugins\texteditor\__tests__\hooks\useSelectionFormatting.test.ts:2:1)
    at _next (D:\BlogPro\client\src\plugins\texteditor\__tests__\hooks\useSelectionFormatting.test.ts:2:1)
    at new Promise (&lt;anonymous&gt;)
    at Object.&lt;anonymous&gt; (D:\BlogPro\client\src\plugins\texteditor\__tests__\hooks\useSelectionFormatting.test.ts:2:1)
    at Promise.finally.completed (C:\Users\New\AppData\Local\npm-cache\_npx\b8d86e6551a4f492\node_modules\jest-circus\build\jestAdapterInit.js:1559:28)
    at new Promise (&lt;anonymous&gt;)
    at callAsyncCircusFn (C:\Users\New\AppData\Local\npm-cache\_npx\b8d86e6551a4f492\node_modules\jest-circus\build\jestAdapterInit.js:1499:10)
    at _callCircusTest (C:\Users\New\AppData\Local\npm-cache\_npx\b8d86e6551a4f492\node_modules\jest-circus\build\jestAdapterInit.js:1009:40)
    at processTicksAndRejections (node:internal/process/task_queues:95:5)
    at _runTest (C:\Users\New\AppData\Local\npm-cache\_npx\b8d86e6551a4f492\node_modules\jest-circus\build\jestAdapterInit.js:949:3)
    at _runTestsForDescribeBlock (C:\Users\New\AppData\Local\npm-cache\_npx\b8d86e6551a4f492\node_modules\jest-circus\build\jestAdapterInit.js:839:13)
    at _runTestsForDescribeBlock (C:\Users\New\AppData\Local\npm-cache\_npx\b8d86e6551a4f492\node_modules\jest-circus\build\jestAdapterInit.js:829:11)
    at _runTestsForDescribeBlock (C:\Users\New\AppData\Local\npm-cache\_npx\b8d86e6551a4f492\node_modules\jest-circus\build\jestAdapterInit.js:829:11)
    at run (C:\Users\New\AppData\Local\npm-cache\_npx\b8d86e6551a4f492\node_modules\jest-circus\build\jestAdapterInit.js:757:3)
    at runAndTransformResultsToJestFormat (C:\Users\New\AppData\Local\npm-cache\_npx\b8d86e6551a4f492\node_modules\jest-circus\build\jestAdapterInit.js:1920:21)
    at jestAdapter (C:\Users\New\AppData\Local\npm-cache\_npx\b8d86e6551a4f492\node_modules\jest-circus\build\runner.js:101:19)
    at runTestInternal (C:\Users\New\AppData\Local\npm-cache\_npx\b8d86e6551a4f492\node_modules\jest-runner\build\testWorker.js:275:16)
    at runTest (C:\Users\New\AppData\Local\npm-cache\_npx\b8d86e6551a4f492\node_modules\jest-runner\build\testWorker.js:343:7)
    at Object.worker (C:\Users\New\AppData\Local\npm-cache\_npx\b8d86e6551a4f492\node_modules\jest-runner\build\testWorker.js:497:12)</failure>
    </testcase>
    <testcase classname="useSelectionFormatting Hook Selection Formatting handles empty selection" name="useSelectionFormatting Hook Selection Formatting handles empty selection" time="0.005">
      <failure>Error: expect(received).toBe(expected) // Object.is equality

Expected: false
Received: undefined
    at toBe (D:\BlogPro\client\src\plugins\texteditor\__tests__\hooks\useSelectionFormatting.test.ts:197:35)
    at Generator.call (D:\BlogPro\client\src\plugins\texteditor\__tests__\hooks\useSelectionFormatting.test.ts:2:1)
    at Generator._invoke [as next] (D:\BlogPro\client\src\plugins\texteditor\__tests__\hooks\useSelectionFormatting.test.ts:2:1)
    at asyncGeneratorStep (D:\BlogPro\client\src\plugins\texteditor\__tests__\hooks\useSelectionFormatting.test.ts:2:1)
    at asyncGeneratorStep (D:\BlogPro\client\src\plugins\texteditor\__tests__\hooks\useSelectionFormatting.test.ts:2:1)
    at _next (D:\BlogPro\client\src\plugins\texteditor\__tests__\hooks\useSelectionFormatting.test.ts:2:1)
    at new Promise (&lt;anonymous&gt;)
    at Object.&lt;anonymous&gt; (D:\BlogPro\client\src\plugins\texteditor\__tests__\hooks\useSelectionFormatting.test.ts:2:1)
    at Promise.finally.completed (C:\Users\New\AppData\Local\npm-cache\_npx\b8d86e6551a4f492\node_modules\jest-circus\build\jestAdapterInit.js:1559:28)
    at new Promise (&lt;anonymous&gt;)
    at callAsyncCircusFn (C:\Users\New\AppData\Local\npm-cache\_npx\b8d86e6551a4f492\node_modules\jest-circus\build\jestAdapterInit.js:1499:10)
    at _callCircusTest (C:\Users\New\AppData\Local\npm-cache\_npx\b8d86e6551a4f492\node_modules\jest-circus\build\jestAdapterInit.js:1009:40)
    at processTicksAndRejections (node:internal/process/task_queues:95:5)
    at _runTest (C:\Users\New\AppData\Local\npm-cache\_npx\b8d86e6551a4f492\node_modules\jest-circus\build\jestAdapterInit.js:949:3)
    at _runTestsForDescribeBlock (C:\Users\New\AppData\Local\npm-cache\_npx\b8d86e6551a4f492\node_modules\jest-circus\build\jestAdapterInit.js:839:13)
    at _runTestsForDescribeBlock (C:\Users\New\AppData\Local\npm-cache\_npx\b8d86e6551a4f492\node_modules\jest-circus\build\jestAdapterInit.js:829:11)
    at _runTestsForDescribeBlock (C:\Users\New\AppData\Local\npm-cache\_npx\b8d86e6551a4f492\node_modules\jest-circus\build\jestAdapterInit.js:829:11)
    at run (C:\Users\New\AppData\Local\npm-cache\_npx\b8d86e6551a4f492\node_modules\jest-circus\build\jestAdapterInit.js:757:3)
    at runAndTransformResultsToJestFormat (C:\Users\New\AppData\Local\npm-cache\_npx\b8d86e6551a4f492\node_modules\jest-circus\build\jestAdapterInit.js:1920:21)
    at jestAdapter (C:\Users\New\AppData\Local\npm-cache\_npx\b8d86e6551a4f492\node_modules\jest-circus\build\runner.js:101:19)
    at runTestInternal (C:\Users\New\AppData\Local\npm-cache\_npx\b8d86e6551a4f492\node_modules\jest-runner\build\testWorker.js:275:16)
    at runTest (C:\Users\New\AppData\Local\npm-cache\_npx\b8d86e6551a4f492\node_modules\jest-runner\build\testWorker.js:343:7)
    at Object.worker (C:\Users\New\AppData\Local\npm-cache\_npx\b8d86e6551a4f492\node_modules\jest-runner\build\testWorker.js:497:12)</failure>
    </testcase>
    <testcase classname="useSelectionFormatting Hook Selection Formatting handles selection across different formatting" name="useSelectionFormatting Hook Selection Formatting handles selection across different formatting" time="0.009">
      <failure>Error: expect(received).toBe(expected) // Object.is equality

Expected: null
Received: undefined
    at toBe (D:\BlogPro\client\src\plugins\texteditor\__tests__\hooks\useSelectionFormatting.test.ts:216:35)
    at Generator.call (D:\BlogPro\client\src\plugins\texteditor\__tests__\hooks\useSelectionFormatting.test.ts:2:1)
    at Generator._invoke [as next] (D:\BlogPro\client\src\plugins\texteditor\__tests__\hooks\useSelectionFormatting.test.ts:2:1)
    at asyncGeneratorStep (D:\BlogPro\client\src\plugins\texteditor\__tests__\hooks\useSelectionFormatting.test.ts:2:1)
    at asyncGeneratorStep (D:\BlogPro\client\src\plugins\texteditor\__tests__\hooks\useSelectionFormatting.test.ts:2:1)
    at _next (D:\BlogPro\client\src\plugins\texteditor\__tests__\hooks\useSelectionFormatting.test.ts:2:1)
    at new Promise (&lt;anonymous&gt;)
    at Object.&lt;anonymous&gt; (D:\BlogPro\client\src\plugins\texteditor\__tests__\hooks\useSelectionFormatting.test.ts:2:1)
    at Promise.finally.completed (C:\Users\New\AppData\Local\npm-cache\_npx\b8d86e6551a4f492\node_modules\jest-circus\build\jestAdapterInit.js:1559:28)
    at new Promise (&lt;anonymous&gt;)
    at callAsyncCircusFn (C:\Users\New\AppData\Local\npm-cache\_npx\b8d86e6551a4f492\node_modules\jest-circus\build\jestAdapterInit.js:1499:10)
    at _callCircusTest (C:\Users\New\AppData\Local\npm-cache\_npx\b8d86e6551a4f492\node_modules\jest-circus\build\jestAdapterInit.js:1009:40)
    at processTicksAndRejections (node:internal/process/task_queues:95:5)
    at _runTest (C:\Users\New\AppData\Local\npm-cache\_npx\b8d86e6551a4f492\node_modules\jest-circus\build\jestAdapterInit.js:949:3)
    at _runTestsForDescribeBlock (C:\Users\New\AppData\Local\npm-cache\_npx\b8d86e6551a4f492\node_modules\jest-circus\build\jestAdapterInit.js:839:13)
    at _runTestsForDescribeBlock (C:\Users\New\AppData\Local\npm-cache\_npx\b8d86e6551a4f492\node_modules\jest-circus\build\jestAdapterInit.js:829:11)
    at _runTestsForDescribeBlock (C:\Users\New\AppData\Local\npm-cache\_npx\b8d86e6551a4f492\node_modules\jest-circus\build\jestAdapterInit.js:829:11)
    at run (C:\Users\New\AppData\Local\npm-cache\_npx\b8d86e6551a4f492\node_modules\jest-circus\build\jestAdapterInit.js:757:3)
    at runAndTransformResultsToJestFormat (C:\Users\New\AppData\Local\npm-cache\_npx\b8d86e6551a4f492\node_modules\jest-circus\build\jestAdapterInit.js:1920:21)
    at jestAdapter (C:\Users\New\AppData\Local\npm-cache\_npx\b8d86e6551a4f492\node_modules\jest-circus\build\runner.js:101:19)
    at runTestInternal (C:\Users\New\AppData\Local\npm-cache\_npx\b8d86e6551a4f492\node_modules\jest-runner\build\testWorker.js:275:16)
    at runTest (C:\Users\New\AppData\Local\npm-cache\_npx\b8d86e6551a4f492\node_modules\jest-runner\build\testWorker.js:343:7)
    at Object.worker (C:\Users\New\AppData\Local\npm-cache\_npx\b8d86e6551a4f492\node_modules\jest-runner\build\testWorker.js:497:12)</failure>
    </testcase>
    <testcase classname="useSelectionFormatting Hook Selection Updates updates formatting when selection changes" name="useSelectionFormatting Hook Selection Updates updates formatting when selection changes" time="0.005">
      <failure>Error: expect(received).toBe(expected) // Object.is equality

Expected: true
Received: undefined
    at toBe (D:\BlogPro\client\src\plugins\texteditor\__tests__\hooks\useSelectionFormatting.test.ts:237:35)
    at Generator.call (D:\BlogPro\client\src\plugins\texteditor\__tests__\hooks\useSelectionFormatting.test.ts:2:1)
    at Generator._invoke [as next] (D:\BlogPro\client\src\plugins\texteditor\__tests__\hooks\useSelectionFormatting.test.ts:2:1)
    at asyncGeneratorStep (D:\BlogPro\client\src\plugins\texteditor\__tests__\hooks\useSelectionFormatting.test.ts:2:1)
    at asyncGeneratorStep (D:\BlogPro\client\src\plugins\texteditor\__tests__\hooks\useSelectionFormatting.test.ts:2:1)
    at _next (D:\BlogPro\client\src\plugins\texteditor\__tests__\hooks\useSelectionFormatting.test.ts:2:1)
    at new Promise (&lt;anonymous&gt;)
    at Object.&lt;anonymous&gt; (D:\BlogPro\client\src\plugins\texteditor\__tests__\hooks\useSelectionFormatting.test.ts:2:1)
    at Promise.finally.completed (C:\Users\New\AppData\Local\npm-cache\_npx\b8d86e6551a4f492\node_modules\jest-circus\build\jestAdapterInit.js:1559:28)
    at new Promise (&lt;anonymous&gt;)
    at callAsyncCircusFn (C:\Users\New\AppData\Local\npm-cache\_npx\b8d86e6551a4f492\node_modules\jest-circus\build\jestAdapterInit.js:1499:10)
    at _callCircusTest (C:\Users\New\AppData\Local\npm-cache\_npx\b8d86e6551a4f492\node_modules\jest-circus\build\jestAdapterInit.js:1009:40)
    at processTicksAndRejections (node:internal/process/task_queues:95:5)
    at _runTest (C:\Users\New\AppData\Local\npm-cache\_npx\b8d86e6551a4f492\node_modules\jest-circus\build\jestAdapterInit.js:949:3)
    at _runTestsForDescribeBlock (C:\Users\New\AppData\Local\npm-cache\_npx\b8d86e6551a4f492\node_modules\jest-circus\build\jestAdapterInit.js:839:13)
    at _runTestsForDescribeBlock (C:\Users\New\AppData\Local\npm-cache\_npx\b8d86e6551a4f492\node_modules\jest-circus\build\jestAdapterInit.js:829:11)
    at _runTestsForDescribeBlock (C:\Users\New\AppData\Local\npm-cache\_npx\b8d86e6551a4f492\node_modules\jest-circus\build\jestAdapterInit.js:829:11)
    at run (C:\Users\New\AppData\Local\npm-cache\_npx\b8d86e6551a4f492\node_modules\jest-circus\build\jestAdapterInit.js:757:3)
    at runAndTransformResultsToJestFormat (C:\Users\New\AppData\Local\npm-cache\_npx\b8d86e6551a4f492\node_modules\jest-circus\build\jestAdapterInit.js:1920:21)
    at jestAdapter (C:\Users\New\AppData\Local\npm-cache\_npx\b8d86e6551a4f492\node_modules\jest-circus\build\runner.js:101:19)
    at runTestInternal (C:\Users\New\AppData\Local\npm-cache\_npx\b8d86e6551a4f492\node_modules\jest-runner\build\testWorker.js:275:16)
    at runTest (C:\Users\New\AppData\Local\npm-cache\_npx\b8d86e6551a4f492\node_modules\jest-runner\build\testWorker.js:343:7)
    at Object.worker (C:\Users\New\AppData\Local\npm-cache\_npx\b8d86e6551a4f492\node_modules\jest-runner\build\testWorker.js:497:12)</failure>
    </testcase>
    <testcase classname="useSelectionFormatting Hook Selection Updates updates formatting when document changes" name="useSelectionFormatting Hook Selection Updates updates formatting when document changes" time="0.006">
      <failure>Error: expect(received).toBe(expected) // Object.is equality

Expected: true
Received: undefined
    at toBe (D:\BlogPro\client\src\plugins\texteditor\__tests__\hooks\useSelectionFormatting.test.ts:271:35)
    at Generator.call (D:\BlogPro\client\src\plugins\texteditor\__tests__\hooks\useSelectionFormatting.test.ts:2:1)
    at Generator._invoke [as next] (D:\BlogPro\client\src\plugins\texteditor\__tests__\hooks\useSelectionFormatting.test.ts:2:1)
    at asyncGeneratorStep (D:\BlogPro\client\src\plugins\texteditor\__tests__\hooks\useSelectionFormatting.test.ts:2:1)
    at asyncGeneratorStep (D:\BlogPro\client\src\plugins\texteditor\__tests__\hooks\useSelectionFormatting.test.ts:2:1)
    at _next (D:\BlogPro\client\src\plugins\texteditor\__tests__\hooks\useSelectionFormatting.test.ts:2:1)
    at new Promise (&lt;anonymous&gt;)
    at Object.&lt;anonymous&gt; (D:\BlogPro\client\src\plugins\texteditor\__tests__\hooks\useSelectionFormatting.test.ts:2:1)
    at Promise.finally.completed (C:\Users\New\AppData\Local\npm-cache\_npx\b8d86e6551a4f492\node_modules\jest-circus\build\jestAdapterInit.js:1559:28)
    at new Promise (&lt;anonymous&gt;)
    at callAsyncCircusFn (C:\Users\New\AppData\Local\npm-cache\_npx\b8d86e6551a4f492\node_modules\jest-circus\build\jestAdapterInit.js:1499:10)
    at _callCircusTest (C:\Users\New\AppData\Local\npm-cache\_npx\b8d86e6551a4f492\node_modules\jest-circus\build\jestAdapterInit.js:1009:40)
    at processTicksAndRejections (node:internal/process/task_queues:95:5)
    at _runTest (C:\Users\New\AppData\Local\npm-cache\_npx\b8d86e6551a4f492\node_modules\jest-circus\build\jestAdapterInit.js:949:3)
    at _runTestsForDescribeBlock (C:\Users\New\AppData\Local\npm-cache\_npx\b8d86e6551a4f492\node_modules\jest-circus\build\jestAdapterInit.js:839:13)
    at _runTestsForDescribeBlock (C:\Users\New\AppData\Local\npm-cache\_npx\b8d86e6551a4f492\node_modules\jest-circus\build\jestAdapterInit.js:829:11)
    at _runTestsForDescribeBlock (C:\Users\New\AppData\Local\npm-cache\_npx\b8d86e6551a4f492\node_modules\jest-circus\build\jestAdapterInit.js:829:11)
    at run (C:\Users\New\AppData\Local\npm-cache\_npx\b8d86e6551a4f492\node_modules\jest-circus\build\jestAdapterInit.js:757:3)
    at runAndTransformResultsToJestFormat (C:\Users\New\AppData\Local\npm-cache\_npx\b8d86e6551a4f492\node_modules\jest-circus\build\jestAdapterInit.js:1920:21)
    at jestAdapter (C:\Users\New\AppData\Local\npm-cache\_npx\b8d86e6551a4f492\node_modules\jest-circus\build\runner.js:101:19)
    at runTestInternal (C:\Users\New\AppData\Local\npm-cache\_npx\b8d86e6551a4f492\node_modules\jest-runner\build\testWorker.js:275:16)
    at runTest (C:\Users\New\AppData\Local\npm-cache\_npx\b8d86e6551a4f492\node_modules\jest-runner\build\testWorker.js:343:7)
    at Object.worker (C:\Users\New\AppData\Local\npm-cache\_npx\b8d86e6551a4f492\node_modules\jest-runner\build\testWorker.js:497:12)</failure>
    </testcase>
  </testsuite>
  <testsuite name="useEditor hook" errors="0" failures="16" skipped="0" timestamp="2025-07-23T23:39:41" time="3.02" tests="16">
    <testcase classname="useEditor hook initializes with provided content" name="useEditor hook initializes with provided content" time="0.057">
      <failure>TypeError: Cannot read properties of null (reading &apos;useState&apos;)
    at useState (D:\BlogPro\node_modules\react\cjs\react.development.js:1622:21)
    at testHook (D:\BlogPro\client\src\plugins\texteditor\__tests__\HookTestingUtils.ts:24:49)
    at Object.&lt;anonymous&gt; (D:\BlogPro\client\src\plugins\texteditor\__tests__\useEditor.test.ts:32:32)
    at Promise.finally.completed (C:\Users\New\AppData\Local\npm-cache\_npx\b8d86e6551a4f492\node_modules\jest-circus\build\jestAdapterInit.js:1559:28)
    at new Promise (&lt;anonymous&gt;)
    at callAsyncCircusFn (C:\Users\New\AppData\Local\npm-cache\_npx\b8d86e6551a4f492\node_modules\jest-circus\build\jestAdapterInit.js:1499:10)
    at _callCircusTest (C:\Users\New\AppData\Local\npm-cache\_npx\b8d86e6551a4f492\node_modules\jest-circus\build\jestAdapterInit.js:1009:40)
    at processTicksAndRejections (node:internal/process/task_queues:95:5)
    at _runTest (C:\Users\New\AppData\Local\npm-cache\_npx\b8d86e6551a4f492\node_modules\jest-circus\build\jestAdapterInit.js:949:3)
    at _runTestsForDescribeBlock (C:\Users\New\AppData\Local\npm-cache\_npx\b8d86e6551a4f492\node_modules\jest-circus\build\jestAdapterInit.js:839:13)
    at _runTestsForDescribeBlock (C:\Users\New\AppData\Local\npm-cache\_npx\b8d86e6551a4f492\node_modules\jest-circus\build\jestAdapterInit.js:829:11)
    at run (C:\Users\New\AppData\Local\npm-cache\_npx\b8d86e6551a4f492\node_modules\jest-circus\build\jestAdapterInit.js:757:3)
    at runAndTransformResultsToJestFormat (C:\Users\New\AppData\Local\npm-cache\_npx\b8d86e6551a4f492\node_modules\jest-circus\build\jestAdapterInit.js:1920:21)
    at jestAdapter (C:\Users\New\AppData\Local\npm-cache\_npx\b8d86e6551a4f492\node_modules\jest-circus\build\runner.js:101:19)
    at runTestInternal (C:\Users\New\AppData\Local\npm-cache\_npx\b8d86e6551a4f492\node_modules\jest-runner\build\testWorker.js:275:16)
    at runTest (C:\Users\New\AppData\Local\npm-cache\_npx\b8d86e6551a4f492\node_modules\jest-runner\build\testWorker.js:343:7)
    at Object.worker (C:\Users\New\AppData\Local\npm-cache\_npx\b8d86e6551a4f492\node_modules\jest-runner\build\testWorker.js:497:12)</failure>
    </testcase>
    <testcase classname="useEditor hook initializes with empty content when not provided" name="useEditor hook initializes with empty content when not provided" time="0.001">
      <failure>TypeError: Cannot read properties of null (reading &apos;useState&apos;)
    at useState (D:\BlogPro\node_modules\react\cjs\react.development.js:1622:21)
    at testHook (D:\BlogPro\client\src\plugins\texteditor\__tests__\HookTestingUtils.ts:24:49)
    at Object.&lt;anonymous&gt; (D:\BlogPro\client\src\plugins\texteditor\__tests__\useEditor.test.ts:40:32)
    at Promise.finally.completed (C:\Users\New\AppData\Local\npm-cache\_npx\b8d86e6551a4f492\node_modules\jest-circus\build\jestAdapterInit.js:1559:28)
    at new Promise (&lt;anonymous&gt;)
    at callAsyncCircusFn (C:\Users\New\AppData\Local\npm-cache\_npx\b8d86e6551a4f492\node_modules\jest-circus\build\jestAdapterInit.js:1499:10)
    at _callCircusTest (C:\Users\New\AppData\Local\npm-cache\_npx\b8d86e6551a4f492\node_modules\jest-circus\build\jestAdapterInit.js:1009:40)
    at processTicksAndRejections (node:internal/process/task_queues:95:5)
    at _runTest (C:\Users\New\AppData\Local\npm-cache\_npx\b8d86e6551a4f492\node_modules\jest-circus\build\jestAdapterInit.js:949:3)
    at _runTestsForDescribeBlock (C:\Users\New\AppData\Local\npm-cache\_npx\b8d86e6551a4f492\node_modules\jest-circus\build\jestAdapterInit.js:839:13)
    at _runTestsForDescribeBlock (C:\Users\New\AppData\Local\npm-cache\_npx\b8d86e6551a4f492\node_modules\jest-circus\build\jestAdapterInit.js:829:11)
    at run (C:\Users\New\AppData\Local\npm-cache\_npx\b8d86e6551a4f492\node_modules\jest-circus\build\jestAdapterInit.js:757:3)
    at runAndTransformResultsToJestFormat (C:\Users\New\AppData\Local\npm-cache\_npx\b8d86e6551a4f492\node_modules\jest-circus\build\jestAdapterInit.js:1920:21)
    at jestAdapter (C:\Users\New\AppData\Local\npm-cache\_npx\b8d86e6551a4f492\node_modules\jest-circus\build\runner.js:101:19)
    at runTestInternal (C:\Users\New\AppData\Local\npm-cache\_npx\b8d86e6551a4f492\node_modules\jest-runner\build\testWorker.js:275:16)
    at runTest (C:\Users\New\AppData\Local\npm-cache\_npx\b8d86e6551a4f492\node_modules\jest-runner\build\testWorker.js:343:7)
    at Object.worker (C:\Users\New\AppData\Local\npm-cache\_npx\b8d86e6551a4f492\node_modules\jest-runner\build\testWorker.js:497:12)</failure>
    </testcase>
    <testcase classname="useEditor hook inserts text at cursor position" name="useEditor hook inserts text at cursor position" time="0.002">
      <failure>TypeError: Cannot read properties of null (reading &apos;useState&apos;)
    at useState (D:\BlogPro\node_modules\react\cjs\react.development.js:1622:21)
    at testHook (D:\BlogPro\client\src\plugins\texteditor\__tests__\HookTestingUtils.ts:24:49)
    at D:\BlogPro\client\src\plugins\texteditor\__tests__\useEditor.test.ts:48:32
    at Generator.call (D:\BlogPro\client\src\plugins\texteditor\__tests__\useEditor.test.ts:2:1)
    at Generator._invoke [as next] (D:\BlogPro\client\src\plugins\texteditor\__tests__\useEditor.test.ts:2:1)
    at asyncGeneratorStep (D:\BlogPro\client\src\plugins\texteditor\__tests__\useEditor.test.ts:2:1)
    at asyncGeneratorStep (D:\BlogPro\client\src\plugins\texteditor\__tests__\useEditor.test.ts:2:1)
    at _next (D:\BlogPro\client\src\plugins\texteditor\__tests__\useEditor.test.ts:2:1)
    at new Promise (&lt;anonymous&gt;)
    at Object.&lt;anonymous&gt; (D:\BlogPro\client\src\plugins\texteditor\__tests__\useEditor.test.ts:2:1)
    at Promise.finally.completed (C:\Users\New\AppData\Local\npm-cache\_npx\b8d86e6551a4f492\node_modules\jest-circus\build\jestAdapterInit.js:1559:28)
    at new Promise (&lt;anonymous&gt;)
    at callAsyncCircusFn (C:\Users\New\AppData\Local\npm-cache\_npx\b8d86e6551a4f492\node_modules\jest-circus\build\jestAdapterInit.js:1499:10)
    at _callCircusTest (C:\Users\New\AppData\Local\npm-cache\_npx\b8d86e6551a4f492\node_modules\jest-circus\build\jestAdapterInit.js:1009:40)
    at processTicksAndRejections (node:internal/process/task_queues:95:5)
    at _runTest (C:\Users\New\AppData\Local\npm-cache\_npx\b8d86e6551a4f492\node_modules\jest-circus\build\jestAdapterInit.js:949:3)
    at _runTestsForDescribeBlock (C:\Users\New\AppData\Local\npm-cache\_npx\b8d86e6551a4f492\node_modules\jest-circus\build\jestAdapterInit.js:839:13)
    at _runTestsForDescribeBlock (C:\Users\New\AppData\Local\npm-cache\_npx\b8d86e6551a4f492\node_modules\jest-circus\build\jestAdapterInit.js:829:11)
    at run (C:\Users\New\AppData\Local\npm-cache\_npx\b8d86e6551a4f492\node_modules\jest-circus\build\jestAdapterInit.js:757:3)
    at runAndTransformResultsToJestFormat (C:\Users\New\AppData\Local\npm-cache\_npx\b8d86e6551a4f492\node_modules\jest-circus\build\jestAdapterInit.js:1920:21)
    at jestAdapter (C:\Users\New\AppData\Local\npm-cache\_npx\b8d86e6551a4f492\node_modules\jest-circus\build\runner.js:101:19)
    at runTestInternal (C:\Users\New\AppData\Local\npm-cache\_npx\b8d86e6551a4f492\node_modules\jest-runner\build\testWorker.js:275:16)
    at runTest (C:\Users\New\AppData\Local\npm-cache\_npx\b8d86e6551a4f492\node_modules\jest-runner\build\testWorker.js:343:7)
    at Object.worker (C:\Users\New\AppData\Local\npm-cache\_npx\b8d86e6551a4f492\node_modules\jest-runner\build\testWorker.js:497:12)</failure>
    </testcase>
    <testcase classname="useEditor hook inserts text with preserved formatting" name="useEditor hook inserts text with preserved formatting" time="0.001">
      <failure>TypeError: Cannot read properties of null (reading &apos;useState&apos;)
    at useState (D:\BlogPro\node_modules\react\cjs\react.development.js:1622:21)
    at testHook (D:\BlogPro\client\src\plugins\texteditor\__tests__\HookTestingUtils.ts:24:49)
    at D:\BlogPro\client\src\plugins\texteditor\__tests__\useEditor.test.ts:70:32
    at Generator.call (D:\BlogPro\client\src\plugins\texteditor\__tests__\useEditor.test.ts:2:1)
    at Generator._invoke [as next] (D:\BlogPro\client\src\plugins\texteditor\__tests__\useEditor.test.ts:2:1)
    at asyncGeneratorStep (D:\BlogPro\client\src\plugins\texteditor\__tests__\useEditor.test.ts:2:1)
    at asyncGeneratorStep (D:\BlogPro\client\src\plugins\texteditor\__tests__\useEditor.test.ts:2:1)
    at _next (D:\BlogPro\client\src\plugins\texteditor\__tests__\useEditor.test.ts:2:1)
    at new Promise (&lt;anonymous&gt;)
    at Object.&lt;anonymous&gt; (D:\BlogPro\client\src\plugins\texteditor\__tests__\useEditor.test.ts:2:1)
    at Promise.finally.completed (C:\Users\New\AppData\Local\npm-cache\_npx\b8d86e6551a4f492\node_modules\jest-circus\build\jestAdapterInit.js:1559:28)
    at new Promise (&lt;anonymous&gt;)
    at callAsyncCircusFn (C:\Users\New\AppData\Local\npm-cache\_npx\b8d86e6551a4f492\node_modules\jest-circus\build\jestAdapterInit.js:1499:10)
    at _callCircusTest (C:\Users\New\AppData\Local\npm-cache\_npx\b8d86e6551a4f492\node_modules\jest-circus\build\jestAdapterInit.js:1009:40)
    at processTicksAndRejections (node:internal/process/task_queues:95:5)
    at _runTest (C:\Users\New\AppData\Local\npm-cache\_npx\b8d86e6551a4f492\node_modules\jest-circus\build\jestAdapterInit.js:949:3)
    at _runTestsForDescribeBlock (C:\Users\New\AppData\Local\npm-cache\_npx\b8d86e6551a4f492\node_modules\jest-circus\build\jestAdapterInit.js:839:13)
    at _runTestsForDescribeBlock (C:\Users\New\AppData\Local\npm-cache\_npx\b8d86e6551a4f492\node_modules\jest-circus\build\jestAdapterInit.js:829:11)
    at run (C:\Users\New\AppData\Local\npm-cache\_npx\b8d86e6551a4f492\node_modules\jest-circus\build\jestAdapterInit.js:757:3)
    at runAndTransformResultsToJestFormat (C:\Users\New\AppData\Local\npm-cache\_npx\b8d86e6551a4f492\node_modules\jest-circus\build\jestAdapterInit.js:1920:21)
    at jestAdapter (C:\Users\New\AppData\Local\npm-cache\_npx\b8d86e6551a4f492\node_modules\jest-circus\build\runner.js:101:19)
    at runTestInternal (C:\Users\New\AppData\Local\npm-cache\_npx\b8d86e6551a4f492\node_modules\jest-runner\build\testWorker.js:275:16)
    at runTest (C:\Users\New\AppData\Local\npm-cache\_npx\b8d86e6551a4f492\node_modules\jest-runner\build\testWorker.js:343:7)
    at Object.worker (C:\Users\New\AppData\Local\npm-cache\_npx\b8d86e6551a4f492\node_modules\jest-runner\build\testWorker.js:497:12)</failure>
    </testcase>
    <testcase classname="useEditor hook deletes text at cursor position" name="useEditor hook deletes text at cursor position" time="0.002">
      <failure>TypeError: Cannot read properties of null (reading &apos;useState&apos;)
    at useState (D:\BlogPro\node_modules\react\cjs\react.development.js:1622:21)
    at testHook (D:\BlogPro\client\src\plugins\texteditor\__tests__\HookTestingUtils.ts:24:49)
    at D:\BlogPro\client\src\plugins\texteditor\__tests__\useEditor.test.ts:111:32
    at Generator.call (D:\BlogPro\client\src\plugins\texteditor\__tests__\useEditor.test.ts:2:1)
    at Generator._invoke [as next] (D:\BlogPro\client\src\plugins\texteditor\__tests__\useEditor.test.ts:2:1)
    at asyncGeneratorStep (D:\BlogPro\client\src\plugins\texteditor\__tests__\useEditor.test.ts:2:1)
    at asyncGeneratorStep (D:\BlogPro\client\src\plugins\texteditor\__tests__\useEditor.test.ts:2:1)
    at _next (D:\BlogPro\client\src\plugins\texteditor\__tests__\useEditor.test.ts:2:1)
    at new Promise (&lt;anonymous&gt;)
    at Object.&lt;anonymous&gt; (D:\BlogPro\client\src\plugins\texteditor\__tests__\useEditor.test.ts:2:1)
    at Promise.finally.completed (C:\Users\New\AppData\Local\npm-cache\_npx\b8d86e6551a4f492\node_modules\jest-circus\build\jestAdapterInit.js:1559:28)
    at new Promise (&lt;anonymous&gt;)
    at callAsyncCircusFn (C:\Users\New\AppData\Local\npm-cache\_npx\b8d86e6551a4f492\node_modules\jest-circus\build\jestAdapterInit.js:1499:10)
    at _callCircusTest (C:\Users\New\AppData\Local\npm-cache\_npx\b8d86e6551a4f492\node_modules\jest-circus\build\jestAdapterInit.js:1009:40)
    at processTicksAndRejections (node:internal/process/task_queues:95:5)
    at _runTest (C:\Users\New\AppData\Local\npm-cache\_npx\b8d86e6551a4f492\node_modules\jest-circus\build\jestAdapterInit.js:949:3)
    at _runTestsForDescribeBlock (C:\Users\New\AppData\Local\npm-cache\_npx\b8d86e6551a4f492\node_modules\jest-circus\build\jestAdapterInit.js:839:13)
    at _runTestsForDescribeBlock (C:\Users\New\AppData\Local\npm-cache\_npx\b8d86e6551a4f492\node_modules\jest-circus\build\jestAdapterInit.js:829:11)
    at run (C:\Users\New\AppData\Local\npm-cache\_npx\b8d86e6551a4f492\node_modules\jest-circus\build\jestAdapterInit.js:757:3)
    at runAndTransformResultsToJestFormat (C:\Users\New\AppData\Local\npm-cache\_npx\b8d86e6551a4f492\node_modules\jest-circus\build\jestAdapterInit.js:1920:21)
    at jestAdapter (C:\Users\New\AppData\Local\npm-cache\_npx\b8d86e6551a4f492\node_modules\jest-circus\build\runner.js:101:19)
    at runTestInternal (C:\Users\New\AppData\Local\npm-cache\_npx\b8d86e6551a4f492\node_modules\jest-runner\build\testWorker.js:275:16)
    at runTest (C:\Users\New\AppData\Local\npm-cache\_npx\b8d86e6551a4f492\node_modules\jest-runner\build\testWorker.js:343:7)
    at Object.worker (C:\Users\New\AppData\Local\npm-cache\_npx\b8d86e6551a4f492\node_modules\jest-runner\build\testWorker.js:497:12)</failure>
    </testcase>
    <testcase classname="useEditor hook deletes character before cursor when selection is collapsed" name="useEditor hook deletes character before cursor when selection is collapsed" time="0.001">
      <failure>TypeError: Cannot read properties of null (reading &apos;useState&apos;)
    at useState (D:\BlogPro\node_modules\react\cjs\react.development.js:1622:21)
    at testHook (D:\BlogPro\client\src\plugins\texteditor\__tests__\HookTestingUtils.ts:24:49)
    at D:\BlogPro\client\src\plugins\texteditor\__tests__\useEditor.test.ts:133:32
    at Generator.call (D:\BlogPro\client\src\plugins\texteditor\__tests__\useEditor.test.ts:2:1)
    at Generator._invoke [as next] (D:\BlogPro\client\src\plugins\texteditor\__tests__\useEditor.test.ts:2:1)
    at asyncGeneratorStep (D:\BlogPro\client\src\plugins\texteditor\__tests__\useEditor.test.ts:2:1)
    at asyncGeneratorStep (D:\BlogPro\client\src\plugins\texteditor\__tests__\useEditor.test.ts:2:1)
    at _next (D:\BlogPro\client\src\plugins\texteditor\__tests__\useEditor.test.ts:2:1)
    at new Promise (&lt;anonymous&gt;)
    at Object.&lt;anonymous&gt; (D:\BlogPro\client\src\plugins\texteditor\__tests__\useEditor.test.ts:2:1)
    at Promise.finally.completed (C:\Users\New\AppData\Local\npm-cache\_npx\b8d86e6551a4f492\node_modules\jest-circus\build\jestAdapterInit.js:1559:28)
    at new Promise (&lt;anonymous&gt;)
    at callAsyncCircusFn (C:\Users\New\AppData\Local\npm-cache\_npx\b8d86e6551a4f492\node_modules\jest-circus\build\jestAdapterInit.js:1499:10)
    at _callCircusTest (C:\Users\New\AppData\Local\npm-cache\_npx\b8d86e6551a4f492\node_modules\jest-circus\build\jestAdapterInit.js:1009:40)
    at processTicksAndRejections (node:internal/process/task_queues:95:5)
    at _runTest (C:\Users\New\AppData\Local\npm-cache\_npx\b8d86e6551a4f492\node_modules\jest-circus\build\jestAdapterInit.js:949:3)
    at _runTestsForDescribeBlock (C:\Users\New\AppData\Local\npm-cache\_npx\b8d86e6551a4f492\node_modules\jest-circus\build\jestAdapterInit.js:839:13)
    at _runTestsForDescribeBlock (C:\Users\New\AppData\Local\npm-cache\_npx\b8d86e6551a4f492\node_modules\jest-circus\build\jestAdapterInit.js:829:11)
    at run (C:\Users\New\AppData\Local\npm-cache\_npx\b8d86e6551a4f492\node_modules\jest-circus\build\jestAdapterInit.js:757:3)
    at runAndTransformResultsToJestFormat (C:\Users\New\AppData\Local\npm-cache\_npx\b8d86e6551a4f492\node_modules\jest-circus\build\jestAdapterInit.js:1920:21)
    at jestAdapter (C:\Users\New\AppData\Local\npm-cache\_npx\b8d86e6551a4f492\node_modules\jest-circus\build\runner.js:101:19)
    at runTestInternal (C:\Users\New\AppData\Local\npm-cache\_npx\b8d86e6551a4f492\node_modules\jest-runner\build\testWorker.js:275:16)
    at runTest (C:\Users\New\AppData\Local\npm-cache\_npx\b8d86e6551a4f492\node_modules\jest-runner\build\testWorker.js:343:7)
    at Object.worker (C:\Users\New\AppData\Local\npm-cache\_npx\b8d86e6551a4f492\node_modules\jest-runner\build\testWorker.js:497:12)</failure>
    </testcase>
    <testcase classname="useEditor hook applies formatting to selected text" name="useEditor hook applies formatting to selected text" time="0.001">
      <failure>TypeError: Cannot read properties of null (reading &apos;useState&apos;)
    at useState (D:\BlogPro\node_modules\react\cjs\react.development.js:1622:21)
    at testHook (D:\BlogPro\client\src\plugins\texteditor\__tests__\HookTestingUtils.ts:24:49)
    at D:\BlogPro\client\src\plugins\texteditor\__tests__\useEditor.test.ts:155:32
    at Generator.call (D:\BlogPro\client\src\plugins\texteditor\__tests__\useEditor.test.ts:2:1)
    at Generator._invoke [as next] (D:\BlogPro\client\src\plugins\texteditor\__tests__\useEditor.test.ts:2:1)
    at asyncGeneratorStep (D:\BlogPro\client\src\plugins\texteditor\__tests__\useEditor.test.ts:2:1)
    at asyncGeneratorStep (D:\BlogPro\client\src\plugins\texteditor\__tests__\useEditor.test.ts:2:1)
    at _next (D:\BlogPro\client\src\plugins\texteditor\__tests__\useEditor.test.ts:2:1)
    at new Promise (&lt;anonymous&gt;)
    at Object.&lt;anonymous&gt; (D:\BlogPro\client\src\plugins\texteditor\__tests__\useEditor.test.ts:2:1)
    at Promise.finally.completed (C:\Users\New\AppData\Local\npm-cache\_npx\b8d86e6551a4f492\node_modules\jest-circus\build\jestAdapterInit.js:1559:28)
    at new Promise (&lt;anonymous&gt;)
    at callAsyncCircusFn (C:\Users\New\AppData\Local\npm-cache\_npx\b8d86e6551a4f492\node_modules\jest-circus\build\jestAdapterInit.js:1499:10)
    at _callCircusTest (C:\Users\New\AppData\Local\npm-cache\_npx\b8d86e6551a4f492\node_modules\jest-circus\build\jestAdapterInit.js:1009:40)
    at processTicksAndRejections (node:internal/process/task_queues:95:5)
    at _runTest (C:\Users\New\AppData\Local\npm-cache\_npx\b8d86e6551a4f492\node_modules\jest-circus\build\jestAdapterInit.js:949:3)
    at _runTestsForDescribeBlock (C:\Users\New\AppData\Local\npm-cache\_npx\b8d86e6551a4f492\node_modules\jest-circus\build\jestAdapterInit.js:839:13)
    at _runTestsForDescribeBlock (C:\Users\New\AppData\Local\npm-cache\_npx\b8d86e6551a4f492\node_modules\jest-circus\build\jestAdapterInit.js:829:11)
    at run (C:\Users\New\AppData\Local\npm-cache\_npx\b8d86e6551a4f492\node_modules\jest-circus\build\jestAdapterInit.js:757:3)
    at runAndTransformResultsToJestFormat (C:\Users\New\AppData\Local\npm-cache\_npx\b8d86e6551a4f492\node_modules\jest-circus\build\jestAdapterInit.js:1920:21)
    at jestAdapter (C:\Users\New\AppData\Local\npm-cache\_npx\b8d86e6551a4f492\node_modules\jest-circus\build\runner.js:101:19)
    at runTestInternal (C:\Users\New\AppData\Local\npm-cache\_npx\b8d86e6551a4f492\node_modules\jest-runner\build\testWorker.js:275:16)
    at runTest (C:\Users\New\AppData\Local\npm-cache\_npx\b8d86e6551a4f492\node_modules\jest-runner\build\testWorker.js:343:7)
    at Object.worker (C:\Users\New\AppData\Local\npm-cache\_npx\b8d86e6551a4f492\node_modules\jest-runner\build\testWorker.js:497:12)</failure>
    </testcase>
    <testcase classname="useEditor hook applies multiple formatting attributes" name="useEditor hook applies multiple formatting attributes" time="0.001">
      <failure>TypeError: Cannot read properties of null (reading &apos;useState&apos;)
    at useState (D:\BlogPro\node_modules\react\cjs\react.development.js:1622:21)
    at testHook (D:\BlogPro\client\src\plugins\texteditor\__tests__\HookTestingUtils.ts:24:49)
    at D:\BlogPro\client\src\plugins\texteditor\__tests__\useEditor.test.ts:181:32
    at Generator.call (D:\BlogPro\client\src\plugins\texteditor\__tests__\useEditor.test.ts:2:1)
    at Generator._invoke [as next] (D:\BlogPro\client\src\plugins\texteditor\__tests__\useEditor.test.ts:2:1)
    at asyncGeneratorStep (D:\BlogPro\client\src\plugins\texteditor\__tests__\useEditor.test.ts:2:1)
    at asyncGeneratorStep (D:\BlogPro\client\src\plugins\texteditor\__tests__\useEditor.test.ts:2:1)
    at _next (D:\BlogPro\client\src\plugins\texteditor\__tests__\useEditor.test.ts:2:1)
    at new Promise (&lt;anonymous&gt;)
    at Object.&lt;anonymous&gt; (D:\BlogPro\client\src\plugins\texteditor\__tests__\useEditor.test.ts:2:1)
    at Promise.finally.completed (C:\Users\New\AppData\Local\npm-cache\_npx\b8d86e6551a4f492\node_modules\jest-circus\build\jestAdapterInit.js:1559:28)
    at new Promise (&lt;anonymous&gt;)
    at callAsyncCircusFn (C:\Users\New\AppData\Local\npm-cache\_npx\b8d86e6551a4f492\node_modules\jest-circus\build\jestAdapterInit.js:1499:10)
    at _callCircusTest (C:\Users\New\AppData\Local\npm-cache\_npx\b8d86e6551a4f492\node_modules\jest-circus\build\jestAdapterInit.js:1009:40)
    at processTicksAndRejections (node:internal/process/task_queues:95:5)
    at _runTest (C:\Users\New\AppData\Local\npm-cache\_npx\b8d86e6551a4f492\node_modules\jest-circus\build\jestAdapterInit.js:949:3)
    at _runTestsForDescribeBlock (C:\Users\New\AppData\Local\npm-cache\_npx\b8d86e6551a4f492\node_modules\jest-circus\build\jestAdapterInit.js:839:13)
    at _runTestsForDescribeBlock (C:\Users\New\AppData\Local\npm-cache\_npx\b8d86e6551a4f492\node_modules\jest-circus\build\jestAdapterInit.js:829:11)
    at run (C:\Users\New\AppData\Local\npm-cache\_npx\b8d86e6551a4f492\node_modules\jest-circus\build\jestAdapterInit.js:757:3)
    at runAndTransformResultsToJestFormat (C:\Users\New\AppData\Local\npm-cache\_npx\b8d86e6551a4f492\node_modules\jest-circus\build\jestAdapterInit.js:1920:21)
    at jestAdapter (C:\Users\New\AppData\Local\npm-cache\_npx\b8d86e6551a4f492\node_modules\jest-circus\build\runner.js:101:19)
    at runTestInternal (C:\Users\New\AppData\Local\npm-cache\_npx\b8d86e6551a4f492\node_modules\jest-runner\build\testWorker.js:275:16)
    at runTest (C:\Users\New\AppData\Local\npm-cache\_npx\b8d86e6551a4f492\node_modules\jest-runner\build\testWorker.js:343:7)
    at Object.worker (C:\Users\New\AppData\Local\npm-cache\_npx\b8d86e6551a4f492\node_modules\jest-runner\build\testWorker.js:497:12)</failure>
    </testcase>
    <testcase classname="useEditor hook splits paragraph at cursor position" name="useEditor hook splits paragraph at cursor position" time="0.003">
      <failure>TypeError: Cannot read properties of null (reading &apos;useState&apos;)
    at useState (D:\BlogPro\node_modules\react\cjs\react.development.js:1622:21)
    at testHook (D:\BlogPro\client\src\plugins\texteditor\__tests__\HookTestingUtils.ts:24:49)
    at D:\BlogPro\client\src\plugins\texteditor\__tests__\useEditor.test.ts:208:32
    at Generator.call (D:\BlogPro\client\src\plugins\texteditor\__tests__\useEditor.test.ts:2:1)
    at Generator._invoke [as next] (D:\BlogPro\client\src\plugins\texteditor\__tests__\useEditor.test.ts:2:1)
    at asyncGeneratorStep (D:\BlogPro\client\src\plugins\texteditor\__tests__\useEditor.test.ts:2:1)
    at asyncGeneratorStep (D:\BlogPro\client\src\plugins\texteditor\__tests__\useEditor.test.ts:2:1)
    at _next (D:\BlogPro\client\src\plugins\texteditor\__tests__\useEditor.test.ts:2:1)
    at new Promise (&lt;anonymous&gt;)
    at Object.&lt;anonymous&gt; (D:\BlogPro\client\src\plugins\texteditor\__tests__\useEditor.test.ts:2:1)
    at Promise.finally.completed (C:\Users\New\AppData\Local\npm-cache\_npx\b8d86e6551a4f492\node_modules\jest-circus\build\jestAdapterInit.js:1559:28)
    at new Promise (&lt;anonymous&gt;)
    at callAsyncCircusFn (C:\Users\New\AppData\Local\npm-cache\_npx\b8d86e6551a4f492\node_modules\jest-circus\build\jestAdapterInit.js:1499:10)
    at _callCircusTest (C:\Users\New\AppData\Local\npm-cache\_npx\b8d86e6551a4f492\node_modules\jest-circus\build\jestAdapterInit.js:1009:40)
    at processTicksAndRejections (node:internal/process/task_queues:95:5)
    at _runTest (C:\Users\New\AppData\Local\npm-cache\_npx\b8d86e6551a4f492\node_modules\jest-circus\build\jestAdapterInit.js:949:3)
    at _runTestsForDescribeBlock (C:\Users\New\AppData\Local\npm-cache\_npx\b8d86e6551a4f492\node_modules\jest-circus\build\jestAdapterInit.js:839:13)
    at _runTestsForDescribeBlock (C:\Users\New\AppData\Local\npm-cache\_npx\b8d86e6551a4f492\node_modules\jest-circus\build\jestAdapterInit.js:829:11)
    at run (C:\Users\New\AppData\Local\npm-cache\_npx\b8d86e6551a4f492\node_modules\jest-circus\build\jestAdapterInit.js:757:3)
    at runAndTransformResultsToJestFormat (C:\Users\New\AppData\Local\npm-cache\_npx\b8d86e6551a4f492\node_modules\jest-circus\build\jestAdapterInit.js:1920:21)
    at jestAdapter (C:\Users\New\AppData\Local\npm-cache\_npx\b8d86e6551a4f492\node_modules\jest-circus\build\runner.js:101:19)
    at runTestInternal (C:\Users\New\AppData\Local\npm-cache\_npx\b8d86e6551a4f492\node_modules\jest-runner\build\testWorker.js:275:16)
    at runTest (C:\Users\New\AppData\Local\npm-cache\_npx\b8d86e6551a4f492\node_modules\jest-runner\build\testWorker.js:343:7)
    at Object.worker (C:\Users\New\AppData\Local\npm-cache\_npx\b8d86e6551a4f492\node_modules\jest-runner\build\testWorker.js:497:12)</failure>
    </testcase>
    <testcase classname="useEditor hook changes paragraph type" name="useEditor hook changes paragraph type" time="0.002">
      <failure>TypeError: Cannot read properties of null (reading &apos;useState&apos;)
    at useState (D:\BlogPro\node_modules\react\cjs\react.development.js:1622:21)
    at testHook (D:\BlogPro\client\src\plugins\texteditor\__tests__\HookTestingUtils.ts:24:49)
    at D:\BlogPro\client\src\plugins\texteditor\__tests__\useEditor.test.ts:232:32
    at Generator.call (D:\BlogPro\client\src\plugins\texteditor\__tests__\useEditor.test.ts:2:1)
    at Generator._invoke [as next] (D:\BlogPro\client\src\plugins\texteditor\__tests__\useEditor.test.ts:2:1)
    at asyncGeneratorStep (D:\BlogPro\client\src\plugins\texteditor\__tests__\useEditor.test.ts:2:1)
    at asyncGeneratorStep (D:\BlogPro\client\src\plugins\texteditor\__tests__\useEditor.test.ts:2:1)
    at _next (D:\BlogPro\client\src\plugins\texteditor\__tests__\useEditor.test.ts:2:1)
    at new Promise (&lt;anonymous&gt;)
    at Object.&lt;anonymous&gt; (D:\BlogPro\client\src\plugins\texteditor\__tests__\useEditor.test.ts:2:1)
    at Promise.finally.completed (C:\Users\New\AppData\Local\npm-cache\_npx\b8d86e6551a4f492\node_modules\jest-circus\build\jestAdapterInit.js:1559:28)
    at new Promise (&lt;anonymous&gt;)
    at callAsyncCircusFn (C:\Users\New\AppData\Local\npm-cache\_npx\b8d86e6551a4f492\node_modules\jest-circus\build\jestAdapterInit.js:1499:10)
    at _callCircusTest (C:\Users\New\AppData\Local\npm-cache\_npx\b8d86e6551a4f492\node_modules\jest-circus\build\jestAdapterInit.js:1009:40)
    at processTicksAndRejections (node:internal/process/task_queues:95:5)
    at _runTest (C:\Users\New\AppData\Local\npm-cache\_npx\b8d86e6551a4f492\node_modules\jest-circus\build\jestAdapterInit.js:949:3)
    at _runTestsForDescribeBlock (C:\Users\New\AppData\Local\npm-cache\_npx\b8d86e6551a4f492\node_modules\jest-circus\build\jestAdapterInit.js:839:13)
    at _runTestsForDescribeBlock (C:\Users\New\AppData\Local\npm-cache\_npx\b8d86e6551a4f492\node_modules\jest-circus\build\jestAdapterInit.js:829:11)
    at run (C:\Users\New\AppData\Local\npm-cache\_npx\b8d86e6551a4f492\node_modules\jest-circus\build\jestAdapterInit.js:757:3)
    at runAndTransformResultsToJestFormat (C:\Users\New\AppData\Local\npm-cache\_npx\b8d86e6551a4f492\node_modules\jest-circus\build\jestAdapterInit.js:1920:21)
    at jestAdapter (C:\Users\New\AppData\Local\npm-cache\_npx\b8d86e6551a4f492\node_modules\jest-circus\build\runner.js:101:19)
    at runTestInternal (C:\Users\New\AppData\Local\npm-cache\_npx\b8d86e6551a4f492\node_modules\jest-runner\build\testWorker.js:275:16)
    at runTest (C:\Users\New\AppData\Local\npm-cache\_npx\b8d86e6551a4f492\node_modules\jest-runner\build\testWorker.js:343:7)
    at Object.worker (C:\Users\New\AppData\Local\npm-cache\_npx\b8d86e6551a4f492\node_modules\jest-runner\build\testWorker.js:497:12)</failure>
    </testcase>
    <testcase classname="useEditor hook changes paragraph to list item" name="useEditor hook changes paragraph to list item" time="0.007">
      <failure>TypeError: Cannot read properties of null (reading &apos;useState&apos;)
    at useState (D:\BlogPro\node_modules\react\cjs\react.development.js:1622:21)
    at testHook (D:\BlogPro\client\src\plugins\texteditor\__tests__\HookTestingUtils.ts:24:49)
    at D:\BlogPro\client\src\plugins\texteditor\__tests__\useEditor.test.ts:255:32
    at Generator.call (D:\BlogPro\client\src\plugins\texteditor\__tests__\useEditor.test.ts:2:1)
    at Generator._invoke [as next] (D:\BlogPro\client\src\plugins\texteditor\__tests__\useEditor.test.ts:2:1)
    at asyncGeneratorStep (D:\BlogPro\client\src\plugins\texteditor\__tests__\useEditor.test.ts:2:1)
    at asyncGeneratorStep (D:\BlogPro\client\src\plugins\texteditor\__tests__\useEditor.test.ts:2:1)
    at _next (D:\BlogPro\client\src\plugins\texteditor\__tests__\useEditor.test.ts:2:1)
    at new Promise (&lt;anonymous&gt;)
    at Object.&lt;anonymous&gt; (D:\BlogPro\client\src\plugins\texteditor\__tests__\useEditor.test.ts:2:1)
    at Promise.finally.completed (C:\Users\New\AppData\Local\npm-cache\_npx\b8d86e6551a4f492\node_modules\jest-circus\build\jestAdapterInit.js:1559:28)
    at new Promise (&lt;anonymous&gt;)
    at callAsyncCircusFn (C:\Users\New\AppData\Local\npm-cache\_npx\b8d86e6551a4f492\node_modules\jest-circus\build\jestAdapterInit.js:1499:10)
    at _callCircusTest (C:\Users\New\AppData\Local\npm-cache\_npx\b8d86e6551a4f492\node_modules\jest-circus\build\jestAdapterInit.js:1009:40)
    at processTicksAndRejections (node:internal/process/task_queues:95:5)
    at _runTest (C:\Users\New\AppData\Local\npm-cache\_npx\b8d86e6551a4f492\node_modules\jest-circus\build\jestAdapterInit.js:949:3)
    at _runTestsForDescribeBlock (C:\Users\New\AppData\Local\npm-cache\_npx\b8d86e6551a4f492\node_modules\jest-circus\build\jestAdapterInit.js:839:13)
    at _runTestsForDescribeBlock (C:\Users\New\AppData\Local\npm-cache\_npx\b8d86e6551a4f492\node_modules\jest-circus\build\jestAdapterInit.js:829:11)
    at run (C:\Users\New\AppData\Local\npm-cache\_npx\b8d86e6551a4f492\node_modules\jest-circus\build\jestAdapterInit.js:757:3)
    at runAndTransformResultsToJestFormat (C:\Users\New\AppData\Local\npm-cache\_npx\b8d86e6551a4f492\node_modules\jest-circus\build\jestAdapterInit.js:1920:21)
    at jestAdapter (C:\Users\New\AppData\Local\npm-cache\_npx\b8d86e6551a4f492\node_modules\jest-circus\build\runner.js:101:19)
    at runTestInternal (C:\Users\New\AppData\Local\npm-cache\_npx\b8d86e6551a4f492\node_modules\jest-runner\build\testWorker.js:275:16)
    at runTest (C:\Users\New\AppData\Local\npm-cache\_npx\b8d86e6551a4f492\node_modules\jest-runner\build\testWorker.js:343:7)
    at Object.worker (C:\Users\New\AppData\Local\npm-cache\_npx\b8d86e6551a4f492\node_modules\jest-runner\build\testWorker.js:497:12)</failure>
    </testcase>
    <testcase classname="useEditor hook changes paragraph alignment" name="useEditor hook changes paragraph alignment" time="0.002">
      <failure>TypeError: Cannot read properties of null (reading &apos;useState&apos;)
    at useState (D:\BlogPro\node_modules\react\cjs\react.development.js:1622:21)
    at testHook (D:\BlogPro\client\src\plugins\texteditor\__tests__\HookTestingUtils.ts:24:49)
    at D:\BlogPro\client\src\plugins\texteditor\__tests__\useEditor.test.ts:278:32
    at Generator.call (D:\BlogPro\client\src\plugins\texteditor\__tests__\useEditor.test.ts:2:1)
    at Generator._invoke [as next] (D:\BlogPro\client\src\plugins\texteditor\__tests__\useEditor.test.ts:2:1)
    at asyncGeneratorStep (D:\BlogPro\client\src\plugins\texteditor\__tests__\useEditor.test.ts:2:1)
    at asyncGeneratorStep (D:\BlogPro\client\src\plugins\texteditor\__tests__\useEditor.test.ts:2:1)
    at _next (D:\BlogPro\client\src\plugins\texteditor\__tests__\useEditor.test.ts:2:1)
    at new Promise (&lt;anonymous&gt;)
    at Object.&lt;anonymous&gt; (D:\BlogPro\client\src\plugins\texteditor\__tests__\useEditor.test.ts:2:1)
    at Promise.finally.completed (C:\Users\New\AppData\Local\npm-cache\_npx\b8d86e6551a4f492\node_modules\jest-circus\build\jestAdapterInit.js:1559:28)
    at new Promise (&lt;anonymous&gt;)
    at callAsyncCircusFn (C:\Users\New\AppData\Local\npm-cache\_npx\b8d86e6551a4f492\node_modules\jest-circus\build\jestAdapterInit.js:1499:10)
    at _callCircusTest (C:\Users\New\AppData\Local\npm-cache\_npx\b8d86e6551a4f492\node_modules\jest-circus\build\jestAdapterInit.js:1009:40)
    at processTicksAndRejections (node:internal/process/task_queues:95:5)
    at _runTest (C:\Users\New\AppData\Local\npm-cache\_npx\b8d86e6551a4f492\node_modules\jest-circus\build\jestAdapterInit.js:949:3)
    at _runTestsForDescribeBlock (C:\Users\New\AppData\Local\npm-cache\_npx\b8d86e6551a4f492\node_modules\jest-circus\build\jestAdapterInit.js:839:13)
    at _runTestsForDescribeBlock (C:\Users\New\AppData\Local\npm-cache\_npx\b8d86e6551a4f492\node_modules\jest-circus\build\jestAdapterInit.js:829:11)
    at run (C:\Users\New\AppData\Local\npm-cache\_npx\b8d86e6551a4f492\node_modules\jest-circus\build\jestAdapterInit.js:757:3)
    at runAndTransformResultsToJestFormat (C:\Users\New\AppData\Local\npm-cache\_npx\b8d86e6551a4f492\node_modules\jest-circus\build\jestAdapterInit.js:1920:21)
    at jestAdapter (C:\Users\New\AppData\Local\npm-cache\_npx\b8d86e6551a4f492\node_modules\jest-circus\build\runner.js:101:19)
    at runTestInternal (C:\Users\New\AppData\Local\npm-cache\_npx\b8d86e6551a4f492\node_modules\jest-runner\build\testWorker.js:275:16)
    at runTest (C:\Users\New\AppData\Local\npm-cache\_npx\b8d86e6551a4f492\node_modules\jest-runner\build\testWorker.js:343:7)
    at Object.worker (C:\Users\New\AppData\Local\npm-cache\_npx\b8d86e6551a4f492\node_modules\jest-runner\build\testWorker.js:497:12)</failure>
    </testcase>
    <testcase classname="useEditor hook performs undo and redo operations" name="useEditor hook performs undo and redo operations" time="0.001">
      <failure>TypeError: Cannot read properties of null (reading &apos;useState&apos;)
    at useState (D:\BlogPro\node_modules\react\cjs\react.development.js:1622:21)
    at testHook (D:\BlogPro\client\src\plugins\texteditor\__tests__\HookTestingUtils.ts:24:49)
    at D:\BlogPro\client\src\plugins\texteditor\__tests__\useEditor.test.ts:301:32
    at Generator.call (D:\BlogPro\client\src\plugins\texteditor\__tests__\useEditor.test.ts:2:1)
    at Generator._invoke [as next] (D:\BlogPro\client\src\plugins\texteditor\__tests__\useEditor.test.ts:2:1)
    at asyncGeneratorStep (D:\BlogPro\client\src\plugins\texteditor\__tests__\useEditor.test.ts:2:1)
    at asyncGeneratorStep (D:\BlogPro\client\src\plugins\texteditor\__tests__\useEditor.test.ts:2:1)
    at _next (D:\BlogPro\client\src\plugins\texteditor\__tests__\useEditor.test.ts:2:1)
    at new Promise (&lt;anonymous&gt;)
    at Object.&lt;anonymous&gt; (D:\BlogPro\client\src\plugins\texteditor\__tests__\useEditor.test.ts:2:1)
    at Promise.finally.completed (C:\Users\New\AppData\Local\npm-cache\_npx\b8d86e6551a4f492\node_modules\jest-circus\build\jestAdapterInit.js:1559:28)
    at new Promise (&lt;anonymous&gt;)
    at callAsyncCircusFn (C:\Users\New\AppData\Local\npm-cache\_npx\b8d86e6551a4f492\node_modules\jest-circus\build\jestAdapterInit.js:1499:10)
    at _callCircusTest (C:\Users\New\AppData\Local\npm-cache\_npx\b8d86e6551a4f492\node_modules\jest-circus\build\jestAdapterInit.js:1009:40)
    at processTicksAndRejections (node:internal/process/task_queues:95:5)
    at _runTest (C:\Users\New\AppData\Local\npm-cache\_npx\b8d86e6551a4f492\node_modules\jest-circus\build\jestAdapterInit.js:949:3)
    at _runTestsForDescribeBlock (C:\Users\New\AppData\Local\npm-cache\_npx\b8d86e6551a4f492\node_modules\jest-circus\build\jestAdapterInit.js:839:13)
    at _runTestsForDescribeBlock (C:\Users\New\AppData\Local\npm-cache\_npx\b8d86e6551a4f492\node_modules\jest-circus\build\jestAdapterInit.js:829:11)
    at run (C:\Users\New\AppData\Local\npm-cache\_npx\b8d86e6551a4f492\node_modules\jest-circus\build\jestAdapterInit.js:757:3)
    at runAndTransformResultsToJestFormat (C:\Users\New\AppData\Local\npm-cache\_npx\b8d86e6551a4f492\node_modules\jest-circus\build\jestAdapterInit.js:1920:21)
    at jestAdapter (C:\Users\New\AppData\Local\npm-cache\_npx\b8d86e6551a4f492\node_modules\jest-circus\build\runner.js:101:19)
    at runTestInternal (C:\Users\New\AppData\Local\npm-cache\_npx\b8d86e6551a4f492\node_modules\jest-runner\build\testWorker.js:275:16)
    at runTest (C:\Users\New\AppData\Local\npm-cache\_npx\b8d86e6551a4f492\node_modules\jest-runner\build\testWorker.js:343:7)
    at Object.worker (C:\Users\New\AppData\Local\npm-cache\_npx\b8d86e6551a4f492\node_modules\jest-runner\build\testWorker.js:497:12)</failure>
    </testcase>
    <testcase classname="useEditor hook handles selection changes" name="useEditor hook handles selection changes" time="0.002">
      <failure>TypeError: Cannot read properties of null (reading &apos;useState&apos;)
    at useState (D:\BlogPro\node_modules\react\cjs\react.development.js:1622:21)
    at testHook (D:\BlogPro\client\src\plugins\texteditor\__tests__\HookTestingUtils.ts:24:49)
    at D:\BlogPro\client\src\plugins\texteditor\__tests__\useEditor.test.ts:340:32
    at Generator.call (D:\BlogPro\client\src\plugins\texteditor\__tests__\useEditor.test.ts:2:1)
    at Generator._invoke [as next] (D:\BlogPro\client\src\plugins\texteditor\__tests__\useEditor.test.ts:2:1)
    at asyncGeneratorStep (D:\BlogPro\client\src\plugins\texteditor\__tests__\useEditor.test.ts:2:1)
    at asyncGeneratorStep (D:\BlogPro\client\src\plugins\texteditor\__tests__\useEditor.test.ts:2:1)
    at _next (D:\BlogPro\client\src\plugins\texteditor\__tests__\useEditor.test.ts:2:1)
    at new Promise (&lt;anonymous&gt;)
    at Object.&lt;anonymous&gt; (D:\BlogPro\client\src\plugins\texteditor\__tests__\useEditor.test.ts:2:1)
    at Promise.finally.completed (C:\Users\New\AppData\Local\npm-cache\_npx\b8d86e6551a4f492\node_modules\jest-circus\build\jestAdapterInit.js:1559:28)
    at new Promise (&lt;anonymous&gt;)
    at callAsyncCircusFn (C:\Users\New\AppData\Local\npm-cache\_npx\b8d86e6551a4f492\node_modules\jest-circus\build\jestAdapterInit.js:1499:10)
    at _callCircusTest (C:\Users\New\AppData\Local\npm-cache\_npx\b8d86e6551a4f492\node_modules\jest-circus\build\jestAdapterInit.js:1009:40)
    at processTicksAndRejections (node:internal/process/task_queues:95:5)
    at _runTest (C:\Users\New\AppData\Local\npm-cache\_npx\b8d86e6551a4f492\node_modules\jest-circus\build\jestAdapterInit.js:949:3)
    at _runTestsForDescribeBlock (C:\Users\New\AppData\Local\npm-cache\_npx\b8d86e6551a4f492\node_modules\jest-circus\build\jestAdapterInit.js:839:13)
    at _runTestsForDescribeBlock (C:\Users\New\AppData\Local\npm-cache\_npx\b8d86e6551a4f492\node_modules\jest-circus\build\jestAdapterInit.js:829:11)
    at run (C:\Users\New\AppData\Local\npm-cache\_npx\b8d86e6551a4f492\node_modules\jest-circus\build\jestAdapterInit.js:757:3)
    at runAndTransformResultsToJestFormat (C:\Users\New\AppData\Local\npm-cache\_npx\b8d86e6551a4f492\node_modules\jest-circus\build\jestAdapterInit.js:1920:21)
    at jestAdapter (C:\Users\New\AppData\Local\npm-cache\_npx\b8d86e6551a4f492\node_modules\jest-circus\build\runner.js:101:19)
    at runTestInternal (C:\Users\New\AppData\Local\npm-cache\_npx\b8d86e6551a4f492\node_modules\jest-runner\build\testWorker.js:275:16)
    at runTest (C:\Users\New\AppData\Local\npm-cache\_npx\b8d86e6551a4f492\node_modules\jest-runner\build\testWorker.js:343:7)
    at Object.worker (C:\Users\New\AppData\Local\npm-cache\_npx\b8d86e6551a4f492\node_modules\jest-runner\build\testWorker.js:497:12)</failure>
    </testcase>
    <testcase classname="useEditor hook resets formatting when selection changes" name="useEditor hook resets formatting when selection changes" time="0.005">
      <failure>TypeError: Cannot read properties of null (reading &apos;useState&apos;)
    at useState (D:\BlogPro\node_modules\react\cjs\react.development.js:1622:21)
    at testHook (D:\BlogPro\client\src\plugins\texteditor\__tests__\HookTestingUtils.ts:24:49)
    at D:\BlogPro\client\src\plugins\texteditor\__tests__\useEditor.test.ts:359:32
    at Generator.call (D:\BlogPro\client\src\plugins\texteditor\__tests__\useEditor.test.ts:2:1)
    at Generator._invoke [as next] (D:\BlogPro\client\src\plugins\texteditor\__tests__\useEditor.test.ts:2:1)
    at asyncGeneratorStep (D:\BlogPro\client\src\plugins\texteditor\__tests__\useEditor.test.ts:2:1)
    at asyncGeneratorStep (D:\BlogPro\client\src\plugins\texteditor\__tests__\useEditor.test.ts:2:1)
    at _next (D:\BlogPro\client\src\plugins\texteditor\__tests__\useEditor.test.ts:2:1)
    at new Promise (&lt;anonymous&gt;)
    at Object.&lt;anonymous&gt; (D:\BlogPro\client\src\plugins\texteditor\__tests__\useEditor.test.ts:2:1)
    at Promise.finally.completed (C:\Users\New\AppData\Local\npm-cache\_npx\b8d86e6551a4f492\node_modules\jest-circus\build\jestAdapterInit.js:1559:28)
    at new Promise (&lt;anonymous&gt;)
    at callAsyncCircusFn (C:\Users\New\AppData\Local\npm-cache\_npx\b8d86e6551a4f492\node_modules\jest-circus\build\jestAdapterInit.js:1499:10)
    at _callCircusTest (C:\Users\New\AppData\Local\npm-cache\_npx\b8d86e6551a4f492\node_modules\jest-circus\build\jestAdapterInit.js:1009:40)
    at processTicksAndRejections (node:internal/process/task_queues:95:5)
    at _runTest (C:\Users\New\AppData\Local\npm-cache\_npx\b8d86e6551a4f492\node_modules\jest-circus\build\jestAdapterInit.js:949:3)
    at _runTestsForDescribeBlock (C:\Users\New\AppData\Local\npm-cache\_npx\b8d86e6551a4f492\node_modules\jest-circus\build\jestAdapterInit.js:839:13)
    at _runTestsForDescribeBlock (C:\Users\New\AppData\Local\npm-cache\_npx\b8d86e6551a4f492\node_modules\jest-circus\build\jestAdapterInit.js:829:11)
    at run (C:\Users\New\AppData\Local\npm-cache\_npx\b8d86e6551a4f492\node_modules\jest-circus\build\jestAdapterInit.js:757:3)
    at runAndTransformResultsToJestFormat (C:\Users\New\AppData\Local\npm-cache\_npx\b8d86e6551a4f492\node_modules\jest-circus\build\jestAdapterInit.js:1920:21)
    at jestAdapter (C:\Users\New\AppData\Local\npm-cache\_npx\b8d86e6551a4f492\node_modules\jest-circus\build\runner.js:101:19)
    at runTestInternal (C:\Users\New\AppData\Local\npm-cache\_npx\b8d86e6551a4f492\node_modules\jest-runner\build\testWorker.js:275:16)
    at runTest (C:\Users\New\AppData\Local\npm-cache\_npx\b8d86e6551a4f492\node_modules\jest-runner\build\testWorker.js:343:7)
    at Object.worker (C:\Users\New\AppData\Local\npm-cache\_npx\b8d86e6551a4f492\node_modules\jest-runner\build\testWorker.js:497:12)</failure>
    </testcase>
    <testcase classname="useEditor hook handles errors gracefully" name="useEditor hook handles errors gracefully" time="0.001">
      <failure>TypeError: Cannot read properties of null (reading &apos;useState&apos;)
    at useState (D:\BlogPro\node_modules\react\cjs\react.development.js:1622:21)
    at testHook (D:\BlogPro\client\src\plugins\texteditor\__tests__\HookTestingUtils.ts:24:49)
    at D:\BlogPro\client\src\plugins\texteditor\__tests__\useEditor.test.ts:401:32
    at Generator.call (D:\BlogPro\client\src\plugins\texteditor\__tests__\useEditor.test.ts:2:1)
    at Generator._invoke [as next] (D:\BlogPro\client\src\plugins\texteditor\__tests__\useEditor.test.ts:2:1)
    at asyncGeneratorStep (D:\BlogPro\client\src\plugins\texteditor\__tests__\useEditor.test.ts:2:1)
    at asyncGeneratorStep (D:\BlogPro\client\src\plugins\texteditor\__tests__\useEditor.test.ts:2:1)
    at _next (D:\BlogPro\client\src\plugins\texteditor\__tests__\useEditor.test.ts:2:1)
    at new Promise (&lt;anonymous&gt;)
    at Object.&lt;anonymous&gt; (D:\BlogPro\client\src\plugins\texteditor\__tests__\useEditor.test.ts:2:1)
    at Promise.finally.completed (C:\Users\New\AppData\Local\npm-cache\_npx\b8d86e6551a4f492\node_modules\jest-circus\build\jestAdapterInit.js:1559:28)
    at new Promise (&lt;anonymous&gt;)
    at callAsyncCircusFn (C:\Users\New\AppData\Local\npm-cache\_npx\b8d86e6551a4f492\node_modules\jest-circus\build\jestAdapterInit.js:1499:10)
    at _callCircusTest (C:\Users\New\AppData\Local\npm-cache\_npx\b8d86e6551a4f492\node_modules\jest-circus\build\jestAdapterInit.js:1009:40)
    at processTicksAndRejections (node:internal/process/task_queues:95:5)
    at _runTest (C:\Users\New\AppData\Local\npm-cache\_npx\b8d86e6551a4f492\node_modules\jest-circus\build\jestAdapterInit.js:949:3)
    at _runTestsForDescribeBlock (C:\Users\New\AppData\Local\npm-cache\_npx\b8d86e6551a4f492\node_modules\jest-circus\build\jestAdapterInit.js:839:13)
    at _runTestsForDescribeBlock (C:\Users\New\AppData\Local\npm-cache\_npx\b8d86e6551a4f492\node_modules\jest-circus\build\jestAdapterInit.js:829:11)
    at run (C:\Users\New\AppData\Local\npm-cache\_npx\b8d86e6551a4f492\node_modules\jest-circus\build\jestAdapterInit.js:757:3)
    at runAndTransformResultsToJestFormat (C:\Users\New\AppData\Local\npm-cache\_npx\b8d86e6551a4f492\node_modules\jest-circus\build\jestAdapterInit.js:1920:21)
    at jestAdapter (C:\Users\New\AppData\Local\npm-cache\_npx\b8d86e6551a4f492\node_modules\jest-circus\build\runner.js:101:19)
    at runTestInternal (C:\Users\New\AppData\Local\npm-cache\_npx\b8d86e6551a4f492\node_modules\jest-runner\build\testWorker.js:275:16)
    at runTest (C:\Users\New\AppData\Local\npm-cache\_npx\b8d86e6551a4f492\node_modules\jest-runner\build\testWorker.js:343:7)
    at Object.worker (C:\Users\New\AppData\Local\npm-cache\_npx\b8d86e6551a4f492\node_modules\jest-runner\build\testWorker.js:497:12)</failure>
    </testcase>
  </testsuite>
  <testsuite name="useComments hook" errors="0" failures="16" skipped="0" timestamp="2025-07-23T23:39:42" time="2.617" tests="16">
    <testcase classname="useComments hook initializes with empty comments" name="useComments hook initializes with empty comments" time="0.002">
      <failure>TypeError: Cannot read properties of null (reading &apos;useState&apos;)
    at useState (D:\BlogPro\node_modules\react\cjs\react.development.js:1622:21)
    at testHook (D:\BlogPro\client\src\plugins\texteditor\__tests__\HookTestingUtils.ts:24:49)
    at Object.&lt;anonymous&gt; (D:\BlogPro\client\src\plugins\texteditor\__tests__\useComments.test.ts:100:32)
    at Promise.finally.completed (C:\Users\New\AppData\Local\npm-cache\_npx\b8d86e6551a4f492\node_modules\jest-circus\build\jestAdapterInit.js:1559:28)
    at new Promise (&lt;anonymous&gt;)
    at callAsyncCircusFn (C:\Users\New\AppData\Local\npm-cache\_npx\b8d86e6551a4f492\node_modules\jest-circus\build\jestAdapterInit.js:1499:10)
    at _callCircusTest (C:\Users\New\AppData\Local\npm-cache\_npx\b8d86e6551a4f492\node_modules\jest-circus\build\jestAdapterInit.js:1009:40)
    at processTicksAndRejections (node:internal/process/task_queues:95:5)
    at _runTest (C:\Users\New\AppData\Local\npm-cache\_npx\b8d86e6551a4f492\node_modules\jest-circus\build\jestAdapterInit.js:949:3)
    at _runTestsForDescribeBlock (C:\Users\New\AppData\Local\npm-cache\_npx\b8d86e6551a4f492\node_modules\jest-circus\build\jestAdapterInit.js:839:13)
    at _runTestsForDescribeBlock (C:\Users\New\AppData\Local\npm-cache\_npx\b8d86e6551a4f492\node_modules\jest-circus\build\jestAdapterInit.js:829:11)
    at run (C:\Users\New\AppData\Local\npm-cache\_npx\b8d86e6551a4f492\node_modules\jest-circus\build\jestAdapterInit.js:757:3)
    at runAndTransformResultsToJestFormat (C:\Users\New\AppData\Local\npm-cache\_npx\b8d86e6551a4f492\node_modules\jest-circus\build\jestAdapterInit.js:1920:21)
    at jestAdapter (C:\Users\New\AppData\Local\npm-cache\_npx\b8d86e6551a4f492\node_modules\jest-circus\build\runner.js:101:19)
    at runTestInternal (C:\Users\New\AppData\Local\npm-cache\_npx\b8d86e6551a4f492\node_modules\jest-runner\build\testWorker.js:275:16)
    at runTest (C:\Users\New\AppData\Local\npm-cache\_npx\b8d86e6551a4f492\node_modules\jest-runner\build\testWorker.js:343:7)
    at Object.worker (C:\Users\New\AppData\Local\npm-cache\_npx\b8d86e6551a4f492\node_modules\jest-runner\build\testWorker.js:497:12)</failure>
    </testcase>
    <testcase classname="useComments hook adds a comment when selection and content are provided" name="useComments hook adds a comment when selection and content are provided" time="0.002">
      <failure>TypeError: Cannot read properties of null (reading &apos;useState&apos;)
    at useState (D:\BlogPro\node_modules\react\cjs\react.development.js:1622:21)
    at testHook (D:\BlogPro\client\src\plugins\texteditor\__tests__\HookTestingUtils.ts:24:49)
    at D:\BlogPro\client\src\plugins\texteditor\__tests__\useComments.test.ts:110:32
    at Generator.call (D:\BlogPro\client\src\plugins\texteditor\__tests__\useComments.test.ts:2:1)
    at Generator._invoke [as next] (D:\BlogPro\client\src\plugins\texteditor\__tests__\useComments.test.ts:2:1)
    at asyncGeneratorStep (D:\BlogPro\client\src\plugins\texteditor\__tests__\useComments.test.ts:2:1)
    at asyncGeneratorStep (D:\BlogPro\client\src\plugins\texteditor\__tests__\useComments.test.ts:2:1)
    at _next (D:\BlogPro\client\src\plugins\texteditor\__tests__\useComments.test.ts:2:1)
    at new Promise (&lt;anonymous&gt;)
    at Object.&lt;anonymous&gt; (D:\BlogPro\client\src\plugins\texteditor\__tests__\useComments.test.ts:2:1)
    at Promise.finally.completed (C:\Users\New\AppData\Local\npm-cache\_npx\b8d86e6551a4f492\node_modules\jest-circus\build\jestAdapterInit.js:1559:28)
    at new Promise (&lt;anonymous&gt;)
    at callAsyncCircusFn (C:\Users\New\AppData\Local\npm-cache\_npx\b8d86e6551a4f492\node_modules\jest-circus\build\jestAdapterInit.js:1499:10)
    at _callCircusTest (C:\Users\New\AppData\Local\npm-cache\_npx\b8d86e6551a4f492\node_modules\jest-circus\build\jestAdapterInit.js:1009:40)
    at processTicksAndRejections (node:internal/process/task_queues:95:5)
    at _runTest (C:\Users\New\AppData\Local\npm-cache\_npx\b8d86e6551a4f492\node_modules\jest-circus\build\jestAdapterInit.js:949:3)
    at _runTestsForDescribeBlock (C:\Users\New\AppData\Local\npm-cache\_npx\b8d86e6551a4f492\node_modules\jest-circus\build\jestAdapterInit.js:839:13)
    at _runTestsForDescribeBlock (C:\Users\New\AppData\Local\npm-cache\_npx\b8d86e6551a4f492\node_modules\jest-circus\build\jestAdapterInit.js:829:11)
    at run (C:\Users\New\AppData\Local\npm-cache\_npx\b8d86e6551a4f492\node_modules\jest-circus\build\jestAdapterInit.js:757:3)
    at runAndTransformResultsToJestFormat (C:\Users\New\AppData\Local\npm-cache\_npx\b8d86e6551a4f492\node_modules\jest-circus\build\jestAdapterInit.js:1920:21)
    at jestAdapter (C:\Users\New\AppData\Local\npm-cache\_npx\b8d86e6551a4f492\node_modules\jest-circus\build\runner.js:101:19)
    at runTestInternal (C:\Users\New\AppData\Local\npm-cache\_npx\b8d86e6551a4f492\node_modules\jest-runner\build\testWorker.js:275:16)
    at runTest (C:\Users\New\AppData\Local\npm-cache\_npx\b8d86e6551a4f492\node_modules\jest-runner\build\testWorker.js:343:7)
    at Object.worker (C:\Users\New\AppData\Local\npm-cache\_npx\b8d86e6551a4f492\node_modules\jest-runner\build\testWorker.js:497:12)</failure>
    </testcase>
    <testcase classname="useComments hook does not add a comment when no selection is provided" name="useComments hook does not add a comment when no selection is provided" time="0.001">
      <failure>TypeError: Cannot read properties of null (reading &apos;useState&apos;)
    at useState (D:\BlogPro\node_modules\react\cjs\react.development.js:1622:21)
    at testHook (D:\BlogPro\client\src\plugins\texteditor\__tests__\HookTestingUtils.ts:24:49)
    at D:\BlogPro\client\src\plugins\texteditor\__tests__\useComments.test.ts:146:32
    at Generator.call (D:\BlogPro\client\src\plugins\texteditor\__tests__\useComments.test.ts:2:1)
    at Generator._invoke [as next] (D:\BlogPro\client\src\plugins\texteditor\__tests__\useComments.test.ts:2:1)
    at asyncGeneratorStep (D:\BlogPro\client\src\plugins\texteditor\__tests__\useComments.test.ts:2:1)
    at asyncGeneratorStep (D:\BlogPro\client\src\plugins\texteditor\__tests__\useComments.test.ts:2:1)
    at _next (D:\BlogPro\client\src\plugins\texteditor\__tests__\useComments.test.ts:2:1)
    at new Promise (&lt;anonymous&gt;)
    at Object.&lt;anonymous&gt; (D:\BlogPro\client\src\plugins\texteditor\__tests__\useComments.test.ts:2:1)
    at Promise.finally.completed (C:\Users\New\AppData\Local\npm-cache\_npx\b8d86e6551a4f492\node_modules\jest-circus\build\jestAdapterInit.js:1559:28)
    at new Promise (&lt;anonymous&gt;)
    at callAsyncCircusFn (C:\Users\New\AppData\Local\npm-cache\_npx\b8d86e6551a4f492\node_modules\jest-circus\build\jestAdapterInit.js:1499:10)
    at _callCircusTest (C:\Users\New\AppData\Local\npm-cache\_npx\b8d86e6551a4f492\node_modules\jest-circus\build\jestAdapterInit.js:1009:40)
    at processTicksAndRejections (node:internal/process/task_queues:95:5)
    at _runTest (C:\Users\New\AppData\Local\npm-cache\_npx\b8d86e6551a4f492\node_modules\jest-circus\build\jestAdapterInit.js:949:3)
    at _runTestsForDescribeBlock (C:\Users\New\AppData\Local\npm-cache\_npx\b8d86e6551a4f492\node_modules\jest-circus\build\jestAdapterInit.js:839:13)
    at _runTestsForDescribeBlock (C:\Users\New\AppData\Local\npm-cache\_npx\b8d86e6551a4f492\node_modules\jest-circus\build\jestAdapterInit.js:829:11)
    at run (C:\Users\New\AppData\Local\npm-cache\_npx\b8d86e6551a4f492\node_modules\jest-circus\build\jestAdapterInit.js:757:3)
    at runAndTransformResultsToJestFormat (C:\Users\New\AppData\Local\npm-cache\_npx\b8d86e6551a4f492\node_modules\jest-circus\build\jestAdapterInit.js:1920:21)
    at jestAdapter (C:\Users\New\AppData\Local\npm-cache\_npx\b8d86e6551a4f492\node_modules\jest-circus\build\runner.js:101:19)
    at runTestInternal (C:\Users\New\AppData\Local\npm-cache\_npx\b8d86e6551a4f492\node_modules\jest-runner\build\testWorker.js:275:16)
    at runTest (C:\Users\New\AppData\Local\npm-cache\_npx\b8d86e6551a4f492\node_modules\jest-runner\build\testWorker.js:343:7)
    at Object.worker (C:\Users\New\AppData\Local\npm-cache\_npx\b8d86e6551a4f492\node_modules\jest-runner\build\testWorker.js:497:12)</failure>
    </testcase>
    <testcase classname="useComments hook adds a comment to the second paragraph" name="useComments hook adds a comment to the second paragraph" time="0.007">
      <failure>TypeError: Cannot read properties of null (reading &apos;useState&apos;)
    at useState (D:\BlogPro\node_modules\react\cjs\react.development.js:1622:21)
    at testHook (D:\BlogPro\client\src\plugins\texteditor\__tests__\HookTestingUtils.ts:24:49)
    at D:\BlogPro\client\src\plugins\texteditor\__tests__\useComments.test.ts:160:32
    at Generator.call (D:\BlogPro\client\src\plugins\texteditor\__tests__\useComments.test.ts:2:1)
    at Generator._invoke [as next] (D:\BlogPro\client\src\plugins\texteditor\__tests__\useComments.test.ts:2:1)
    at asyncGeneratorStep (D:\BlogPro\client\src\plugins\texteditor\__tests__\useComments.test.ts:2:1)
    at asyncGeneratorStep (D:\BlogPro\client\src\plugins\texteditor\__tests__\useComments.test.ts:2:1)
    at _next (D:\BlogPro\client\src\plugins\texteditor\__tests__\useComments.test.ts:2:1)
    at new Promise (&lt;anonymous&gt;)
    at Object.&lt;anonymous&gt; (D:\BlogPro\client\src\plugins\texteditor\__tests__\useComments.test.ts:2:1)
    at Promise.finally.completed (C:\Users\New\AppData\Local\npm-cache\_npx\b8d86e6551a4f492\node_modules\jest-circus\build\jestAdapterInit.js:1559:28)
    at new Promise (&lt;anonymous&gt;)
    at callAsyncCircusFn (C:\Users\New\AppData\Local\npm-cache\_npx\b8d86e6551a4f492\node_modules\jest-circus\build\jestAdapterInit.js:1499:10)
    at _callCircusTest (C:\Users\New\AppData\Local\npm-cache\_npx\b8d86e6551a4f492\node_modules\jest-circus\build\jestAdapterInit.js:1009:40)
    at processTicksAndRejections (node:internal/process/task_queues:95:5)
    at _runTest (C:\Users\New\AppData\Local\npm-cache\_npx\b8d86e6551a4f492\node_modules\jest-circus\build\jestAdapterInit.js:949:3)
    at _runTestsForDescribeBlock (C:\Users\New\AppData\Local\npm-cache\_npx\b8d86e6551a4f492\node_modules\jest-circus\build\jestAdapterInit.js:839:13)
    at _runTestsForDescribeBlock (C:\Users\New\AppData\Local\npm-cache\_npx\b8d86e6551a4f492\node_modules\jest-circus\build\jestAdapterInit.js:829:11)
    at run (C:\Users\New\AppData\Local\npm-cache\_npx\b8d86e6551a4f492\node_modules\jest-circus\build\jestAdapterInit.js:757:3)
    at runAndTransformResultsToJestFormat (C:\Users\New\AppData\Local\npm-cache\_npx\b8d86e6551a4f492\node_modules\jest-circus\build\jestAdapterInit.js:1920:21)
    at jestAdapter (C:\Users\New\AppData\Local\npm-cache\_npx\b8d86e6551a4f492\node_modules\jest-circus\build\runner.js:101:19)
    at runTestInternal (C:\Users\New\AppData\Local\npm-cache\_npx\b8d86e6551a4f492\node_modules\jest-runner\build\testWorker.js:275:16)
    at runTest (C:\Users\New\AppData\Local\npm-cache\_npx\b8d86e6551a4f492\node_modules\jest-runner\build\testWorker.js:343:7)
    at Object.worker (C:\Users\New\AppData\Local\npm-cache\_npx\b8d86e6551a4f492\node_modules\jest-runner\build\testWorker.js:497:12)</failure>
    </testcase>
    <testcase classname="useComments hook adds a reply to an existing comment" name="useComments hook adds a reply to an existing comment" time="0.001">
      <failure>TypeError: Cannot read properties of null (reading &apos;useState&apos;)
    at useState (D:\BlogPro\node_modules\react\cjs\react.development.js:1622:21)
    at testHook (D:\BlogPro\client\src\plugins\texteditor\__tests__\HookTestingUtils.ts:24:49)
    at D:\BlogPro\client\src\plugins\texteditor\__tests__\useComments.test.ts:181:32
    at Generator.call (D:\BlogPro\client\src\plugins\texteditor\__tests__\useComments.test.ts:2:1)
    at Generator._invoke [as next] (D:\BlogPro\client\src\plugins\texteditor\__tests__\useComments.test.ts:2:1)
    at asyncGeneratorStep (D:\BlogPro\client\src\plugins\texteditor\__tests__\useComments.test.ts:2:1)
    at asyncGeneratorStep (D:\BlogPro\client\src\plugins\texteditor\__tests__\useComments.test.ts:2:1)
    at _next (D:\BlogPro\client\src\plugins\texteditor\__tests__\useComments.test.ts:2:1)
    at new Promise (&lt;anonymous&gt;)
    at Object.&lt;anonymous&gt; (D:\BlogPro\client\src\plugins\texteditor\__tests__\useComments.test.ts:2:1)
    at Promise.finally.completed (C:\Users\New\AppData\Local\npm-cache\_npx\b8d86e6551a4f492\node_modules\jest-circus\build\jestAdapterInit.js:1559:28)
    at new Promise (&lt;anonymous&gt;)
    at callAsyncCircusFn (C:\Users\New\AppData\Local\npm-cache\_npx\b8d86e6551a4f492\node_modules\jest-circus\build\jestAdapterInit.js:1499:10)
    at _callCircusTest (C:\Users\New\AppData\Local\npm-cache\_npx\b8d86e6551a4f492\node_modules\jest-circus\build\jestAdapterInit.js:1009:40)
    at processTicksAndRejections (node:internal/process/task_queues:95:5)
    at _runTest (C:\Users\New\AppData\Local\npm-cache\_npx\b8d86e6551a4f492\node_modules\jest-circus\build\jestAdapterInit.js:949:3)
    at _runTestsForDescribeBlock (C:\Users\New\AppData\Local\npm-cache\_npx\b8d86e6551a4f492\node_modules\jest-circus\build\jestAdapterInit.js:839:13)
    at _runTestsForDescribeBlock (C:\Users\New\AppData\Local\npm-cache\_npx\b8d86e6551a4f492\node_modules\jest-circus\build\jestAdapterInit.js:829:11)
    at run (C:\Users\New\AppData\Local\npm-cache\_npx\b8d86e6551a4f492\node_modules\jest-circus\build\jestAdapterInit.js:757:3)
    at runAndTransformResultsToJestFormat (C:\Users\New\AppData\Local\npm-cache\_npx\b8d86e6551a4f492\node_modules\jest-circus\build\jestAdapterInit.js:1920:21)
    at jestAdapter (C:\Users\New\AppData\Local\npm-cache\_npx\b8d86e6551a4f492\node_modules\jest-circus\build\runner.js:101:19)
    at runTestInternal (C:\Users\New\AppData\Local\npm-cache\_npx\b8d86e6551a4f492\node_modules\jest-runner\build\testWorker.js:275:16)
    at runTest (C:\Users\New\AppData\Local\npm-cache\_npx\b8d86e6551a4f492\node_modules\jest-runner\build\testWorker.js:343:7)
    at Object.worker (C:\Users\New\AppData\Local\npm-cache\_npx\b8d86e6551a4f492\node_modules\jest-runner\build\testWorker.js:497:12)</failure>
    </testcase>
    <testcase classname="useComments hook adds multiple replies to a comment" name="useComments hook adds multiple replies to a comment" time="0.001">
      <failure>TypeError: Cannot read properties of null (reading &apos;useState&apos;)
    at useState (D:\BlogPro\node_modules\react\cjs\react.development.js:1622:21)
    at testHook (D:\BlogPro\client\src\plugins\texteditor\__tests__\HookTestingUtils.ts:24:49)
    at D:\BlogPro\client\src\plugins\texteditor\__tests__\useComments.test.ts:212:32
    at Generator.call (D:\BlogPro\client\src\plugins\texteditor\__tests__\useComments.test.ts:2:1)
    at Generator._invoke [as next] (D:\BlogPro\client\src\plugins\texteditor\__tests__\useComments.test.ts:2:1)
    at asyncGeneratorStep (D:\BlogPro\client\src\plugins\texteditor\__tests__\useComments.test.ts:2:1)
    at asyncGeneratorStep (D:\BlogPro\client\src\plugins\texteditor\__tests__\useComments.test.ts:2:1)
    at _next (D:\BlogPro\client\src\plugins\texteditor\__tests__\useComments.test.ts:2:1)
    at new Promise (&lt;anonymous&gt;)
    at Object.&lt;anonymous&gt; (D:\BlogPro\client\src\plugins\texteditor\__tests__\useComments.test.ts:2:1)
    at Promise.finally.completed (C:\Users\New\AppData\Local\npm-cache\_npx\b8d86e6551a4f492\node_modules\jest-circus\build\jestAdapterInit.js:1559:28)
    at new Promise (&lt;anonymous&gt;)
    at callAsyncCircusFn (C:\Users\New\AppData\Local\npm-cache\_npx\b8d86e6551a4f492\node_modules\jest-circus\build\jestAdapterInit.js:1499:10)
    at _callCircusTest (C:\Users\New\AppData\Local\npm-cache\_npx\b8d86e6551a4f492\node_modules\jest-circus\build\jestAdapterInit.js:1009:40)
    at processTicksAndRejections (node:internal/process/task_queues:95:5)
    at _runTest (C:\Users\New\AppData\Local\npm-cache\_npx\b8d86e6551a4f492\node_modules\jest-circus\build\jestAdapterInit.js:949:3)
    at _runTestsForDescribeBlock (C:\Users\New\AppData\Local\npm-cache\_npx\b8d86e6551a4f492\node_modules\jest-circus\build\jestAdapterInit.js:839:13)
    at _runTestsForDescribeBlock (C:\Users\New\AppData\Local\npm-cache\_npx\b8d86e6551a4f492\node_modules\jest-circus\build\jestAdapterInit.js:829:11)
    at run (C:\Users\New\AppData\Local\npm-cache\_npx\b8d86e6551a4f492\node_modules\jest-circus\build\jestAdapterInit.js:757:3)
    at runAndTransformResultsToJestFormat (C:\Users\New\AppData\Local\npm-cache\_npx\b8d86e6551a4f492\node_modules\jest-circus\build\jestAdapterInit.js:1920:21)
    at jestAdapter (C:\Users\New\AppData\Local\npm-cache\_npx\b8d86e6551a4f492\node_modules\jest-circus\build\runner.js:101:19)
    at runTestInternal (C:\Users\New\AppData\Local\npm-cache\_npx\b8d86e6551a4f492\node_modules\jest-runner\build\testWorker.js:275:16)
    at runTest (C:\Users\New\AppData\Local\npm-cache\_npx\b8d86e6551a4f492\node_modules\jest-runner\build\testWorker.js:343:7)
    at Object.worker (C:\Users\New\AppData\Local\npm-cache\_npx\b8d86e6551a4f492\node_modules\jest-runner\build\testWorker.js:497:12)</failure>
    </testcase>
    <testcase classname="useComments hook toggles comment resolution state" name="useComments hook toggles comment resolution state" time="0">
      <failure>TypeError: Cannot read properties of null (reading &apos;useState&apos;)
    at useState (D:\BlogPro\node_modules\react\cjs\react.development.js:1622:21)
    at testHook (D:\BlogPro\client\src\plugins\texteditor\__tests__\HookTestingUtils.ts:24:49)
    at D:\BlogPro\client\src\plugins\texteditor\__tests__\useComments.test.ts:245:32
    at Generator.call (D:\BlogPro\client\src\plugins\texteditor\__tests__\useComments.test.ts:2:1)
    at Generator._invoke [as next] (D:\BlogPro\client\src\plugins\texteditor\__tests__\useComments.test.ts:2:1)
    at asyncGeneratorStep (D:\BlogPro\client\src\plugins\texteditor\__tests__\useComments.test.ts:2:1)
    at asyncGeneratorStep (D:\BlogPro\client\src\plugins\texteditor\__tests__\useComments.test.ts:2:1)
    at _next (D:\BlogPro\client\src\plugins\texteditor\__tests__\useComments.test.ts:2:1)
    at new Promise (&lt;anonymous&gt;)
    at Object.&lt;anonymous&gt; (D:\BlogPro\client\src\plugins\texteditor\__tests__\useComments.test.ts:2:1)
    at Promise.finally.completed (C:\Users\New\AppData\Local\npm-cache\_npx\b8d86e6551a4f492\node_modules\jest-circus\build\jestAdapterInit.js:1559:28)
    at new Promise (&lt;anonymous&gt;)
    at callAsyncCircusFn (C:\Users\New\AppData\Local\npm-cache\_npx\b8d86e6551a4f492\node_modules\jest-circus\build\jestAdapterInit.js:1499:10)
    at _callCircusTest (C:\Users\New\AppData\Local\npm-cache\_npx\b8d86e6551a4f492\node_modules\jest-circus\build\jestAdapterInit.js:1009:40)
    at processTicksAndRejections (node:internal/process/task_queues:95:5)
    at _runTest (C:\Users\New\AppData\Local\npm-cache\_npx\b8d86e6551a4f492\node_modules\jest-circus\build\jestAdapterInit.js:949:3)
    at _runTestsForDescribeBlock (C:\Users\New\AppData\Local\npm-cache\_npx\b8d86e6551a4f492\node_modules\jest-circus\build\jestAdapterInit.js:839:13)
    at _runTestsForDescribeBlock (C:\Users\New\AppData\Local\npm-cache\_npx\b8d86e6551a4f492\node_modules\jest-circus\build\jestAdapterInit.js:829:11)
    at run (C:\Users\New\AppData\Local\npm-cache\_npx\b8d86e6551a4f492\node_modules\jest-circus\build\jestAdapterInit.js:757:3)
    at runAndTransformResultsToJestFormat (C:\Users\New\AppData\Local\npm-cache\_npx\b8d86e6551a4f492\node_modules\jest-circus\build\jestAdapterInit.js:1920:21)
    at jestAdapter (C:\Users\New\AppData\Local\npm-cache\_npx\b8d86e6551a4f492\node_modules\jest-circus\build\runner.js:101:19)
    at runTestInternal (C:\Users\New\AppData\Local\npm-cache\_npx\b8d86e6551a4f492\node_modules\jest-runner\build\testWorker.js:275:16)
    at runTest (C:\Users\New\AppData\Local\npm-cache\_npx\b8d86e6551a4f492\node_modules\jest-runner\build\testWorker.js:343:7)
    at Object.worker (C:\Users\New\AppData\Local\npm-cache\_npx\b8d86e6551a4f492\node_modules\jest-runner\build\testWorker.js:497:12)</failure>
    </testcase>
    <testcase classname="useComments hook deletes a comment" name="useComments hook deletes a comment" time="0.001">
      <failure>TypeError: Cannot read properties of null (reading &apos;useState&apos;)
    at useState (D:\BlogPro\node_modules\react\cjs\react.development.js:1622:21)
    at testHook (D:\BlogPro\client\src\plugins\texteditor\__tests__\HookTestingUtils.ts:24:49)
    at D:\BlogPro\client\src\plugins\texteditor\__tests__\useComments.test.ts:279:32
    at Generator.call (D:\BlogPro\client\src\plugins\texteditor\__tests__\useComments.test.ts:2:1)
    at Generator._invoke [as next] (D:\BlogPro\client\src\plugins\texteditor\__tests__\useComments.test.ts:2:1)
    at asyncGeneratorStep (D:\BlogPro\client\src\plugins\texteditor\__tests__\useComments.test.ts:2:1)
    at asyncGeneratorStep (D:\BlogPro\client\src\plugins\texteditor\__tests__\useComments.test.ts:2:1)
    at _next (D:\BlogPro\client\src\plugins\texteditor\__tests__\useComments.test.ts:2:1)
    at new Promise (&lt;anonymous&gt;)
    at Object.&lt;anonymous&gt; (D:\BlogPro\client\src\plugins\texteditor\__tests__\useComments.test.ts:2:1)
    at Promise.finally.completed (C:\Users\New\AppData\Local\npm-cache\_npx\b8d86e6551a4f492\node_modules\jest-circus\build\jestAdapterInit.js:1559:28)
    at new Promise (&lt;anonymous&gt;)
    at callAsyncCircusFn (C:\Users\New\AppData\Local\npm-cache\_npx\b8d86e6551a4f492\node_modules\jest-circus\build\jestAdapterInit.js:1499:10)
    at _callCircusTest (C:\Users\New\AppData\Local\npm-cache\_npx\b8d86e6551a4f492\node_modules\jest-circus\build\jestAdapterInit.js:1009:40)
    at processTicksAndRejections (node:internal/process/task_queues:95:5)
    at _runTest (C:\Users\New\AppData\Local\npm-cache\_npx\b8d86e6551a4f492\node_modules\jest-circus\build\jestAdapterInit.js:949:3)
    at _runTestsForDescribeBlock (C:\Users\New\AppData\Local\npm-cache\_npx\b8d86e6551a4f492\node_modules\jest-circus\build\jestAdapterInit.js:839:13)
    at _runTestsForDescribeBlock (C:\Users\New\AppData\Local\npm-cache\_npx\b8d86e6551a4f492\node_modules\jest-circus\build\jestAdapterInit.js:829:11)
    at run (C:\Users\New\AppData\Local\npm-cache\_npx\b8d86e6551a4f492\node_modules\jest-circus\build\jestAdapterInit.js:757:3)
    at runAndTransformResultsToJestFormat (C:\Users\New\AppData\Local\npm-cache\_npx\b8d86e6551a4f492\node_modules\jest-circus\build\jestAdapterInit.js:1920:21)
    at jestAdapter (C:\Users\New\AppData\Local\npm-cache\_npx\b8d86e6551a4f492\node_modules\jest-circus\build\runner.js:101:19)
    at runTestInternal (C:\Users\New\AppData\Local\npm-cache\_npx\b8d86e6551a4f492\node_modules\jest-runner\build\testWorker.js:275:16)
    at runTest (C:\Users\New\AppData\Local\npm-cache\_npx\b8d86e6551a4f492\node_modules\jest-runner\build\testWorker.js:343:7)
    at Object.worker (C:\Users\New\AppData\Local\npm-cache\_npx\b8d86e6551a4f492\node_modules\jest-runner\build\testWorker.js:497:12)</failure>
    </testcase>
    <testcase classname="useComments hook clears activeCommentId when deleting the active comment" name="useComments hook clears activeCommentId when deleting the active comment" time="0.002">
      <failure>TypeError: Cannot read properties of null (reading &apos;useState&apos;)
    at useState (D:\BlogPro\node_modules\react\cjs\react.development.js:1622:21)
    at testHook (D:\BlogPro\client\src\plugins\texteditor\__tests__\HookTestingUtils.ts:24:49)
    at D:\BlogPro\client\src\plugins\texteditor\__tests__\useComments.test.ts:305:32
    at Generator.call (D:\BlogPro\client\src\plugins\texteditor\__tests__\useComments.test.ts:2:1)
    at Generator._invoke [as next] (D:\BlogPro\client\src\plugins\texteditor\__tests__\useComments.test.ts:2:1)
    at asyncGeneratorStep (D:\BlogPro\client\src\plugins\texteditor\__tests__\useComments.test.ts:2:1)
    at asyncGeneratorStep (D:\BlogPro\client\src\plugins\texteditor\__tests__\useComments.test.ts:2:1)
    at _next (D:\BlogPro\client\src\plugins\texteditor\__tests__\useComments.test.ts:2:1)
    at new Promise (&lt;anonymous&gt;)
    at Object.&lt;anonymous&gt; (D:\BlogPro\client\src\plugins\texteditor\__tests__\useComments.test.ts:2:1)
    at Promise.finally.completed (C:\Users\New\AppData\Local\npm-cache\_npx\b8d86e6551a4f492\node_modules\jest-circus\build\jestAdapterInit.js:1559:28)
    at new Promise (&lt;anonymous&gt;)
    at callAsyncCircusFn (C:\Users\New\AppData\Local\npm-cache\_npx\b8d86e6551a4f492\node_modules\jest-circus\build\jestAdapterInit.js:1499:10)
    at _callCircusTest (C:\Users\New\AppData\Local\npm-cache\_npx\b8d86e6551a4f492\node_modules\jest-circus\build\jestAdapterInit.js:1009:40)
    at processTicksAndRejections (node:internal/process/task_queues:95:5)
    at _runTest (C:\Users\New\AppData\Local\npm-cache\_npx\b8d86e6551a4f492\node_modules\jest-circus\build\jestAdapterInit.js:949:3)
    at _runTestsForDescribeBlock (C:\Users\New\AppData\Local\npm-cache\_npx\b8d86e6551a4f492\node_modules\jest-circus\build\jestAdapterInit.js:839:13)
    at _runTestsForDescribeBlock (C:\Users\New\AppData\Local\npm-cache\_npx\b8d86e6551a4f492\node_modules\jest-circus\build\jestAdapterInit.js:829:11)
    at run (C:\Users\New\AppData\Local\npm-cache\_npx\b8d86e6551a4f492\node_modules\jest-circus\build\jestAdapterInit.js:757:3)
    at runAndTransformResultsToJestFormat (C:\Users\New\AppData\Local\npm-cache\_npx\b8d86e6551a4f492\node_modules\jest-circus\build\jestAdapterInit.js:1920:21)
    at jestAdapter (C:\Users\New\AppData\Local\npm-cache\_npx\b8d86e6551a4f492\node_modules\jest-circus\build\runner.js:101:19)
    at runTestInternal (C:\Users\New\AppData\Local\npm-cache\_npx\b8d86e6551a4f492\node_modules\jest-runner\build\testWorker.js:275:16)
    at runTest (C:\Users\New\AppData\Local\npm-cache\_npx\b8d86e6551a4f492\node_modules\jest-runner\build\testWorker.js:343:7)
    at Object.worker (C:\Users\New\AppData\Local\npm-cache\_npx\b8d86e6551a4f492\node_modules\jest-runner\build\testWorker.js:497:12)</failure>
    </testcase>
    <testcase classname="useComments hook deletes a reply" name="useComments hook deletes a reply" time="0.001">
      <failure>TypeError: Cannot read properties of null (reading &apos;useState&apos;)
    at useState (D:\BlogPro\node_modules\react\cjs\react.development.js:1622:21)
    at testHook (D:\BlogPro\client\src\plugins\texteditor\__tests__\HookTestingUtils.ts:24:49)
    at D:\BlogPro\client\src\plugins\texteditor\__tests__\useComments.test.ts:336:32
    at Generator.call (D:\BlogPro\client\src\plugins\texteditor\__tests__\useComments.test.ts:2:1)
    at Generator._invoke [as next] (D:\BlogPro\client\src\plugins\texteditor\__tests__\useComments.test.ts:2:1)
    at asyncGeneratorStep (D:\BlogPro\client\src\plugins\texteditor\__tests__\useComments.test.ts:2:1)
    at asyncGeneratorStep (D:\BlogPro\client\src\plugins\texteditor\__tests__\useComments.test.ts:2:1)
    at _next (D:\BlogPro\client\src\plugins\texteditor\__tests__\useComments.test.ts:2:1)
    at new Promise (&lt;anonymous&gt;)
    at Object.&lt;anonymous&gt; (D:\BlogPro\client\src\plugins\texteditor\__tests__\useComments.test.ts:2:1)
    at Promise.finally.completed (C:\Users\New\AppData\Local\npm-cache\_npx\b8d86e6551a4f492\node_modules\jest-circus\build\jestAdapterInit.js:1559:28)
    at new Promise (&lt;anonymous&gt;)
    at callAsyncCircusFn (C:\Users\New\AppData\Local\npm-cache\_npx\b8d86e6551a4f492\node_modules\jest-circus\build\jestAdapterInit.js:1499:10)
    at _callCircusTest (C:\Users\New\AppData\Local\npm-cache\_npx\b8d86e6551a4f492\node_modules\jest-circus\build\jestAdapterInit.js:1009:40)
    at processTicksAndRejections (node:internal/process/task_queues:95:5)
    at _runTest (C:\Users\New\AppData\Local\npm-cache\_npx\b8d86e6551a4f492\node_modules\jest-circus\build\jestAdapterInit.js:949:3)
    at _runTestsForDescribeBlock (C:\Users\New\AppData\Local\npm-cache\_npx\b8d86e6551a4f492\node_modules\jest-circus\build\jestAdapterInit.js:839:13)
    at _runTestsForDescribeBlock (C:\Users\New\AppData\Local\npm-cache\_npx\b8d86e6551a4f492\node_modules\jest-circus\build\jestAdapterInit.js:829:11)
    at run (C:\Users\New\AppData\Local\npm-cache\_npx\b8d86e6551a4f492\node_modules\jest-circus\build\jestAdapterInit.js:757:3)
    at runAndTransformResultsToJestFormat (C:\Users\New\AppData\Local\npm-cache\_npx\b8d86e6551a4f492\node_modules\jest-circus\build\jestAdapterInit.js:1920:21)
    at jestAdapter (C:\Users\New\AppData\Local\npm-cache\_npx\b8d86e6551a4f492\node_modules\jest-circus\build\runner.js:101:19)
    at runTestInternal (C:\Users\New\AppData\Local\npm-cache\_npx\b8d86e6551a4f492\node_modules\jest-runner\build\testWorker.js:275:16)
    at runTest (C:\Users\New\AppData\Local\npm-cache\_npx\b8d86e6551a4f492\node_modules\jest-runner\build\testWorker.js:343:7)
    at Object.worker (C:\Users\New\AppData\Local\npm-cache\_npx\b8d86e6551a4f492\node_modules\jest-runner\build\testWorker.js:497:12)</failure>
    </testcase>
    <testcase classname="useComments hook sets active comment" name="useComments hook sets active comment" time="0.001">
      <failure>TypeError: Cannot read properties of null (reading &apos;useState&apos;)
    at useState (D:\BlogPro\node_modules\react\cjs\react.development.js:1622:21)
    at testHook (D:\BlogPro\client\src\plugins\texteditor\__tests__\HookTestingUtils.ts:24:49)
    at D:\BlogPro\client\src\plugins\texteditor\__tests__\useComments.test.ts:369:32
    at Generator.call (D:\BlogPro\client\src\plugins\texteditor\__tests__\useComments.test.ts:2:1)
    at Generator._invoke [as next] (D:\BlogPro\client\src\plugins\texteditor\__tests__\useComments.test.ts:2:1)
    at asyncGeneratorStep (D:\BlogPro\client\src\plugins\texteditor\__tests__\useComments.test.ts:2:1)
    at asyncGeneratorStep (D:\BlogPro\client\src\plugins\texteditor\__tests__\useComments.test.ts:2:1)
    at _next (D:\BlogPro\client\src\plugins\texteditor\__tests__\useComments.test.ts:2:1)
    at new Promise (&lt;anonymous&gt;)
    at Object.&lt;anonymous&gt; (D:\BlogPro\client\src\plugins\texteditor\__tests__\useComments.test.ts:2:1)
    at Promise.finally.completed (C:\Users\New\AppData\Local\npm-cache\_npx\b8d86e6551a4f492\node_modules\jest-circus\build\jestAdapterInit.js:1559:28)
    at new Promise (&lt;anonymous&gt;)
    at callAsyncCircusFn (C:\Users\New\AppData\Local\npm-cache\_npx\b8d86e6551a4f492\node_modules\jest-circus\build\jestAdapterInit.js:1499:10)
    at _callCircusTest (C:\Users\New\AppData\Local\npm-cache\_npx\b8d86e6551a4f492\node_modules\jest-circus\build\jestAdapterInit.js:1009:40)
    at processTicksAndRejections (node:internal/process/task_queues:95:5)
    at _runTest (C:\Users\New\AppData\Local\npm-cache\_npx\b8d86e6551a4f492\node_modules\jest-circus\build\jestAdapterInit.js:949:3)
    at _runTestsForDescribeBlock (C:\Users\New\AppData\Local\npm-cache\_npx\b8d86e6551a4f492\node_modules\jest-circus\build\jestAdapterInit.js:839:13)
    at _runTestsForDescribeBlock (C:\Users\New\AppData\Local\npm-cache\_npx\b8d86e6551a4f492\node_modules\jest-circus\build\jestAdapterInit.js:829:11)
    at run (C:\Users\New\AppData\Local\npm-cache\_npx\b8d86e6551a4f492\node_modules\jest-circus\build\jestAdapterInit.js:757:3)
    at runAndTransformResultsToJestFormat (C:\Users\New\AppData\Local\npm-cache\_npx\b8d86e6551a4f492\node_modules\jest-circus\build\jestAdapterInit.js:1920:21)
    at jestAdapter (C:\Users\New\AppData\Local\npm-cache\_npx\b8d86e6551a4f492\node_modules\jest-circus\build\runner.js:101:19)
    at runTestInternal (C:\Users\New\AppData\Local\npm-cache\_npx\b8d86e6551a4f492\node_modules\jest-runner\build\testWorker.js:275:16)
    at runTest (C:\Users\New\AppData\Local\npm-cache\_npx\b8d86e6551a4f492\node_modules\jest-runner\build\testWorker.js:343:7)
    at Object.worker (C:\Users\New\AppData\Local\npm-cache\_npx\b8d86e6551a4f492\node_modules\jest-runner\build\testWorker.js:497:12)</failure>
    </testcase>
    <testcase classname="useComments hook recalculates comment positions when document changes" name="useComments hook recalculates comment positions when document changes" time="0">
      <failure>TypeError: Cannot read properties of null (reading &apos;useState&apos;)
    at useState (D:\BlogPro\node_modules\react\cjs\react.development.js:1622:21)
    at testHook (D:\BlogPro\client\src\plugins\texteditor\__tests__\HookTestingUtils.ts:24:49)
    at D:\BlogPro\client\src\plugins\texteditor\__tests__\useComments.test.ts:403:32
    at Generator.call (D:\BlogPro\client\src\plugins\texteditor\__tests__\useComments.test.ts:2:1)
    at Generator._invoke [as next] (D:\BlogPro\client\src\plugins\texteditor\__tests__\useComments.test.ts:2:1)
    at asyncGeneratorStep (D:\BlogPro\client\src\plugins\texteditor\__tests__\useComments.test.ts:2:1)
    at asyncGeneratorStep (D:\BlogPro\client\src\plugins\texteditor\__tests__\useComments.test.ts:2:1)
    at _next (D:\BlogPro\client\src\plugins\texteditor\__tests__\useComments.test.ts:2:1)
    at new Promise (&lt;anonymous&gt;)
    at Object.&lt;anonymous&gt; (D:\BlogPro\client\src\plugins\texteditor\__tests__\useComments.test.ts:2:1)
    at Promise.finally.completed (C:\Users\New\AppData\Local\npm-cache\_npx\b8d86e6551a4f492\node_modules\jest-circus\build\jestAdapterInit.js:1559:28)
    at new Promise (&lt;anonymous&gt;)
    at callAsyncCircusFn (C:\Users\New\AppData\Local\npm-cache\_npx\b8d86e6551a4f492\node_modules\jest-circus\build\jestAdapterInit.js:1499:10)
    at _callCircusTest (C:\Users\New\AppData\Local\npm-cache\_npx\b8d86e6551a4f492\node_modules\jest-circus\build\jestAdapterInit.js:1009:40)
    at processTicksAndRejections (node:internal/process/task_queues:95:5)
    at _runTest (C:\Users\New\AppData\Local\npm-cache\_npx\b8d86e6551a4f492\node_modules\jest-circus\build\jestAdapterInit.js:949:3)
    at _runTestsForDescribeBlock (C:\Users\New\AppData\Local\npm-cache\_npx\b8d86e6551a4f492\node_modules\jest-circus\build\jestAdapterInit.js:839:13)
    at _runTestsForDescribeBlock (C:\Users\New\AppData\Local\npm-cache\_npx\b8d86e6551a4f492\node_modules\jest-circus\build\jestAdapterInit.js:829:11)
    at run (C:\Users\New\AppData\Local\npm-cache\_npx\b8d86e6551a4f492\node_modules\jest-circus\build\jestAdapterInit.js:757:3)
    at runAndTransformResultsToJestFormat (C:\Users\New\AppData\Local\npm-cache\_npx\b8d86e6551a4f492\node_modules\jest-circus\build\jestAdapterInit.js:1920:21)
    at jestAdapter (C:\Users\New\AppData\Local\npm-cache\_npx\b8d86e6551a4f492\node_modules\jest-circus\build\runner.js:101:19)
    at runTestInternal (C:\Users\New\AppData\Local\npm-cache\_npx\b8d86e6551a4f492\node_modules\jest-runner\build\testWorker.js:275:16)
    at runTest (C:\Users\New\AppData\Local\npm-cache\_npx\b8d86e6551a4f492\node_modules\jest-runner\build\testWorker.js:343:7)
    at Object.worker (C:\Users\New\AppData\Local\npm-cache\_npx\b8d86e6551a4f492\node_modules\jest-runner\build\testWorker.js:497:12)</failure>
    </testcase>
    <testcase classname="useComments hook handles orphaned comments when paragraph is deleted" name="useComments hook handles orphaned comments when paragraph is deleted" time="0.001">
      <failure>TypeError: Cannot read properties of null (reading &apos;useState&apos;)
    at useState (D:\BlogPro\node_modules\react\cjs\react.development.js:1622:21)
    at testHook (D:\BlogPro\client\src\plugins\texteditor\__tests__\HookTestingUtils.ts:24:49)
    at D:\BlogPro\client\src\plugins\texteditor\__tests__\useComments.test.ts:429:32
    at Generator.call (D:\BlogPro\client\src\plugins\texteditor\__tests__\useComments.test.ts:2:1)
    at Generator._invoke [as next] (D:\BlogPro\client\src\plugins\texteditor\__tests__\useComments.test.ts:2:1)
    at asyncGeneratorStep (D:\BlogPro\client\src\plugins\texteditor\__tests__\useComments.test.ts:2:1)
    at asyncGeneratorStep (D:\BlogPro\client\src\plugins\texteditor\__tests__\useComments.test.ts:2:1)
    at _next (D:\BlogPro\client\src\plugins\texteditor\__tests__\useComments.test.ts:2:1)
    at new Promise (&lt;anonymous&gt;)
    at Object.&lt;anonymous&gt; (D:\BlogPro\client\src\plugins\texteditor\__tests__\useComments.test.ts:2:1)
    at Promise.finally.completed (C:\Users\New\AppData\Local\npm-cache\_npx\b8d86e6551a4f492\node_modules\jest-circus\build\jestAdapterInit.js:1559:28)
    at new Promise (&lt;anonymous&gt;)
    at callAsyncCircusFn (C:\Users\New\AppData\Local\npm-cache\_npx\b8d86e6551a4f492\node_modules\jest-circus\build\jestAdapterInit.js:1499:10)
    at _callCircusTest (C:\Users\New\AppData\Local\npm-cache\_npx\b8d86e6551a4f492\node_modules\jest-circus\build\jestAdapterInit.js:1009:40)
    at processTicksAndRejections (node:internal/process/task_queues:95:5)
    at _runTest (C:\Users\New\AppData\Local\npm-cache\_npx\b8d86e6551a4f492\node_modules\jest-circus\build\jestAdapterInit.js:949:3)
    at _runTestsForDescribeBlock (C:\Users\New\AppData\Local\npm-cache\_npx\b8d86e6551a4f492\node_modules\jest-circus\build\jestAdapterInit.js:839:13)
    at _runTestsForDescribeBlock (C:\Users\New\AppData\Local\npm-cache\_npx\b8d86e6551a4f492\node_modules\jest-circus\build\jestAdapterInit.js:829:11)
    at run (C:\Users\New\AppData\Local\npm-cache\_npx\b8d86e6551a4f492\node_modules\jest-circus\build\jestAdapterInit.js:757:3)
    at runAndTransformResultsToJestFormat (C:\Users\New\AppData\Local\npm-cache\_npx\b8d86e6551a4f492\node_modules\jest-circus\build\jestAdapterInit.js:1920:21)
    at jestAdapter (C:\Users\New\AppData\Local\npm-cache\_npx\b8d86e6551a4f492\node_modules\jest-circus\build\runner.js:101:19)
    at runTestInternal (C:\Users\New\AppData\Local\npm-cache\_npx\b8d86e6551a4f492\node_modules\jest-runner\build\testWorker.js:275:16)
    at runTest (C:\Users\New\AppData\Local\npm-cache\_npx\b8d86e6551a4f492\node_modules\jest-runner\build\testWorker.js:343:7)
    at Object.worker (C:\Users\New\AppData\Local\npm-cache\_npx\b8d86e6551a4f492\node_modules\jest-runner\build\testWorker.js:497:12)</failure>
    </testcase>
    <testcase classname="useComments hook gets comment at position" name="useComments hook gets comment at position" time="0.001">
      <failure>TypeError: Cannot read properties of null (reading &apos;useState&apos;)
    at useState (D:\BlogPro\node_modules\react\cjs\react.development.js:1622:21)
    at testHook (D:\BlogPro\client\src\plugins\texteditor\__tests__\HookTestingUtils.ts:24:49)
    at D:\BlogPro\client\src\plugins\texteditor\__tests__\useComments.test.ts:459:32
    at Generator.call (D:\BlogPro\client\src\plugins\texteditor\__tests__\useComments.test.ts:2:1)
    at Generator._invoke [as next] (D:\BlogPro\client\src\plugins\texteditor\__tests__\useComments.test.ts:2:1)
    at asyncGeneratorStep (D:\BlogPro\client\src\plugins\texteditor\__tests__\useComments.test.ts:2:1)
    at asyncGeneratorStep (D:\BlogPro\client\src\plugins\texteditor\__tests__\useComments.test.ts:2:1)
    at _next (D:\BlogPro\client\src\plugins\texteditor\__tests__\useComments.test.ts:2:1)
    at new Promise (&lt;anonymous&gt;)
    at Object.&lt;anonymous&gt; (D:\BlogPro\client\src\plugins\texteditor\__tests__\useComments.test.ts:2:1)
    at Promise.finally.completed (C:\Users\New\AppData\Local\npm-cache\_npx\b8d86e6551a4f492\node_modules\jest-circus\build\jestAdapterInit.js:1559:28)
    at new Promise (&lt;anonymous&gt;)
    at callAsyncCircusFn (C:\Users\New\AppData\Local\npm-cache\_npx\b8d86e6551a4f492\node_modules\jest-circus\build\jestAdapterInit.js:1499:10)
    at _callCircusTest (C:\Users\New\AppData\Local\npm-cache\_npx\b8d86e6551a4f492\node_modules\jest-circus\build\jestAdapterInit.js:1009:40)
    at processTicksAndRejections (node:internal/process/task_queues:95:5)
    at _runTest (C:\Users\New\AppData\Local\npm-cache\_npx\b8d86e6551a4f492\node_modules\jest-circus\build\jestAdapterInit.js:949:3)
    at _runTestsForDescribeBlock (C:\Users\New\AppData\Local\npm-cache\_npx\b8d86e6551a4f492\node_modules\jest-circus\build\jestAdapterInit.js:839:13)
    at _runTestsForDescribeBlock (C:\Users\New\AppData\Local\npm-cache\_npx\b8d86e6551a4f492\node_modules\jest-circus\build\jestAdapterInit.js:829:11)
    at run (C:\Users\New\AppData\Local\npm-cache\_npx\b8d86e6551a4f492\node_modules\jest-circus\build\jestAdapterInit.js:757:3)
    at runAndTransformResultsToJestFormat (C:\Users\New\AppData\Local\npm-cache\_npx\b8d86e6551a4f492\node_modules\jest-circus\build\jestAdapterInit.js:1920:21)
    at jestAdapter (C:\Users\New\AppData\Local\npm-cache\_npx\b8d86e6551a4f492\node_modules\jest-circus\build\runner.js:101:19)
    at runTestInternal (C:\Users\New\AppData\Local\npm-cache\_npx\b8d86e6551a4f492\node_modules\jest-runner\build\testWorker.js:275:16)
    at runTest (C:\Users\New\AppData\Local\npm-cache\_npx\b8d86e6551a4f492\node_modules\jest-runner\build\testWorker.js:343:7)
    at Object.worker (C:\Users\New\AppData\Local\npm-cache\_npx\b8d86e6551a4f492\node_modules\jest-runner\build\testWorker.js:497:12)</failure>
    </testcase>
    <testcase classname="useComments hook returns null when no comment at position" name="useComments hook returns null when no comment at position" time="0.001">
      <failure>TypeError: Cannot read properties of null (reading &apos;useState&apos;)
    at useState (D:\BlogPro\node_modules\react\cjs\react.development.js:1622:21)
    at testHook (D:\BlogPro\client\src\plugins\texteditor\__tests__\HookTestingUtils.ts:24:49)
    at D:\BlogPro\client\src\plugins\texteditor\__tests__\useComments.test.ts:482:32
    at Generator.call (D:\BlogPro\client\src\plugins\texteditor\__tests__\useComments.test.ts:2:1)
    at Generator._invoke [as next] (D:\BlogPro\client\src\plugins\texteditor\__tests__\useComments.test.ts:2:1)
    at asyncGeneratorStep (D:\BlogPro\client\src\plugins\texteditor\__tests__\useComments.test.ts:2:1)
    at asyncGeneratorStep (D:\BlogPro\client\src\plugins\texteditor\__tests__\useComments.test.ts:2:1)
    at _next (D:\BlogPro\client\src\plugins\texteditor\__tests__\useComments.test.ts:2:1)
    at new Promise (&lt;anonymous&gt;)
    at Object.&lt;anonymous&gt; (D:\BlogPro\client\src\plugins\texteditor\__tests__\useComments.test.ts:2:1)
    at Promise.finally.completed (C:\Users\New\AppData\Local\npm-cache\_npx\b8d86e6551a4f492\node_modules\jest-circus\build\jestAdapterInit.js:1559:28)
    at new Promise (&lt;anonymous&gt;)
    at callAsyncCircusFn (C:\Users\New\AppData\Local\npm-cache\_npx\b8d86e6551a4f492\node_modules\jest-circus\build\jestAdapterInit.js:1499:10)
    at _callCircusTest (C:\Users\New\AppData\Local\npm-cache\_npx\b8d86e6551a4f492\node_modules\jest-circus\build\jestAdapterInit.js:1009:40)
    at processTicksAndRejections (node:internal/process/task_queues:95:5)
    at _runTest (C:\Users\New\AppData\Local\npm-cache\_npx\b8d86e6551a4f492\node_modules\jest-circus\build\jestAdapterInit.js:949:3)
    at _runTestsForDescribeBlock (C:\Users\New\AppData\Local\npm-cache\_npx\b8d86e6551a4f492\node_modules\jest-circus\build\jestAdapterInit.js:839:13)
    at _runTestsForDescribeBlock (C:\Users\New\AppData\Local\npm-cache\_npx\b8d86e6551a4f492\node_modules\jest-circus\build\jestAdapterInit.js:829:11)
    at run (C:\Users\New\AppData\Local\npm-cache\_npx\b8d86e6551a4f492\node_modules\jest-circus\build\jestAdapterInit.js:757:3)
    at runAndTransformResultsToJestFormat (C:\Users\New\AppData\Local\npm-cache\_npx\b8d86e6551a4f492\node_modules\jest-circus\build\jestAdapterInit.js:1920:21)
    at jestAdapter (C:\Users\New\AppData\Local\npm-cache\_npx\b8d86e6551a4f492\node_modules\jest-circus\build\runner.js:101:19)
    at runTestInternal (C:\Users\New\AppData\Local\npm-cache\_npx\b8d86e6551a4f492\node_modules\jest-runner\build\testWorker.js:275:16)
    at runTest (C:\Users\New\AppData\Local\npm-cache\_npx\b8d86e6551a4f492\node_modules\jest-runner\build\testWorker.js:343:7)
    at Object.worker (C:\Users\New\AppData\Local\npm-cache\_npx\b8d86e6551a4f492\node_modules\jest-runner\build\testWorker.js:497:12)</failure>
    </testcase>
    <testcase classname="useComments hook gets comments for paragraph" name="useComments hook gets comments for paragraph" time="0.001">
      <failure>TypeError: Cannot read properties of null (reading &apos;useState&apos;)
    at useState (D:\BlogPro\node_modules\react\cjs\react.development.js:1622:21)
    at testHook (D:\BlogPro\client\src\plugins\texteditor\__tests__\HookTestingUtils.ts:24:49)
    at D:\BlogPro\client\src\plugins\texteditor\__tests__\useComments.test.ts:504:32
    at Generator.call (D:\BlogPro\client\src\plugins\texteditor\__tests__\useComments.test.ts:2:1)
    at Generator._invoke [as next] (D:\BlogPro\client\src\plugins\texteditor\__tests__\useComments.test.ts:2:1)
    at asyncGeneratorStep (D:\BlogPro\client\src\plugins\texteditor\__tests__\useComments.test.ts:2:1)
    at asyncGeneratorStep (D:\BlogPro\client\src\plugins\texteditor\__tests__\useComments.test.ts:2:1)
    at _next (D:\BlogPro\client\src\plugins\texteditor\__tests__\useComments.test.ts:2:1)
    at new Promise (&lt;anonymous&gt;)
    at Object.&lt;anonymous&gt; (D:\BlogPro\client\src\plugins\texteditor\__tests__\useComments.test.ts:2:1)
    at Promise.finally.completed (C:\Users\New\AppData\Local\npm-cache\_npx\b8d86e6551a4f492\node_modules\jest-circus\build\jestAdapterInit.js:1559:28)
    at new Promise (&lt;anonymous&gt;)
    at callAsyncCircusFn (C:\Users\New\AppData\Local\npm-cache\_npx\b8d86e6551a4f492\node_modules\jest-circus\build\jestAdapterInit.js:1499:10)
    at _callCircusTest (C:\Users\New\AppData\Local\npm-cache\_npx\b8d86e6551a4f492\node_modules\jest-circus\build\jestAdapterInit.js:1009:40)
    at processTicksAndRejections (node:internal/process/task_queues:95:5)
    at _runTest (C:\Users\New\AppData\Local\npm-cache\_npx\b8d86e6551a4f492\node_modules\jest-circus\build\jestAdapterInit.js:949:3)
    at _runTestsForDescribeBlock (C:\Users\New\AppData\Local\npm-cache\_npx\b8d86e6551a4f492\node_modules\jest-circus\build\jestAdapterInit.js:839:13)
    at _runTestsForDescribeBlock (C:\Users\New\AppData\Local\npm-cache\_npx\b8d86e6551a4f492\node_modules\jest-circus\build\jestAdapterInit.js:829:11)
    at run (C:\Users\New\AppData\Local\npm-cache\_npx\b8d86e6551a4f492\node_modules\jest-circus\build\jestAdapterInit.js:757:3)
    at runAndTransformResultsToJestFormat (C:\Users\New\AppData\Local\npm-cache\_npx\b8d86e6551a4f492\node_modules\jest-circus\build\jestAdapterInit.js:1920:21)
    at jestAdapter (C:\Users\New\AppData\Local\npm-cache\_npx\b8d86e6551a4f492\node_modules\jest-circus\build\runner.js:101:19)
    at runTestInternal (C:\Users\New\AppData\Local\npm-cache\_npx\b8d86e6551a4f492\node_modules\jest-runner\build\testWorker.js:275:16)
    at runTest (C:\Users\New\AppData\Local\npm-cache\_npx\b8d86e6551a4f492\node_modules\jest-runner\build\testWorker.js:343:7)
    at Object.worker (C:\Users\New\AppData\Local\npm-cache\_npx\b8d86e6551a4f492\node_modules\jest-runner\build\testWorker.js:497:12)</failure>
    </testcase>
  </testsuite>
  <testsuite name="useComments Hook" errors="0" failures="9" skipped="0" timestamp="2025-07-23T23:39:43" time="2.183" tests="9">
    <testcase classname="useComments Hook Initialization initializes with empty comments array" name="useComments Hook Initialization initializes with empty comments array" time="0.002">
      <failure>TypeError: jest.requireActual(...).useState.mockClear is not a function
    at Object.mockClear (D:\BlogPro\client\src\plugins\texteditor\__tests__\hooks\useComments.test.ts:66:51)
    at Promise.finally.completed (C:\Users\New\AppData\Local\npm-cache\_npx\b8d86e6551a4f492\node_modules\jest-circus\build\jestAdapterInit.js:1559:28)
    at new Promise (&lt;anonymous&gt;)
    at callAsyncCircusFn (C:\Users\New\AppData\Local\npm-cache\_npx\b8d86e6551a4f492\node_modules\jest-circus\build\jestAdapterInit.js:1499:10)
    at _callCircusHook (C:\Users\New\AppData\Local\npm-cache\_npx\b8d86e6551a4f492\node_modules\jest-circus\build\jestAdapterInit.js:978:40)
    at processTicksAndRejections (node:internal/process/task_queues:95:5)
    at _runTest (C:\Users\New\AppData\Local\npm-cache\_npx\b8d86e6551a4f492\node_modules\jest-circus\build\jestAdapterInit.js:943:5)
    at _runTestsForDescribeBlock (C:\Users\New\AppData\Local\npm-cache\_npx\b8d86e6551a4f492\node_modules\jest-circus\build\jestAdapterInit.js:839:13)
    at _runTestsForDescribeBlock (C:\Users\New\AppData\Local\npm-cache\_npx\b8d86e6551a4f492\node_modules\jest-circus\build\jestAdapterInit.js:829:11)
    at _runTestsForDescribeBlock (C:\Users\New\AppData\Local\npm-cache\_npx\b8d86e6551a4f492\node_modules\jest-circus\build\jestAdapterInit.js:829:11)
    at run (C:\Users\New\AppData\Local\npm-cache\_npx\b8d86e6551a4f492\node_modules\jest-circus\build\jestAdapterInit.js:757:3)
    at runAndTransformResultsToJestFormat (C:\Users\New\AppData\Local\npm-cache\_npx\b8d86e6551a4f492\node_modules\jest-circus\build\jestAdapterInit.js:1920:21)
    at jestAdapter (C:\Users\New\AppData\Local\npm-cache\_npx\b8d86e6551a4f492\node_modules\jest-circus\build\runner.js:101:19)
    at runTestInternal (C:\Users\New\AppData\Local\npm-cache\_npx\b8d86e6551a4f492\node_modules\jest-runner\build\testWorker.js:275:16)
    at runTest (C:\Users\New\AppData\Local\npm-cache\_npx\b8d86e6551a4f492\node_modules\jest-runner\build\testWorker.js:343:7)
    at Object.worker (C:\Users\New\AppData\Local\npm-cache\_npx\b8d86e6551a4f492\node_modules\jest-runner\build\testWorker.js:497:12)</failure>
    </testcase>
    <testcase classname="useComments Hook Initialization provides expected API" name="useComments Hook Initialization provides expected API" time="0.001">
      <failure>TypeError: jest.requireActual(...).useState.mockClear is not a function
    at Object.mockClear (D:\BlogPro\client\src\plugins\texteditor\__tests__\hooks\useComments.test.ts:66:51)
    at Promise.finally.completed (C:\Users\New\AppData\Local\npm-cache\_npx\b8d86e6551a4f492\node_modules\jest-circus\build\jestAdapterInit.js:1559:28)
    at new Promise (&lt;anonymous&gt;)
    at callAsyncCircusFn (C:\Users\New\AppData\Local\npm-cache\_npx\b8d86e6551a4f492\node_modules\jest-circus\build\jestAdapterInit.js:1499:10)
    at _callCircusHook (C:\Users\New\AppData\Local\npm-cache\_npx\b8d86e6551a4f492\node_modules\jest-circus\build\jestAdapterInit.js:978:40)
    at processTicksAndRejections (node:internal/process/task_queues:95:5)
    at _runTest (C:\Users\New\AppData\Local\npm-cache\_npx\b8d86e6551a4f492\node_modules\jest-circus\build\jestAdapterInit.js:943:5)
    at _runTestsForDescribeBlock (C:\Users\New\AppData\Local\npm-cache\_npx\b8d86e6551a4f492\node_modules\jest-circus\build\jestAdapterInit.js:839:13)
    at _runTestsForDescribeBlock (C:\Users\New\AppData\Local\npm-cache\_npx\b8d86e6551a4f492\node_modules\jest-circus\build\jestAdapterInit.js:829:11)
    at _runTestsForDescribeBlock (C:\Users\New\AppData\Local\npm-cache\_npx\b8d86e6551a4f492\node_modules\jest-circus\build\jestAdapterInit.js:829:11)
    at run (C:\Users\New\AppData\Local\npm-cache\_npx\b8d86e6551a4f492\node_modules\jest-circus\build\jestAdapterInit.js:757:3)
    at runAndTransformResultsToJestFormat (C:\Users\New\AppData\Local\npm-cache\_npx\b8d86e6551a4f492\node_modules\jest-circus\build\jestAdapterInit.js:1920:21)
    at jestAdapter (C:\Users\New\AppData\Local\npm-cache\_npx\b8d86e6551a4f492\node_modules\jest-circus\build\runner.js:101:19)
    at runTestInternal (C:\Users\New\AppData\Local\npm-cache\_npx\b8d86e6551a4f492\node_modules\jest-runner\build\testWorker.js:275:16)
    at runTest (C:\Users\New\AppData\Local\npm-cache\_npx\b8d86e6551a4f492\node_modules\jest-runner\build\testWorker.js:343:7)
    at Object.worker (C:\Users\New\AppData\Local\npm-cache\_npx\b8d86e6551a4f492\node_modules\jest-runner\build\testWorker.js:497:12)</failure>
    </testcase>
    <testcase classname="useComments Hook Comment Management adds a new comment" name="useComments Hook Comment Management adds a new comment" time="0.001">
      <failure>TypeError: jest.requireActual(...).useState.mockClear is not a function
    at Object.mockClear (D:\BlogPro\client\src\plugins\texteditor\__tests__\hooks\useComments.test.ts:66:51)
    at Promise.finally.completed (C:\Users\New\AppData\Local\npm-cache\_npx\b8d86e6551a4f492\node_modules\jest-circus\build\jestAdapterInit.js:1559:28)
    at new Promise (&lt;anonymous&gt;)
    at callAsyncCircusFn (C:\Users\New\AppData\Local\npm-cache\_npx\b8d86e6551a4f492\node_modules\jest-circus\build\jestAdapterInit.js:1499:10)
    at _callCircusHook (C:\Users\New\AppData\Local\npm-cache\_npx\b8d86e6551a4f492\node_modules\jest-circus\build\jestAdapterInit.js:978:40)
    at processTicksAndRejections (node:internal/process/task_queues:95:5)
    at _runTest (C:\Users\New\AppData\Local\npm-cache\_npx\b8d86e6551a4f492\node_modules\jest-circus\build\jestAdapterInit.js:943:5)
    at _runTestsForDescribeBlock (C:\Users\New\AppData\Local\npm-cache\_npx\b8d86e6551a4f492\node_modules\jest-circus\build\jestAdapterInit.js:839:13)
    at _runTestsForDescribeBlock (C:\Users\New\AppData\Local\npm-cache\_npx\b8d86e6551a4f492\node_modules\jest-circus\build\jestAdapterInit.js:829:11)
    at _runTestsForDescribeBlock (C:\Users\New\AppData\Local\npm-cache\_npx\b8d86e6551a4f492\node_modules\jest-circus\build\jestAdapterInit.js:829:11)
    at run (C:\Users\New\AppData\Local\npm-cache\_npx\b8d86e6551a4f492\node_modules\jest-circus\build\jestAdapterInit.js:757:3)
    at runAndTransformResultsToJestFormat (C:\Users\New\AppData\Local\npm-cache\_npx\b8d86e6551a4f492\node_modules\jest-circus\build\jestAdapterInit.js:1920:21)
    at jestAdapter (C:\Users\New\AppData\Local\npm-cache\_npx\b8d86e6551a4f492\node_modules\jest-circus\build\runner.js:101:19)
    at runTestInternal (C:\Users\New\AppData\Local\npm-cache\_npx\b8d86e6551a4f492\node_modules\jest-runner\build\testWorker.js:275:16)
    at runTest (C:\Users\New\AppData\Local\npm-cache\_npx\b8d86e6551a4f492\node_modules\jest-runner\build\testWorker.js:343:7)
    at Object.worker (C:\Users\New\AppData\Local\npm-cache\_npx\b8d86e6551a4f492\node_modules\jest-runner\build\testWorker.js:497:12)</failure>
    </testcase>
    <testcase classname="useComments Hook Comment Management adds a reply to a comment" name="useComments Hook Comment Management adds a reply to a comment" time="0.001">
      <failure>TypeError: jest.requireActual(...).useState.mockClear is not a function
    at Object.mockClear (D:\BlogPro\client\src\plugins\texteditor\__tests__\hooks\useComments.test.ts:66:51)
    at Promise.finally.completed (C:\Users\New\AppData\Local\npm-cache\_npx\b8d86e6551a4f492\node_modules\jest-circus\build\jestAdapterInit.js:1559:28)
    at new Promise (&lt;anonymous&gt;)
    at callAsyncCircusFn (C:\Users\New\AppData\Local\npm-cache\_npx\b8d86e6551a4f492\node_modules\jest-circus\build\jestAdapterInit.js:1499:10)
    at _callCircusHook (C:\Users\New\AppData\Local\npm-cache\_npx\b8d86e6551a4f492\node_modules\jest-circus\build\jestAdapterInit.js:978:40)
    at processTicksAndRejections (node:internal/process/task_queues:95:5)
    at _runTest (C:\Users\New\AppData\Local\npm-cache\_npx\b8d86e6551a4f492\node_modules\jest-circus\build\jestAdapterInit.js:943:5)
    at _runTestsForDescribeBlock (C:\Users\New\AppData\Local\npm-cache\_npx\b8d86e6551a4f492\node_modules\jest-circus\build\jestAdapterInit.js:839:13)
    at _runTestsForDescribeBlock (C:\Users\New\AppData\Local\npm-cache\_npx\b8d86e6551a4f492\node_modules\jest-circus\build\jestAdapterInit.js:829:11)
    at _runTestsForDescribeBlock (C:\Users\New\AppData\Local\npm-cache\_npx\b8d86e6551a4f492\node_modules\jest-circus\build\jestAdapterInit.js:829:11)
    at run (C:\Users\New\AppData\Local\npm-cache\_npx\b8d86e6551a4f492\node_modules\jest-circus\build\jestAdapterInit.js:757:3)
    at runAndTransformResultsToJestFormat (C:\Users\New\AppData\Local\npm-cache\_npx\b8d86e6551a4f492\node_modules\jest-circus\build\jestAdapterInit.js:1920:21)
    at jestAdapter (C:\Users\New\AppData\Local\npm-cache\_npx\b8d86e6551a4f492\node_modules\jest-circus\build\runner.js:101:19)
    at runTestInternal (C:\Users\New\AppData\Local\npm-cache\_npx\b8d86e6551a4f492\node_modules\jest-runner\build\testWorker.js:275:16)
    at runTest (C:\Users\New\AppData\Local\npm-cache\_npx\b8d86e6551a4f492\node_modules\jest-runner\build\testWorker.js:343:7)
    at Object.worker (C:\Users\New\AppData\Local\npm-cache\_npx\b8d86e6551a4f492\node_modules\jest-runner\build\testWorker.js:497:12)</failure>
    </testcase>
    <testcase classname="useComments Hook Comment Management toggles comment resolution" name="useComments Hook Comment Management toggles comment resolution" time="0.002">
      <failure>TypeError: jest.requireActual(...).useState.mockClear is not a function
    at Object.mockClear (D:\BlogPro\client\src\plugins\texteditor\__tests__\hooks\useComments.test.ts:66:51)
    at Promise.finally.completed (C:\Users\New\AppData\Local\npm-cache\_npx\b8d86e6551a4f492\node_modules\jest-circus\build\jestAdapterInit.js:1559:28)
    at new Promise (&lt;anonymous&gt;)
    at callAsyncCircusFn (C:\Users\New\AppData\Local\npm-cache\_npx\b8d86e6551a4f492\node_modules\jest-circus\build\jestAdapterInit.js:1499:10)
    at _callCircusHook (C:\Users\New\AppData\Local\npm-cache\_npx\b8d86e6551a4f492\node_modules\jest-circus\build\jestAdapterInit.js:978:40)
    at processTicksAndRejections (node:internal/process/task_queues:95:5)
    at _runTest (C:\Users\New\AppData\Local\npm-cache\_npx\b8d86e6551a4f492\node_modules\jest-circus\build\jestAdapterInit.js:943:5)
    at _runTestsForDescribeBlock (C:\Users\New\AppData\Local\npm-cache\_npx\b8d86e6551a4f492\node_modules\jest-circus\build\jestAdapterInit.js:839:13)
    at _runTestsForDescribeBlock (C:\Users\New\AppData\Local\npm-cache\_npx\b8d86e6551a4f492\node_modules\jest-circus\build\jestAdapterInit.js:829:11)
    at _runTestsForDescribeBlock (C:\Users\New\AppData\Local\npm-cache\_npx\b8d86e6551a4f492\node_modules\jest-circus\build\jestAdapterInit.js:829:11)
    at run (C:\Users\New\AppData\Local\npm-cache\_npx\b8d86e6551a4f492\node_modules\jest-circus\build\jestAdapterInit.js:757:3)
    at runAndTransformResultsToJestFormat (C:\Users\New\AppData\Local\npm-cache\_npx\b8d86e6551a4f492\node_modules\jest-circus\build\jestAdapterInit.js:1920:21)
    at jestAdapter (C:\Users\New\AppData\Local\npm-cache\_npx\b8d86e6551a4f492\node_modules\jest-circus\build\runner.js:101:19)
    at runTestInternal (C:\Users\New\AppData\Local\npm-cache\_npx\b8d86e6551a4f492\node_modules\jest-runner\build\testWorker.js:275:16)
    at runTest (C:\Users\New\AppData\Local\npm-cache\_npx\b8d86e6551a4f492\node_modules\jest-runner\build\testWorker.js:343:7)
    at Object.worker (C:\Users\New\AppData\Local\npm-cache\_npx\b8d86e6551a4f492\node_modules\jest-runner\build\testWorker.js:497:12)</failure>
    </testcase>
    <testcase classname="useComments Hook Comment Management deletes a comment" name="useComments Hook Comment Management deletes a comment" time="0">
      <failure>TypeError: jest.requireActual(...).useState.mockClear is not a function
    at Object.mockClear (D:\BlogPro\client\src\plugins\texteditor\__tests__\hooks\useComments.test.ts:66:51)
    at Promise.finally.completed (C:\Users\New\AppData\Local\npm-cache\_npx\b8d86e6551a4f492\node_modules\jest-circus\build\jestAdapterInit.js:1559:28)
    at new Promise (&lt;anonymous&gt;)
    at callAsyncCircusFn (C:\Users\New\AppData\Local\npm-cache\_npx\b8d86e6551a4f492\node_modules\jest-circus\build\jestAdapterInit.js:1499:10)
    at _callCircusHook (C:\Users\New\AppData\Local\npm-cache\_npx\b8d86e6551a4f492\node_modules\jest-circus\build\jestAdapterInit.js:978:40)
    at processTicksAndRejections (node:internal/process/task_queues:95:5)
    at _runTest (C:\Users\New\AppData\Local\npm-cache\_npx\b8d86e6551a4f492\node_modules\jest-circus\build\jestAdapterInit.js:943:5)
    at _runTestsForDescribeBlock (C:\Users\New\AppData\Local\npm-cache\_npx\b8d86e6551a4f492\node_modules\jest-circus\build\jestAdapterInit.js:839:13)
    at _runTestsForDescribeBlock (C:\Users\New\AppData\Local\npm-cache\_npx\b8d86e6551a4f492\node_modules\jest-circus\build\jestAdapterInit.js:829:11)
    at _runTestsForDescribeBlock (C:\Users\New\AppData\Local\npm-cache\_npx\b8d86e6551a4f492\node_modules\jest-circus\build\jestAdapterInit.js:829:11)
    at run (C:\Users\New\AppData\Local\npm-cache\_npx\b8d86e6551a4f492\node_modules\jest-circus\build\jestAdapterInit.js:757:3)
    at runAndTransformResultsToJestFormat (C:\Users\New\AppData\Local\npm-cache\_npx\b8d86e6551a4f492\node_modules\jest-circus\build\jestAdapterInit.js:1920:21)
    at jestAdapter (C:\Users\New\AppData\Local\npm-cache\_npx\b8d86e6551a4f492\node_modules\jest-circus\build\runner.js:101:19)
    at runTestInternal (C:\Users\New\AppData\Local\npm-cache\_npx\b8d86e6551a4f492\node_modules\jest-runner\build\testWorker.js:275:16)
    at runTest (C:\Users\New\AppData\Local\npm-cache\_npx\b8d86e6551a4f492\node_modules\jest-runner\build\testWorker.js:343:7)
    at Object.worker (C:\Users\New\AppData\Local\npm-cache\_npx\b8d86e6551a4f492\node_modules\jest-runner\build\testWorker.js:497:12)</failure>
    </testcase>
    <testcase classname="useComments Hook Comment Management deletes a reply" name="useComments Hook Comment Management deletes a reply" time="0.001">
      <failure>TypeError: jest.requireActual(...).useState.mockClear is not a function
    at Object.mockClear (D:\BlogPro\client\src\plugins\texteditor\__tests__\hooks\useComments.test.ts:66:51)
    at Promise.finally.completed (C:\Users\New\AppData\Local\npm-cache\_npx\b8d86e6551a4f492\node_modules\jest-circus\build\jestAdapterInit.js:1559:28)
    at new Promise (&lt;anonymous&gt;)
    at callAsyncCircusFn (C:\Users\New\AppData\Local\npm-cache\_npx\b8d86e6551a4f492\node_modules\jest-circus\build\jestAdapterInit.js:1499:10)
    at _callCircusHook (C:\Users\New\AppData\Local\npm-cache\_npx\b8d86e6551a4f492\node_modules\jest-circus\build\jestAdapterInit.js:978:40)
    at processTicksAndRejections (node:internal/process/task_queues:95:5)
    at _runTest (C:\Users\New\AppData\Local\npm-cache\_npx\b8d86e6551a4f492\node_modules\jest-circus\build\jestAdapterInit.js:943:5)
    at _runTestsForDescribeBlock (C:\Users\New\AppData\Local\npm-cache\_npx\b8d86e6551a4f492\node_modules\jest-circus\build\jestAdapterInit.js:839:13)
    at _runTestsForDescribeBlock (C:\Users\New\AppData\Local\npm-cache\_npx\b8d86e6551a4f492\node_modules\jest-circus\build\jestAdapterInit.js:829:11)
    at _runTestsForDescribeBlock (C:\Users\New\AppData\Local\npm-cache\_npx\b8d86e6551a4f492\node_modules\jest-circus\build\jestAdapterInit.js:829:11)
    at run (C:\Users\New\AppData\Local\npm-cache\_npx\b8d86e6551a4f492\node_modules\jest-circus\build\jestAdapterInit.js:757:3)
    at runAndTransformResultsToJestFormat (C:\Users\New\AppData\Local\npm-cache\_npx\b8d86e6551a4f492\node_modules\jest-circus\build\jestAdapterInit.js:1920:21)
    at jestAdapter (C:\Users\New\AppData\Local\npm-cache\_npx\b8d86e6551a4f492\node_modules\jest-circus\build\runner.js:101:19)
    at runTestInternal (C:\Users\New\AppData\Local\npm-cache\_npx\b8d86e6551a4f492\node_modules\jest-runner\build\testWorker.js:275:16)
    at runTest (C:\Users\New\AppData\Local\npm-cache\_npx\b8d86e6551a4f492\node_modules\jest-runner\build\testWorker.js:343:7)
    at Object.worker (C:\Users\New\AppData\Local\npm-cache\_npx\b8d86e6551a4f492\node_modules\jest-runner\build\testWorker.js:497:12)</failure>
    </testcase>
    <testcase classname="useComments Hook Comment Selection sets active comment" name="useComments Hook Comment Selection sets active comment" time="0.001">
      <failure>TypeError: jest.requireActual(...).useState.mockClear is not a function
    at Object.mockClear (D:\BlogPro\client\src\plugins\texteditor\__tests__\hooks\useComments.test.ts:66:51)
    at Promise.finally.completed (C:\Users\New\AppData\Local\npm-cache\_npx\b8d86e6551a4f492\node_modules\jest-circus\build\jestAdapterInit.js:1559:28)
    at new Promise (&lt;anonymous&gt;)
    at callAsyncCircusFn (C:\Users\New\AppData\Local\npm-cache\_npx\b8d86e6551a4f492\node_modules\jest-circus\build\jestAdapterInit.js:1499:10)
    at _callCircusHook (C:\Users\New\AppData\Local\npm-cache\_npx\b8d86e6551a4f492\node_modules\jest-circus\build\jestAdapterInit.js:978:40)
    at processTicksAndRejections (node:internal/process/task_queues:95:5)
    at _runTest (C:\Users\New\AppData\Local\npm-cache\_npx\b8d86e6551a4f492\node_modules\jest-circus\build\jestAdapterInit.js:943:5)
    at _runTestsForDescribeBlock (C:\Users\New\AppData\Local\npm-cache\_npx\b8d86e6551a4f492\node_modules\jest-circus\build\jestAdapterInit.js:839:13)
    at _runTestsForDescribeBlock (C:\Users\New\AppData\Local\npm-cache\_npx\b8d86e6551a4f492\node_modules\jest-circus\build\jestAdapterInit.js:829:11)
    at _runTestsForDescribeBlock (C:\Users\New\AppData\Local\npm-cache\_npx\b8d86e6551a4f492\node_modules\jest-circus\build\jestAdapterInit.js:829:11)
    at run (C:\Users\New\AppData\Local\npm-cache\_npx\b8d86e6551a4f492\node_modules\jest-circus\build\jestAdapterInit.js:757:3)
    at runAndTransformResultsToJestFormat (C:\Users\New\AppData\Local\npm-cache\_npx\b8d86e6551a4f492\node_modules\jest-circus\build\jestAdapterInit.js:1920:21)
    at jestAdapter (C:\Users\New\AppData\Local\npm-cache\_npx\b8d86e6551a4f492\node_modules\jest-circus\build\runner.js:101:19)
    at runTestInternal (C:\Users\New\AppData\Local\npm-cache\_npx\b8d86e6551a4f492\node_modules\jest-runner\build\testWorker.js:275:16)
    at runTest (C:\Users\New\AppData\Local\npm-cache\_npx\b8d86e6551a4f492\node_modules\jest-runner\build\testWorker.js:343:7)
    at Object.worker (C:\Users\New\AppData\Local\npm-cache\_npx\b8d86e6551a4f492\node_modules\jest-runner\build\testWorker.js:497:12)</failure>
    </testcase>
    <testcase classname="useComments Hook Comment Selection sets selected range" name="useComments Hook Comment Selection sets selected range" time="0.001">
      <failure>TypeError: jest.requireActual(...).useState.mockClear is not a function
    at Object.mockClear (D:\BlogPro\client\src\plugins\texteditor\__tests__\hooks\useComments.test.ts:66:51)
    at Promise.finally.completed (C:\Users\New\AppData\Local\npm-cache\_npx\b8d86e6551a4f492\node_modules\jest-circus\build\jestAdapterInit.js:1559:28)
    at new Promise (&lt;anonymous&gt;)
    at callAsyncCircusFn (C:\Users\New\AppData\Local\npm-cache\_npx\b8d86e6551a4f492\node_modules\jest-circus\build\jestAdapterInit.js:1499:10)
    at _callCircusHook (C:\Users\New\AppData\Local\npm-cache\_npx\b8d86e6551a4f492\node_modules\jest-circus\build\jestAdapterInit.js:978:40)
    at processTicksAndRejections (node:internal/process/task_queues:95:5)
    at _runTest (C:\Users\New\AppData\Local\npm-cache\_npx\b8d86e6551a4f492\node_modules\jest-circus\build\jestAdapterInit.js:943:5)
    at _runTestsForDescribeBlock (C:\Users\New\AppData\Local\npm-cache\_npx\b8d86e6551a4f492\node_modules\jest-circus\build\jestAdapterInit.js:839:13)
    at _runTestsForDescribeBlock (C:\Users\New\AppData\Local\npm-cache\_npx\b8d86e6551a4f492\node_modules\jest-circus\build\jestAdapterInit.js:829:11)
    at _runTestsForDescribeBlock (C:\Users\New\AppData\Local\npm-cache\_npx\b8d86e6551a4f492\node_modules\jest-circus\build\jestAdapterInit.js:829:11)
    at run (C:\Users\New\AppData\Local\npm-cache\_npx\b8d86e6551a4f492\node_modules\jest-circus\build\jestAdapterInit.js:757:3)
    at runAndTransformResultsToJestFormat (C:\Users\New\AppData\Local\npm-cache\_npx\b8d86e6551a4f492\node_modules\jest-circus\build\jestAdapterInit.js:1920:21)
    at jestAdapter (C:\Users\New\AppData\Local\npm-cache\_npx\b8d86e6551a4f492\node_modules\jest-circus\build\runner.js:101:19)
    at runTestInternal (C:\Users\New\AppData\Local\npm-cache\_npx\b8d86e6551a4f492\node_modules\jest-runner\build\testWorker.js:275:16)
    at runTest (C:\Users\New\AppData\Local\npm-cache\_npx\b8d86e6551a4f492\node_modules\jest-runner\build\testWorker.js:343:7)
    at Object.worker (C:\Users\New\AppData\Local\npm-cache\_npx\b8d86e6551a4f492\node_modules\jest-runner\build\testWorker.js:497:12)</failure>
    </testcase>
  </testsuite>
  <testsuite name="useRevisions hook" errors="0" failures="12" skipped="0" timestamp="2025-07-23T23:39:44" time="2.388" tests="12">
    <testcase classname="useRevisions hook initializes with empty revisions" name="useRevisions hook initializes with empty revisions" time="0.011">
      <failure>Error: Property `now` does not exist in the provided object
    at ModuleMocker.spyOn (D:\BlogPro\node_modules\jest-mock\build\index.js:593:13)
    at Object.spyOn (D:\BlogPro\client\src\plugins\texteditor\__tests__\useRevisions.test.ts:53:10)
    at Promise.finally.completed (C:\Users\New\AppData\Local\npm-cache\_npx\b8d86e6551a4f492\node_modules\jest-circus\build\jestAdapterInit.js:1559:28)
    at new Promise (&lt;anonymous&gt;)
    at callAsyncCircusFn (C:\Users\New\AppData\Local\npm-cache\_npx\b8d86e6551a4f492\node_modules\jest-circus\build\jestAdapterInit.js:1499:10)
    at _callCircusHook (C:\Users\New\AppData\Local\npm-cache\_npx\b8d86e6551a4f492\node_modules\jest-circus\build\jestAdapterInit.js:978:40)
    at processTicksAndRejections (node:internal/process/task_queues:95:5)
    at _runTest (C:\Users\New\AppData\Local\npm-cache\_npx\b8d86e6551a4f492\node_modules\jest-circus\build\jestAdapterInit.js:943:5)
    at _runTestsForDescribeBlock (C:\Users\New\AppData\Local\npm-cache\_npx\b8d86e6551a4f492\node_modules\jest-circus\build\jestAdapterInit.js:839:13)
    at _runTestsForDescribeBlock (C:\Users\New\AppData\Local\npm-cache\_npx\b8d86e6551a4f492\node_modules\jest-circus\build\jestAdapterInit.js:829:11)
    at run (C:\Users\New\AppData\Local\npm-cache\_npx\b8d86e6551a4f492\node_modules\jest-circus\build\jestAdapterInit.js:757:3)
    at runAndTransformResultsToJestFormat (C:\Users\New\AppData\Local\npm-cache\_npx\b8d86e6551a4f492\node_modules\jest-circus\build\jestAdapterInit.js:1920:21)
    at jestAdapter (C:\Users\New\AppData\Local\npm-cache\_npx\b8d86e6551a4f492\node_modules\jest-circus\build\runner.js:101:19)
    at runTestInternal (C:\Users\New\AppData\Local\npm-cache\_npx\b8d86e6551a4f492\node_modules\jest-runner\build\testWorker.js:275:16)
    at runTest (C:\Users\New\AppData\Local\npm-cache\_npx\b8d86e6551a4f492\node_modules\jest-runner\build\testWorker.js:343:7)
    at Object.worker (C:\Users\New\AppData\Local\npm-cache\_npx\b8d86e6551a4f492\node_modules\jest-runner\build\testWorker.js:497:12)</failure>
    </testcase>
    <testcase classname="useRevisions hook creates a revision" name="useRevisions hook creates a revision" time="0.001">
      <failure>Error: Property `now` does not exist in the provided object
    at ModuleMocker.spyOn (D:\BlogPro\node_modules\jest-mock\build\index.js:593:13)
    at Object.spyOn (D:\BlogPro\client\src\plugins\texteditor\__tests__\useRevisions.test.ts:53:10)
    at Promise.finally.completed (C:\Users\New\AppData\Local\npm-cache\_npx\b8d86e6551a4f492\node_modules\jest-circus\build\jestAdapterInit.js:1559:28)
    at new Promise (&lt;anonymous&gt;)
    at callAsyncCircusFn (C:\Users\New\AppData\Local\npm-cache\_npx\b8d86e6551a4f492\node_modules\jest-circus\build\jestAdapterInit.js:1499:10)
    at _callCircusHook (C:\Users\New\AppData\Local\npm-cache\_npx\b8d86e6551a4f492\node_modules\jest-circus\build\jestAdapterInit.js:978:40)
    at processTicksAndRejections (node:internal/process/task_queues:95:5)
    at _runTest (C:\Users\New\AppData\Local\npm-cache\_npx\b8d86e6551a4f492\node_modules\jest-circus\build\jestAdapterInit.js:943:5)
    at _runTestsForDescribeBlock (C:\Users\New\AppData\Local\npm-cache\_npx\b8d86e6551a4f492\node_modules\jest-circus\build\jestAdapterInit.js:839:13)
    at _runTestsForDescribeBlock (C:\Users\New\AppData\Local\npm-cache\_npx\b8d86e6551a4f492\node_modules\jest-circus\build\jestAdapterInit.js:829:11)
    at run (C:\Users\New\AppData\Local\npm-cache\_npx\b8d86e6551a4f492\node_modules\jest-circus\build\jestAdapterInit.js:757:3)
    at runAndTransformResultsToJestFormat (C:\Users\New\AppData\Local\npm-cache\_npx\b8d86e6551a4f492\node_modules\jest-circus\build\jestAdapterInit.js:1920:21)
    at jestAdapter (C:\Users\New\AppData\Local\npm-cache\_npx\b8d86e6551a4f492\node_modules\jest-circus\build\runner.js:101:19)
    at runTestInternal (C:\Users\New\AppData\Local\npm-cache\_npx\b8d86e6551a4f492\node_modules\jest-runner\build\testWorker.js:275:16)
    at runTest (C:\Users\New\AppData\Local\npm-cache\_npx\b8d86e6551a4f492\node_modules\jest-runner\build\testWorker.js:343:7)
    at Object.worker (C:\Users\New\AppData\Local\npm-cache\_npx\b8d86e6551a4f492\node_modules\jest-runner\build\testWorker.js:497:12)</failure>
    </testcase>
    <testcase classname="useRevisions hook creates multiple revisions" name="useRevisions hook creates multiple revisions" time="0.001">
      <failure>Error: Property `now` does not exist in the provided object
    at ModuleMocker.spyOn (D:\BlogPro\node_modules\jest-mock\build\index.js:593:13)
    at Object.spyOn (D:\BlogPro\client\src\plugins\texteditor\__tests__\useRevisions.test.ts:53:10)
    at Promise.finally.completed (C:\Users\New\AppData\Local\npm-cache\_npx\b8d86e6551a4f492\node_modules\jest-circus\build\jestAdapterInit.js:1559:28)
    at new Promise (&lt;anonymous&gt;)
    at callAsyncCircusFn (C:\Users\New\AppData\Local\npm-cache\_npx\b8d86e6551a4f492\node_modules\jest-circus\build\jestAdapterInit.js:1499:10)
    at _callCircusHook (C:\Users\New\AppData\Local\npm-cache\_npx\b8d86e6551a4f492\node_modules\jest-circus\build\jestAdapterInit.js:978:40)
    at processTicksAndRejections (node:internal/process/task_queues:95:5)
    at _runTest (C:\Users\New\AppData\Local\npm-cache\_npx\b8d86e6551a4f492\node_modules\jest-circus\build\jestAdapterInit.js:943:5)
    at _runTestsForDescribeBlock (C:\Users\New\AppData\Local\npm-cache\_npx\b8d86e6551a4f492\node_modules\jest-circus\build\jestAdapterInit.js:839:13)
    at _runTestsForDescribeBlock (C:\Users\New\AppData\Local\npm-cache\_npx\b8d86e6551a4f492\node_modules\jest-circus\build\jestAdapterInit.js:829:11)
    at run (C:\Users\New\AppData\Local\npm-cache\_npx\b8d86e6551a4f492\node_modules\jest-circus\build\jestAdapterInit.js:757:3)
    at runAndTransformResultsToJestFormat (C:\Users\New\AppData\Local\npm-cache\_npx\b8d86e6551a4f492\node_modules\jest-circus\build\jestAdapterInit.js:1920:21)
    at jestAdapter (C:\Users\New\AppData\Local\npm-cache\_npx\b8d86e6551a4f492\node_modules\jest-circus\build\runner.js:101:19)
    at runTestInternal (C:\Users\New\AppData\Local\npm-cache\_npx\b8d86e6551a4f492\node_modules\jest-runner\build\testWorker.js:275:16)
    at runTest (C:\Users\New\AppData\Local\npm-cache\_npx\b8d86e6551a4f492\node_modules\jest-runner\build\testWorker.js:343:7)
    at Object.worker (C:\Users\New\AppData\Local\npm-cache\_npx\b8d86e6551a4f492\node_modules\jest-runner\build\testWorker.js:497:12)</failure>
    </testcase>
    <testcase classname="useRevisions hook views a revision" name="useRevisions hook views a revision" time="0">
      <failure>Error: Property `now` does not exist in the provided object
    at ModuleMocker.spyOn (D:\BlogPro\node_modules\jest-mock\build\index.js:593:13)
    at Object.spyOn (D:\BlogPro\client\src\plugins\texteditor\__tests__\useRevisions.test.ts:53:10)
    at Promise.finally.completed (C:\Users\New\AppData\Local\npm-cache\_npx\b8d86e6551a4f492\node_modules\jest-circus\build\jestAdapterInit.js:1559:28)
    at new Promise (&lt;anonymous&gt;)
    at callAsyncCircusFn (C:\Users\New\AppData\Local\npm-cache\_npx\b8d86e6551a4f492\node_modules\jest-circus\build\jestAdapterInit.js:1499:10)
    at _callCircusHook (C:\Users\New\AppData\Local\npm-cache\_npx\b8d86e6551a4f492\node_modules\jest-circus\build\jestAdapterInit.js:978:40)
    at processTicksAndRejections (node:internal/process/task_queues:95:5)
    at _runTest (C:\Users\New\AppData\Local\npm-cache\_npx\b8d86e6551a4f492\node_modules\jest-circus\build\jestAdapterInit.js:943:5)
    at _runTestsForDescribeBlock (C:\Users\New\AppData\Local\npm-cache\_npx\b8d86e6551a4f492\node_modules\jest-circus\build\jestAdapterInit.js:839:13)
    at _runTestsForDescribeBlock (C:\Users\New\AppData\Local\npm-cache\_npx\b8d86e6551a4f492\node_modules\jest-circus\build\jestAdapterInit.js:829:11)
    at run (C:\Users\New\AppData\Local\npm-cache\_npx\b8d86e6551a4f492\node_modules\jest-circus\build\jestAdapterInit.js:757:3)
    at runAndTransformResultsToJestFormat (C:\Users\New\AppData\Local\npm-cache\_npx\b8d86e6551a4f492\node_modules\jest-circus\build\jestAdapterInit.js:1920:21)
    at jestAdapter (C:\Users\New\AppData\Local\npm-cache\_npx\b8d86e6551a4f492\node_modules\jest-circus\build\runner.js:101:19)
    at runTestInternal (C:\Users\New\AppData\Local\npm-cache\_npx\b8d86e6551a4f492\node_modules\jest-runner\build\testWorker.js:275:16)
    at runTest (C:\Users\New\AppData\Local\npm-cache\_npx\b8d86e6551a4f492\node_modules\jest-runner\build\testWorker.js:343:7)
    at Object.worker (C:\Users\New\AppData\Local\npm-cache\_npx\b8d86e6551a4f492\node_modules\jest-runner\build\testWorker.js:497:12)</failure>
    </testcase>
    <testcase classname="useRevisions hook does nothing when viewing a non-existent revision" name="useRevisions hook does nothing when viewing a non-existent revision" time="0.001">
      <failure>Error: Property `now` does not exist in the provided object
    at ModuleMocker.spyOn (D:\BlogPro\node_modules\jest-mock\build\index.js:593:13)
    at Object.spyOn (D:\BlogPro\client\src\plugins\texteditor\__tests__\useRevisions.test.ts:53:10)
    at Promise.finally.completed (C:\Users\New\AppData\Local\npm-cache\_npx\b8d86e6551a4f492\node_modules\jest-circus\build\jestAdapterInit.js:1559:28)
    at new Promise (&lt;anonymous&gt;)
    at callAsyncCircusFn (C:\Users\New\AppData\Local\npm-cache\_npx\b8d86e6551a4f492\node_modules\jest-circus\build\jestAdapterInit.js:1499:10)
    at _callCircusHook (C:\Users\New\AppData\Local\npm-cache\_npx\b8d86e6551a4f492\node_modules\jest-circus\build\jestAdapterInit.js:978:40)
    at processTicksAndRejections (node:internal/process/task_queues:95:5)
    at _runTest (C:\Users\New\AppData\Local\npm-cache\_npx\b8d86e6551a4f492\node_modules\jest-circus\build\jestAdapterInit.js:943:5)
    at _runTestsForDescribeBlock (C:\Users\New\AppData\Local\npm-cache\_npx\b8d86e6551a4f492\node_modules\jest-circus\build\jestAdapterInit.js:839:13)
    at _runTestsForDescribeBlock (C:\Users\New\AppData\Local\npm-cache\_npx\b8d86e6551a4f492\node_modules\jest-circus\build\jestAdapterInit.js:829:11)
    at run (C:\Users\New\AppData\Local\npm-cache\_npx\b8d86e6551a4f492\node_modules\jest-circus\build\jestAdapterInit.js:757:3)
    at runAndTransformResultsToJestFormat (C:\Users\New\AppData\Local\npm-cache\_npx\b8d86e6551a4f492\node_modules\jest-circus\build\jestAdapterInit.js:1920:21)
    at jestAdapter (C:\Users\New\AppData\Local\npm-cache\_npx\b8d86e6551a4f492\node_modules\jest-circus\build\runner.js:101:19)
    at runTestInternal (C:\Users\New\AppData\Local\npm-cache\_npx\b8d86e6551a4f492\node_modules\jest-runner\build\testWorker.js:275:16)
    at runTest (C:\Users\New\AppData\Local\npm-cache\_npx\b8d86e6551a4f492\node_modules\jest-runner\build\testWorker.js:343:7)
    at Object.worker (C:\Users\New\AppData\Local\npm-cache\_npx\b8d86e6551a4f492\node_modules\jest-runner\build\testWorker.js:497:12)</failure>
    </testcase>
    <testcase classname="useRevisions hook restores a revision" name="useRevisions hook restores a revision" time="0.001">
      <failure>Error: Property `now` does not exist in the provided object
    at ModuleMocker.spyOn (D:\BlogPro\node_modules\jest-mock\build\index.js:593:13)
    at Object.spyOn (D:\BlogPro\client\src\plugins\texteditor\__tests__\useRevisions.test.ts:53:10)
    at Promise.finally.completed (C:\Users\New\AppData\Local\npm-cache\_npx\b8d86e6551a4f492\node_modules\jest-circus\build\jestAdapterInit.js:1559:28)
    at new Promise (&lt;anonymous&gt;)
    at callAsyncCircusFn (C:\Users\New\AppData\Local\npm-cache\_npx\b8d86e6551a4f492\node_modules\jest-circus\build\jestAdapterInit.js:1499:10)
    at _callCircusHook (C:\Users\New\AppData\Local\npm-cache\_npx\b8d86e6551a4f492\node_modules\jest-circus\build\jestAdapterInit.js:978:40)
    at processTicksAndRejections (node:internal/process/task_queues:95:5)
    at _runTest (C:\Users\New\AppData\Local\npm-cache\_npx\b8d86e6551a4f492\node_modules\jest-circus\build\jestAdapterInit.js:943:5)
    at _runTestsForDescribeBlock (C:\Users\New\AppData\Local\npm-cache\_npx\b8d86e6551a4f492\node_modules\jest-circus\build\jestAdapterInit.js:839:13)
    at _runTestsForDescribeBlock (C:\Users\New\AppData\Local\npm-cache\_npx\b8d86e6551a4f492\node_modules\jest-circus\build\jestAdapterInit.js:829:11)
    at run (C:\Users\New\AppData\Local\npm-cache\_npx\b8d86e6551a4f492\node_modules\jest-circus\build\jestAdapterInit.js:757:3)
    at runAndTransformResultsToJestFormat (C:\Users\New\AppData\Local\npm-cache\_npx\b8d86e6551a4f492\node_modules\jest-circus\build\jestAdapterInit.js:1920:21)
    at jestAdapter (C:\Users\New\AppData\Local\npm-cache\_npx\b8d86e6551a4f492\node_modules\jest-circus\build\runner.js:101:19)
    at runTestInternal (C:\Users\New\AppData\Local\npm-cache\_npx\b8d86e6551a4f492\node_modules\jest-runner\build\testWorker.js:275:16)
    at runTest (C:\Users\New\AppData\Local\npm-cache\_npx\b8d86e6551a4f492\node_modules\jest-runner\build\testWorker.js:343:7)
    at Object.worker (C:\Users\New\AppData\Local\npm-cache\_npx\b8d86e6551a4f492\node_modules\jest-runner\build\testWorker.js:497:12)</failure>
    </testcase>
    <testcase classname="useRevisions hook exits revision view" name="useRevisions hook exits revision view" time="0">
      <failure>Error: Property `now` does not exist in the provided object
    at ModuleMocker.spyOn (D:\BlogPro\node_modules\jest-mock\build\index.js:593:13)
    at Object.spyOn (D:\BlogPro\client\src\plugins\texteditor\__tests__\useRevisions.test.ts:53:10)
    at Promise.finally.completed (C:\Users\New\AppData\Local\npm-cache\_npx\b8d86e6551a4f492\node_modules\jest-circus\build\jestAdapterInit.js:1559:28)
    at new Promise (&lt;anonymous&gt;)
    at callAsyncCircusFn (C:\Users\New\AppData\Local\npm-cache\_npx\b8d86e6551a4f492\node_modules\jest-circus\build\jestAdapterInit.js:1499:10)
    at _callCircusHook (C:\Users\New\AppData\Local\npm-cache\_npx\b8d86e6551a4f492\node_modules\jest-circus\build\jestAdapterInit.js:978:40)
    at processTicksAndRejections (node:internal/process/task_queues:95:5)
    at _runTest (C:\Users\New\AppData\Local\npm-cache\_npx\b8d86e6551a4f492\node_modules\jest-circus\build\jestAdapterInit.js:943:5)
    at _runTestsForDescribeBlock (C:\Users\New\AppData\Local\npm-cache\_npx\b8d86e6551a4f492\node_modules\jest-circus\build\jestAdapterInit.js:839:13)
    at _runTestsForDescribeBlock (C:\Users\New\AppData\Local\npm-cache\_npx\b8d86e6551a4f492\node_modules\jest-circus\build\jestAdapterInit.js:829:11)
    at run (C:\Users\New\AppData\Local\npm-cache\_npx\b8d86e6551a4f492\node_modules\jest-circus\build\jestAdapterInit.js:757:3)
    at runAndTransformResultsToJestFormat (C:\Users\New\AppData\Local\npm-cache\_npx\b8d86e6551a4f492\node_modules\jest-circus\build\jestAdapterInit.js:1920:21)
    at jestAdapter (C:\Users\New\AppData\Local\npm-cache\_npx\b8d86e6551a4f492\node_modules\jest-circus\build\runner.js:101:19)
    at runTestInternal (C:\Users\New\AppData\Local\npm-cache\_npx\b8d86e6551a4f492\node_modules\jest-runner\build\testWorker.js:275:16)
    at runTest (C:\Users\New\AppData\Local\npm-cache\_npx\b8d86e6551a4f492\node_modules\jest-runner\build\testWorker.js:343:7)
    at Object.worker (C:\Users\New\AppData\Local\npm-cache\_npx\b8d86e6551a4f492\node_modules\jest-runner\build\testWorker.js:497:12)</failure>
    </testcase>
    <testcase classname="useRevisions hook handles exit revision view when there are no revisions" name="useRevisions hook handles exit revision view when there are no revisions" time="0.001">
      <failure>Error: Property `now` does not exist in the provided object
    at ModuleMocker.spyOn (D:\BlogPro\node_modules\jest-mock\build\index.js:593:13)
    at Object.spyOn (D:\BlogPro\client\src\plugins\texteditor\__tests__\useRevisions.test.ts:53:10)
    at Promise.finally.completed (C:\Users\New\AppData\Local\npm-cache\_npx\b8d86e6551a4f492\node_modules\jest-circus\build\jestAdapterInit.js:1559:28)
    at new Promise (&lt;anonymous&gt;)
    at callAsyncCircusFn (C:\Users\New\AppData\Local\npm-cache\_npx\b8d86e6551a4f492\node_modules\jest-circus\build\jestAdapterInit.js:1499:10)
    at _callCircusHook (C:\Users\New\AppData\Local\npm-cache\_npx\b8d86e6551a4f492\node_modules\jest-circus\build\jestAdapterInit.js:978:40)
    at processTicksAndRejections (node:internal/process/task_queues:95:5)
    at _runTest (C:\Users\New\AppData\Local\npm-cache\_npx\b8d86e6551a4f492\node_modules\jest-circus\build\jestAdapterInit.js:943:5)
    at _runTestsForDescribeBlock (C:\Users\New\AppData\Local\npm-cache\_npx\b8d86e6551a4f492\node_modules\jest-circus\build\jestAdapterInit.js:839:13)
    at _runTestsForDescribeBlock (C:\Users\New\AppData\Local\npm-cache\_npx\b8d86e6551a4f492\node_modules\jest-circus\build\jestAdapterInit.js:829:11)
    at run (C:\Users\New\AppData\Local\npm-cache\_npx\b8d86e6551a4f492\node_modules\jest-circus\build\jestAdapterInit.js:757:3)
    at runAndTransformResultsToJestFormat (C:\Users\New\AppData\Local\npm-cache\_npx\b8d86e6551a4f492\node_modules\jest-circus\build\jestAdapterInit.js:1920:21)
    at jestAdapter (C:\Users\New\AppData\Local\npm-cache\_npx\b8d86e6551a4f492\node_modules\jest-circus\build\runner.js:101:19)
    at runTestInternal (C:\Users\New\AppData\Local\npm-cache\_npx\b8d86e6551a4f492\node_modules\jest-runner\build\testWorker.js:275:16)
    at runTest (C:\Users\New\AppData\Local\npm-cache\_npx\b8d86e6551a4f492\node_modules\jest-runner\build\testWorker.js:343:7)
    at Object.worker (C:\Users\New\AppData\Local\npm-cache\_npx\b8d86e6551a4f492\node_modules\jest-runner\build\testWorker.js:497:12)</failure>
    </testcase>
    <testcase classname="useRevisions hook checks for auto revision" name="useRevisions hook checks for auto revision" time="0.001">
      <failure>Error: Property `now` does not exist in the provided object
    at ModuleMocker.spyOn (D:\BlogPro\node_modules\jest-mock\build\index.js:593:13)
    at Object.spyOn (D:\BlogPro\client\src\plugins\texteditor\__tests__\useRevisions.test.ts:53:10)
    at Promise.finally.completed (C:\Users\New\AppData\Local\npm-cache\_npx\b8d86e6551a4f492\node_modules\jest-circus\build\jestAdapterInit.js:1559:28)
    at new Promise (&lt;anonymous&gt;)
    at callAsyncCircusFn (C:\Users\New\AppData\Local\npm-cache\_npx\b8d86e6551a4f492\node_modules\jest-circus\build\jestAdapterInit.js:1499:10)
    at _callCircusHook (C:\Users\New\AppData\Local\npm-cache\_npx\b8d86e6551a4f492\node_modules\jest-circus\build\jestAdapterInit.js:978:40)
    at processTicksAndRejections (node:internal/process/task_queues:95:5)
    at _runTest (C:\Users\New\AppData\Local\npm-cache\_npx\b8d86e6551a4f492\node_modules\jest-circus\build\jestAdapterInit.js:943:5)
    at _runTestsForDescribeBlock (C:\Users\New\AppData\Local\npm-cache\_npx\b8d86e6551a4f492\node_modules\jest-circus\build\jestAdapterInit.js:839:13)
    at _runTestsForDescribeBlock (C:\Users\New\AppData\Local\npm-cache\_npx\b8d86e6551a4f492\node_modules\jest-circus\build\jestAdapterInit.js:829:11)
    at run (C:\Users\New\AppData\Local\npm-cache\_npx\b8d86e6551a4f492\node_modules\jest-circus\build\jestAdapterInit.js:757:3)
    at runAndTransformResultsToJestFormat (C:\Users\New\AppData\Local\npm-cache\_npx\b8d86e6551a4f492\node_modules\jest-circus\build\jestAdapterInit.js:1920:21)
    at jestAdapter (C:\Users\New\AppData\Local\npm-cache\_npx\b8d86e6551a4f492\node_modules\jest-circus\build\runner.js:101:19)
    at runTestInternal (C:\Users\New\AppData\Local\npm-cache\_npx\b8d86e6551a4f492\node_modules\jest-runner\build\testWorker.js:275:16)
    at runTest (C:\Users\New\AppData\Local\npm-cache\_npx\b8d86e6551a4f492\node_modules\jest-runner\build\testWorker.js:343:7)
    at Object.worker (C:\Users\New\AppData\Local\npm-cache\_npx\b8d86e6551a4f492\node_modules\jest-runner\build\testWorker.js:497:12)</failure>
    </testcase>
    <testcase classname="useRevisions hook does not create auto revision if time interval has not passed" name="useRevisions hook does not create auto revision if time interval has not passed" time="0.001">
      <failure>Error: Property `now` does not exist in the provided object
    at ModuleMocker.spyOn (D:\BlogPro\node_modules\jest-mock\build\index.js:593:13)
    at Object.spyOn (D:\BlogPro\client\src\plugins\texteditor\__tests__\useRevisions.test.ts:53:10)
    at Promise.finally.completed (C:\Users\New\AppData\Local\npm-cache\_npx\b8d86e6551a4f492\node_modules\jest-circus\build\jestAdapterInit.js:1559:28)
    at new Promise (&lt;anonymous&gt;)
    at callAsyncCircusFn (C:\Users\New\AppData\Local\npm-cache\_npx\b8d86e6551a4f492\node_modules\jest-circus\build\jestAdapterInit.js:1499:10)
    at _callCircusHook (C:\Users\New\AppData\Local\npm-cache\_npx\b8d86e6551a4f492\node_modules\jest-circus\build\jestAdapterInit.js:978:40)
    at processTicksAndRejections (node:internal/process/task_queues:95:5)
    at _runTest (C:\Users\New\AppData\Local\npm-cache\_npx\b8d86e6551a4f492\node_modules\jest-circus\build\jestAdapterInit.js:943:5)
    at _runTestsForDescribeBlock (C:\Users\New\AppData\Local\npm-cache\_npx\b8d86e6551a4f492\node_modules\jest-circus\build\jestAdapterInit.js:839:13)
    at _runTestsForDescribeBlock (C:\Users\New\AppData\Local\npm-cache\_npx\b8d86e6551a4f492\node_modules\jest-circus\build\jestAdapterInit.js:829:11)
    at run (C:\Users\New\AppData\Local\npm-cache\_npx\b8d86e6551a4f492\node_modules\jest-circus\build\jestAdapterInit.js:757:3)
    at runAndTransformResultsToJestFormat (C:\Users\New\AppData\Local\npm-cache\_npx\b8d86e6551a4f492\node_modules\jest-circus\build\jestAdapterInit.js:1920:21)
    at jestAdapter (C:\Users\New\AppData\Local\npm-cache\_npx\b8d86e6551a4f492\node_modules\jest-circus\build\runner.js:101:19)
    at runTestInternal (C:\Users\New\AppData\Local\npm-cache\_npx\b8d86e6551a4f492\node_modules\jest-runner\build\testWorker.js:275:16)
    at runTest (C:\Users\New\AppData\Local\npm-cache\_npx\b8d86e6551a4f492\node_modules\jest-runner\build\testWorker.js:343:7)
    at Object.worker (C:\Users\New\AppData\Local\npm-cache\_npx\b8d86e6551a4f492\node_modules\jest-runner\build\testWorker.js:497:12)</failure>
    </testcase>
    <testcase classname="useRevisions hook sets content correctly" name="useRevisions hook sets content correctly" time="0">
      <failure>Error: Property `now` does not exist in the provided object
    at ModuleMocker.spyOn (D:\BlogPro\node_modules\jest-mock\build\index.js:593:13)
    at Object.spyOn (D:\BlogPro\client\src\plugins\texteditor\__tests__\useRevisions.test.ts:53:10)
    at Promise.finally.completed (C:\Users\New\AppData\Local\npm-cache\_npx\b8d86e6551a4f492\node_modules\jest-circus\build\jestAdapterInit.js:1559:28)
    at new Promise (&lt;anonymous&gt;)
    at callAsyncCircusFn (C:\Users\New\AppData\Local\npm-cache\_npx\b8d86e6551a4f492\node_modules\jest-circus\build\jestAdapterInit.js:1499:10)
    at _callCircusHook (C:\Users\New\AppData\Local\npm-cache\_npx\b8d86e6551a4f492\node_modules\jest-circus\build\jestAdapterInit.js:978:40)
    at processTicksAndRejections (node:internal/process/task_queues:95:5)
    at _runTest (C:\Users\New\AppData\Local\npm-cache\_npx\b8d86e6551a4f492\node_modules\jest-circus\build\jestAdapterInit.js:943:5)
    at _runTestsForDescribeBlock (C:\Users\New\AppData\Local\npm-cache\_npx\b8d86e6551a4f492\node_modules\jest-circus\build\jestAdapterInit.js:839:13)
    at _runTestsForDescribeBlock (C:\Users\New\AppData\Local\npm-cache\_npx\b8d86e6551a4f492\node_modules\jest-circus\build\jestAdapterInit.js:829:11)
    at run (C:\Users\New\AppData\Local\npm-cache\_npx\b8d86e6551a4f492\node_modules\jest-circus\build\jestAdapterInit.js:757:3)
    at runAndTransformResultsToJestFormat (C:\Users\New\AppData\Local\npm-cache\_npx\b8d86e6551a4f492\node_modules\jest-circus\build\jestAdapterInit.js:1920:21)
    at jestAdapter (C:\Users\New\AppData\Local\npm-cache\_npx\b8d86e6551a4f492\node_modules\jest-circus\build\runner.js:101:19)
    at runTestInternal (C:\Users\New\AppData\Local\npm-cache\_npx\b8d86e6551a4f492\node_modules\jest-runner\build\testWorker.js:275:16)
    at runTest (C:\Users\New\AppData\Local\npm-cache\_npx\b8d86e6551a4f492\node_modules\jest-runner\build\testWorker.js:343:7)
    at Object.worker (C:\Users\New\AppData\Local\npm-cache\_npx\b8d86e6551a4f492\node_modules\jest-runner\build\testWorker.js:497:12)</failure>
    </testcase>
    <testcase classname="useRevisions hook handles errors when setting content" name="useRevisions hook handles errors when setting content" time="0.002">
      <failure>Error: Property `now` does not exist in the provided object
    at ModuleMocker.spyOn (D:\BlogPro\node_modules\jest-mock\build\index.js:593:13)
    at Object.spyOn (D:\BlogPro\client\src\plugins\texteditor\__tests__\useRevisions.test.ts:53:10)
    at Promise.finally.completed (C:\Users\New\AppData\Local\npm-cache\_npx\b8d86e6551a4f492\node_modules\jest-circus\build\jestAdapterInit.js:1559:28)
    at new Promise (&lt;anonymous&gt;)
    at callAsyncCircusFn (C:\Users\New\AppData\Local\npm-cache\_npx\b8d86e6551a4f492\node_modules\jest-circus\build\jestAdapterInit.js:1499:10)
    at _callCircusHook (C:\Users\New\AppData\Local\npm-cache\_npx\b8d86e6551a4f492\node_modules\jest-circus\build\jestAdapterInit.js:978:40)
    at processTicksAndRejections (node:internal/process/task_queues:95:5)
    at _runTest (C:\Users\New\AppData\Local\npm-cache\_npx\b8d86e6551a4f492\node_modules\jest-circus\build\jestAdapterInit.js:943:5)
    at _runTestsForDescribeBlock (C:\Users\New\AppData\Local\npm-cache\_npx\b8d86e6551a4f492\node_modules\jest-circus\build\jestAdapterInit.js:839:13)
    at _runTestsForDescribeBlock (C:\Users\New\AppData\Local\npm-cache\_npx\b8d86e6551a4f492\node_modules\jest-circus\build\jestAdapterInit.js:829:11)
    at run (C:\Users\New\AppData\Local\npm-cache\_npx\b8d86e6551a4f492\node_modules\jest-circus\build\jestAdapterInit.js:757:3)
    at runAndTransformResultsToJestFormat (C:\Users\New\AppData\Local\npm-cache\_npx\b8d86e6551a4f492\node_modules\jest-circus\build\jestAdapterInit.js:1920:21)
    at jestAdapter (C:\Users\New\AppData\Local\npm-cache\_npx\b8d86e6551a4f492\node_modules\jest-circus\build\runner.js:101:19)
    at runTestInternal (C:\Users\New\AppData\Local\npm-cache\_npx\b8d86e6551a4f492\node_modules\jest-runner\build\testWorker.js:275:16)
    at runTest (C:\Users\New\AppData\Local\npm-cache\_npx\b8d86e6551a4f492\node_modules\jest-runner\build\testWorker.js:343:7)
    at Object.worker (C:\Users\New\AppData\Local\npm-cache\_npx\b8d86e6551a4f492\node_modules\jest-runner\build\testWorker.js:497:12)</failure>
    </testcase>
  </testsuite>
  <testsuite name="EditorToolbar" errors="0" failures="0" skipped="0" timestamp="2025-07-23T23:39:44" time="3.294" tests="11">
    <testcase classname="EditorToolbar renders all toolbar buttons in desktop mode" name="EditorToolbar renders all toolbar buttons in desktop mode" time="0.379">
    </testcase>
    <testcase classname="EditorToolbar Mobile Mode renders mobile toolbar with fewer buttons and more options menu" name="EditorToolbar Mobile Mode renders mobile toolbar with fewer buttons and more options menu" time="0.018">
    </testcase>
    <testcase classname="EditorToolbar Mobile Mode opens mobile menu when more options button is clicked" name="EditorToolbar Mobile Mode opens mobile menu when more options button is clicked" time="0.258">
    </testcase>
    <testcase classname="EditorToolbar Mobile Mode handles orientation change in mobile mode" name="EditorToolbar Mobile Mode handles orientation change in mobile mode" time="0.016">
    </testcase>
    <testcase classname="EditorToolbar calls formatting functions when buttons are clicked" name="EditorToolbar calls formatting functions when buttons are clicked" time="0.222">
    </testcase>
    <testcase classname="EditorToolbar applies active styles to buttons based on activeFormats" name="EditorToolbar applies active styles to buttons based on activeFormats" time="0.058">
    </testcase>
    <testcase classname="EditorToolbar handles font size selection" name="EditorToolbar handles font size selection" time="0.108">
    </testcase>
    <testcase classname="EditorToolbar handles font family selection" name="EditorToolbar handles font family selection" time="0.082">
    </testcase>
    <testcase classname="EditorToolbar shows color picker when text color button is clicked" name="EditorToolbar shows color picker when text color button is clicked" time="0.024">
    </testcase>
    <testcase classname="EditorToolbar selects a color when color is clicked" name="EditorToolbar selects a color when color is clicked" time="0.131">
    </testcase>
    <testcase classname="EditorToolbar renders in dark mode" name="EditorToolbar renders in dark mode" time="0.135">
    </testcase>
  </testsuite>
  <testsuite name="EditorHeader" errors="0" failures="0" skipped="0" timestamp="2025-07-23T23:39:45" time="2.966" tests="5">
    <testcase classname="EditorHeader Rendering renders with default props" name="EditorHeader Rendering renders with default props" time="0.187">
    </testcase>
    <testcase classname="EditorHeader Rendering renders with custom title" name="EditorHeader Rendering renders with custom title" time="0.069">
    </testcase>
    <testcase classname="EditorHeader Rendering renders with auto-save status" name="EditorHeader Rendering renders with auto-save status" time="0.007">
    </testcase>
    <testcase classname="EditorHeader Rendering renders with modified status" name="EditorHeader Rendering renders with modified status" time="0.044">
    </testcase>
    <testcase classname="EditorHeader Interactions handles export button click" name="EditorHeader Interactions handles export button click" time="0.344">
    </testcase>
  </testsuite>
  <testsuite name="EditorSidebar" errors="0" failures="0" skipped="0" timestamp="2025-07-23T23:39:46" time="2.708" tests="4">
    <testcase classname="EditorSidebar Rendering renders with default props" name="EditorSidebar Rendering renders with default props" time="0.182">
    </testcase>
    <testcase classname="EditorSidebar Rendering renders with document outline" name="EditorSidebar Rendering renders with document outline" time="0.018">
    </testcase>
    <testcase classname="EditorSidebar Rendering renders with custom stats" name="EditorSidebar Rendering renders with custom stats" time="0.069">
    </testcase>
    <testcase classname="EditorSidebar Interactions handles outline item click" name="EditorSidebar Interactions handles outline item click" time="0.424">
    </testcase>
  </testsuite>
  <testsuite name="useSelectionFormatting hook" errors="0" failures="0" skipped="0" timestamp="2025-07-23T23:39:48" time="1.895" tests="13">
    <testcase classname="useSelectionFormatting hook returns empty formatting when no selection is provided" name="useSelectionFormatting hook returns empty formatting when no selection is provided" time="0.131">
    </testcase>
    <testcase classname="useSelectionFormatting hook returns common formatting attributes for selected text" name="useSelectionFormatting hook returns common formatting attributes for selected text" time="0.005">
    </testcase>
    <testcase classname="useSelectionFormatting hook returns mixed formatting when selection has different attributes" name="useSelectionFormatting hook returns mixed formatting when selection has different attributes" time="0.013">
    </testcase>
    <testcase classname="useSelectionFormatting hook returns font attributes when all characters have the same font" name="useSelectionFormatting hook returns font attributes when all characters have the same font" time="0.005">
    </testcase>
    <testcase classname="useSelectionFormatting hook returns undefined for font attributes when characters have different fonts" name="useSelectionFormatting hook returns undefined for font attributes when characters have different fonts" time="0.005">
    </testcase>
    <testcase classname="useSelectionFormatting hook handles empty paragraphs" name="useSelectionFormatting hook handles empty paragraphs" time="0.003">
    </testcase>
    <testcase classname="useSelectionFormatting hook handles selection across multiple paragraphs" name="useSelectionFormatting hook handles selection across multiple paragraphs" time="0.002">
    </testcase>
    <testcase classname="useSelectionFormatting hook returns empty object for empty selection" name="useSelectionFormatting hook returns empty object for empty selection" time="0.002">
    </testcase>
    <testcase classname="useSelectionFormatting hook returns formatting from character before cursor for collapsed selection" name="useSelectionFormatting hook returns formatting from character before cursor for collapsed selection" time="0.065">
    </testcase>
    <testcase classname="useSelectionFormatting hook returns empty formatting when cursor is at the beginning of paragraph" name="useSelectionFormatting hook returns empty formatting when cursor is at the beginning of paragraph" time="0.004">
    </testcase>
    <testcase classname="useSelectionFormatting hook handles non-existent paragraph index" name="useSelectionFormatting hook handles non-existent paragraph index" time="0.004">
    </testcase>
    <testcase classname="useSelectionFormatting hook handles selection with offset beyond paragraph length" name="useSelectionFormatting hook handles selection with offset beyond paragraph length" time="0.002">
    </testcase>
    <testcase classname="useSelectionFormatting hook handles multiple formatting attributes correctly" name="useSelectionFormatting hook handles multiple formatting attributes correctly" time="0.012">
    </testcase>
  </testsuite>
  <testsuite name="useEditorOptimization" errors="0" failures="0" skipped="0" timestamp="2025-07-23T23:39:48" time="1.866" tests="9">
    <testcase classname="useEditorOptimization Memoization memoizes document model" name="useEditorOptimization Memoization memoizes document model" time="0.118">
    </testcase>
    <testcase classname="useEditorOptimization Memoization optimizes rendering" name="useEditorOptimization Memoization optimizes rendering" time="0.021">
    </testcase>
    <testcase classname="useEditorOptimization Debouncing debounces updates" name="useEditorOptimization Debouncing debounces updates" time="0.122">
    </testcase>
    <testcase classname="useEditorOptimization Debouncing batches updates during debounce period" name="useEditorOptimization Debouncing batches updates during debounce period" time="0.007">
    </testcase>
    <testcase classname="useEditorOptimization Debouncing immediate updates when batchUpdates is false" name="useEditorOptimization Debouncing immediate updates when batchUpdates is false" time="0.004">
    </testcase>
    <testcase classname="useEditorOptimization Rendering Optimization shouldRerender returns true when content changes" name="useEditorOptimization Rendering Optimization shouldRerender returns true when content changes" time="0.003">
    </testcase>
    <testcase classname="useEditorOptimization Rendering Optimization shouldRerender returns true when selection changes" name="useEditorOptimization Rendering Optimization shouldRerender returns true when selection changes" time="0.004">
    </testcase>
    <testcase classname="useEditorOptimization Rendering Optimization shouldRerender returns false when only version changes" name="useEditorOptimization Rendering Optimization shouldRerender returns false when only version changes" time="0.005">
    </testcase>
    <testcase classname="useEditorOptimization Worker Support uses worker when enabled" name="useEditorOptimization Worker Support uses worker when enabled" time="0.122">
    </testcase>
  </testsuite>
</testsuites>